../App/Memory/W25Q_Memory.c:30:9:W25qxx_Spi	32	static
../App/Memory/W25Q_Memory.c:42:10:W25qxx_ReadID	16	static
../App/Memory/W25Q_Memory.c:63:6:W25qxx_ReadUniqID	24	static
../App/Memory/W25Q_Memory.c:79:6:W25qxx_WriteEnable	8	static
../App/Memory/W25Q_Memory.c:91:6:W25qxx_WriteDisable	8	static
../App/Memory/W25Q_Memory.c:106:9:W25qxx_ReadStatusRegister	24	static
../App/Memory/W25Q_Memory.c:139:6:W25qxx_WriteStatusRegister	16	static
../App/Memory/W25Q_Memory.c:166:6:W25qxx_WaitForWriteEnd	8	static
../App/Memory/W25Q_Memory.c:194:10:W25qxx_Check_Infomation	16	static
../App/Memory/W25Q_Memory.c:271:6:W25qxx_EraseChip	8	static
../App/Memory/W25Q_Memory.c:284:6:W25qxx_EraseBlock	16	static
../App/Memory/W25Q_Memory.c:308:10:W25qxx_PageToSector	16	static
../App/Memory/W25Q_Memory.c:312:10:W25qxx_PageToBlock	16	static
../App/Memory/W25Q_Memory.c:316:10:W25qxx_SectorToBlock	16	static
../App/Memory/W25Q_Memory.c:320:10:W25qxx_SectorToPage	16	static
../App/Memory/W25Q_Memory.c:324:10:W25qxx_BlockToPage	16	static
../App/Memory/W25Q_Memory.c:333:6:W25qxx_IsEmptyPage	72	static
../App/Memory/W25Q_Memory.c:399:6:W25qxx_IsEmptySector	72	static
../App/Memory/W25Q_Memory.c:465:6:W25qxx_IsEmptyBlock	72	static
../App/Memory/W25Q_Memory.c:533:6:W25qxx_WriteByte	16	static
../App/Memory/W25Q_Memory.c:559:6:W25qxx_WriteSector	40	static
../App/Memory/W25Q_Memory.c:592:6:W25qxx_WriteBlock	40	static
../App/Memory/W25Q_Memory.c:625:6:W25qxx_ReadByte	16	static
../App/Memory/W25Q_Memory.c:650:6:W25qxx_ReadBytes	24	static
../App/Memory/W25Q_Memory.c:675:6:W25qxx_ReadPage	24	static
../App/Memory/W25Q_Memory.c:706:6:W25qxx_ReadSector	40	static
../App/Memory/W25Q_Memory.c:748:6:W25qxx_ReadBlock	40	static
../App/Memory/W25Q_Memory.c:787:10:W25qxx_WritePage	24	static
../App/Memory/W25Q_Memory.c:841:10:W25qxx_EraseSector	16	static
