Archive member included to satisfy reference by file (symbol)

C:/ST/STM32CubeIDE_1.10.1/STM32CubeIDE/plugins/com.st.stm32cube.ide.mcu.externaltools.gnu-tools-for-stm32.12.3.rel1.win32_1.0.200.202406191623/tools/bin/../lib/gcc/arm-none-eabi/12.3.1/../../../../arm-none-eabi/lib/thumb/v7-m/nofp\libc_nano.a(libc_a-exit.o)
                              C:/ST/STM32CubeIDE_1.10.1/STM32CubeIDE/plugins/com.st.stm32cube.ide.mcu.externaltools.gnu-tools-for-stm32.12.3.rel1.win32_1.0.200.202406191623/tools/bin/../lib/gcc/arm-none-eabi/12.3.1/../../../../arm-none-eabi/lib/thumb/v7-m/nofp/crt0.o (exit)
C:/ST/STM32CubeIDE_1.10.1/STM32CubeIDE/plugins/com.st.stm32cube.ide.mcu.externaltools.gnu-tools-for-stm32.12.3.rel1.win32_1.0.200.202406191623/tools/bin/../lib/gcc/arm-none-eabi/12.3.1/../../../../arm-none-eabi/lib/thumb/v7-m/nofp\libc_nano.a(libc_a-malloc.o)
                              ./App/Common/average_filter.o (malloc)
C:/ST/STM32CubeIDE_1.10.1/STM32CubeIDE/plugins/com.st.stm32cube.ide.mcu.externaltools.gnu-tools-for-stm32.12.3.rel1.win32_1.0.200.202406191623/tools/bin/../lib/gcc/arm-none-eabi/12.3.1/../../../../arm-none-eabi/lib/thumb/v7-m/nofp\libc_nano.a(libc_a-mallocr.o)
                              C:/ST/STM32CubeIDE_1.10.1/STM32CubeIDE/plugins/com.st.stm32cube.ide.mcu.externaltools.gnu-tools-for-stm32.12.3.rel1.win32_1.0.200.202406191623/tools/bin/../lib/gcc/arm-none-eabi/12.3.1/../../../../arm-none-eabi/lib/thumb/v7-m/nofp\libc_nano.a(libc_a-malloc.o) (_malloc_r)
C:/ST/STM32CubeIDE_1.10.1/STM32CubeIDE/plugins/com.st.stm32cube.ide.mcu.externaltools.gnu-tools-for-stm32.12.3.rel1.win32_1.0.200.202406191623/tools/bin/../lib/gcc/arm-none-eabi/12.3.1/../../../../arm-none-eabi/lib/thumb/v7-m/nofp\libc_nano.a(libc_a-mlock.o)
                              C:/ST/STM32CubeIDE_1.10.1/STM32CubeIDE/plugins/com.st.stm32cube.ide.mcu.externaltools.gnu-tools-for-stm32.12.3.rel1.win32_1.0.200.202406191623/tools/bin/../lib/gcc/arm-none-eabi/12.3.1/../../../../arm-none-eabi/lib/thumb/v7-m/nofp\libc_nano.a(libc_a-mallocr.o) (__malloc_lock)
C:/ST/STM32CubeIDE_1.10.1/STM32CubeIDE/plugins/com.st.stm32cube.ide.mcu.externaltools.gnu-tools-for-stm32.12.3.rel1.win32_1.0.200.202406191623/tools/bin/../lib/gcc/arm-none-eabi/12.3.1/../../../../arm-none-eabi/lib/thumb/v7-m/nofp\libc_nano.a(libc_a-findfp.o)
                              C:/ST/STM32CubeIDE_1.10.1/STM32CubeIDE/plugins/com.st.stm32cube.ide.mcu.externaltools.gnu-tools-for-stm32.12.3.rel1.win32_1.0.200.202406191623/tools/bin/../lib/gcc/arm-none-eabi/12.3.1/../../../../arm-none-eabi/lib/thumb/v7-m/nofp\libc_nano.a(libc_a-exit.o) (__stdio_exit_handler)
C:/ST/STM32CubeIDE_1.10.1/STM32CubeIDE/plugins/com.st.stm32cube.ide.mcu.externaltools.gnu-tools-for-stm32.12.3.rel1.win32_1.0.200.202406191623/tools/bin/../lib/gcc/arm-none-eabi/12.3.1/../../../../arm-none-eabi/lib/thumb/v7-m/nofp\libc_nano.a(libc_a-fwalk.o)
                              C:/ST/STM32CubeIDE_1.10.1/STM32CubeIDE/plugins/com.st.stm32cube.ide.mcu.externaltools.gnu-tools-for-stm32.12.3.rel1.win32_1.0.200.202406191623/tools/bin/../lib/gcc/arm-none-eabi/12.3.1/../../../../arm-none-eabi/lib/thumb/v7-m/nofp\libc_nano.a(libc_a-findfp.o) (_fwalk_sglue)
C:/ST/STM32CubeIDE_1.10.1/STM32CubeIDE/plugins/com.st.stm32cube.ide.mcu.externaltools.gnu-tools-for-stm32.12.3.rel1.win32_1.0.200.202406191623/tools/bin/../lib/gcc/arm-none-eabi/12.3.1/../../../../arm-none-eabi/lib/thumb/v7-m/nofp\libc_nano.a(libc_a-stdio.o)
                              C:/ST/STM32CubeIDE_1.10.1/STM32CubeIDE/plugins/com.st.stm32cube.ide.mcu.externaltools.gnu-tools-for-stm32.12.3.rel1.win32_1.0.200.202406191623/tools/bin/../lib/gcc/arm-none-eabi/12.3.1/../../../../arm-none-eabi/lib/thumb/v7-m/nofp\libc_nano.a(libc_a-findfp.o) (__sread)
C:/ST/STM32CubeIDE_1.10.1/STM32CubeIDE/plugins/com.st.stm32cube.ide.mcu.externaltools.gnu-tools-for-stm32.12.3.rel1.win32_1.0.200.202406191623/tools/bin/../lib/gcc/arm-none-eabi/12.3.1/../../../../arm-none-eabi/lib/thumb/v7-m/nofp\libc_nano.a(libc_a-memset.o)
                              C:/ST/STM32CubeIDE_1.10.1/STM32CubeIDE/plugins/com.st.stm32cube.ide.mcu.externaltools.gnu-tools-for-stm32.12.3.rel1.win32_1.0.200.202406191623/tools/bin/../lib/gcc/arm-none-eabi/12.3.1/../../../../arm-none-eabi/lib/thumb/v7-m/nofp/crt0.o (memset)
C:/ST/STM32CubeIDE_1.10.1/STM32CubeIDE/plugins/com.st.stm32cube.ide.mcu.externaltools.gnu-tools-for-stm32.12.3.rel1.win32_1.0.200.202406191623/tools/bin/../lib/gcc/arm-none-eabi/12.3.1/../../../../arm-none-eabi/lib/thumb/v7-m/nofp\libc_nano.a(libc_a-closer.o)
                              C:/ST/STM32CubeIDE_1.10.1/STM32CubeIDE/plugins/com.st.stm32cube.ide.mcu.externaltools.gnu-tools-for-stm32.12.3.rel1.win32_1.0.200.202406191623/tools/bin/../lib/gcc/arm-none-eabi/12.3.1/../../../../arm-none-eabi/lib/thumb/v7-m/nofp\libc_nano.a(libc_a-stdio.o) (_close_r)
[...]
Memory Configuration

Name             Origin             Length             Attributes
RAM              0x20000000         0x00005000         xrw
FLASH            0x08000000         0x00010000         xr
*default*        0x00000000         0xffffffff

Linker script and memory map

LOAD C:/ST/STM32CubeIDE_1.10.1/STM32CubeIDE/plugins/com.st.stm32cube.ide.mcu.externaltools.gnu-tools-for-stm32.12.3.rel1.win32_1.0.200.202406191623/tools/bin/../lib/gcc/arm-none-eabi/12.3.1/thumb/v7-m/nofp/crti.o
LOAD C:/ST/STM32CubeIDE_1.10.1/STM32CubeIDE/plugins/com.st.stm32cube.ide.mcu.externaltools.gnu-tools-for-stm32.12.3.rel1.win32_1.0.200.202406191623/tools/bin/../lib/gcc/arm-none-eabi/12.3.1/thumb/v7-m/nofp/crtbegin.o
LOAD C:/ST/STM32CubeIDE_1.10.1/STM32CubeIDE/plugins/com.st.stm32cube.ide.mcu.externaltools.gnu-tools-for-stm32.12.3.rel1.win32_1.0.200.202406191623/tools/bin/../lib/gcc/arm-none-eabi/12.3.1/../../../../arm-none-eabi/lib/thumb/v7-m/nofp/crt0.o
LOAD ./App/Common/Utinity.o
LOAD ./App/Common/average_filter.o
LOAD ./App/Common/data_curve_linearization.o
LOAD ./App/Common/ringBuffer.o
LOAD ./App/Communicate/Communication.o
LOAD ./App/Measurement/Measurement.o
LOAD ./App/Memory/W25Q_Memory.o
LOAD ./App/ModbusRTU/CRC16.o
LOAD ./App/ModbusRTU/ModbusData.o
LOAD ./App/ModbusRTU/modbus_RTU.o
LOAD ./Core/Src/adc.o
LOAD ./Core/Src/dma.o
LOAD ./Core/Src/gpio.o
LOAD ./Core/Src/iwdg.o
LOAD ./Core/Src/main.o
LOAD ./Core/Src/spi.o
LOAD ./Core/Src/stm32f1xx_hal_msp.o
LOAD ./Core/Src/stm32f1xx_it.o
LOAD ./Core/Src/syscalls.o
LOAD ./Core/Src/sysmem.o
LOAD ./Core/Src/system_stm32f1xx.o
LOAD ./Core/Src/tim.o
LOAD ./Core/Src/usart.o
LOAD ./Core/Startup/startup_stm32f103c8tx.o
LOAD ./Drivers/STM32F1xx_HAL_Driver/Src/stm32f1xx_hal.o
LOAD ./Drivers/STM32F1xx_HAL_Driver/Src/stm32f1xx_hal_adc.o
LOAD ./Drivers/STM32F1xx_HAL_Driver/Src/stm32f1xx_hal_adc_ex.o
LOAD ./Drivers/STM32F1xx_HAL_Driver/Src/stm32f1xx_hal_cortex.o
LOAD ./Drivers/STM32F1xx_HAL_Driver/Src/stm32f1xx_hal_dma.o
LOAD ./Drivers/STM32F1xx_HAL_Driver/Src/stm32f1xx_hal_exti.o
LOAD ./Drivers/STM32F1xx_HAL_Driver/Src/stm32f1xx_hal_flash.o
LOAD ./Drivers/STM32F1xx_HAL_Driver/Src/stm32f1xx_hal_flash_ex.o
LOAD ./Drivers/STM32F1xx_HAL_Driver/Src/stm32f1xx_hal_gpio.o
LOAD ./Drivers/STM32F1xx_HAL_Driver/Src/stm32f1xx_hal_gpio_ex.o
LOAD ./Drivers/STM32F1xx_HAL_Driver/Src/stm32f1xx_hal_iwdg.o
LOAD ./Drivers/STM32F1xx_HAL_Driver/Src/stm32f1xx_hal_pcd.o
LOAD ./Drivers/STM32F1xx_HAL_Driver/Src/stm32f1xx_hal_pcd_ex.o
LOAD ./Drivers/STM32F1xx_HAL_Driver/Src/stm32f1xx_hal_pwr.o
LOAD ./Drivers/STM32F1xx_HAL_Driver/Src/stm32f1xx_hal_rcc.o
LOAD ./Drivers/STM32F1xx_HAL_Driver/Src/stm32f1xx_hal_rcc_ex.o
LOAD ./Drivers/STM32F1xx_HAL_Driver/Src/stm32f1xx_hal_spi.o
LOAD ./Drivers/STM32F1xx_HAL_Driver/Src/stm32f1xx_hal_tim.o
LOAD ./Drivers/STM32F1xx_HAL_Driver/Src/stm32f1xx_hal_tim_ex.o
LOAD ./Drivers/STM32F1xx_HAL_Driver/Src/stm32f1xx_hal_uart.o
LOAD ./Drivers/STM32F1xx_HAL_Driver/Src/stm32f1xx_ll_usb.o
LOAD ./Middlewares/ST/STM32_USB_Device_Library/Class/CDC/Src/usbd_cdc.o
LOAD ./Middlewares/ST/STM32_USB_Device_Library/Core/Src/usbd_core.o
LOAD ./Middlewares/ST/STM32_USB_Device_Library/Core/Src/usbd_ctlreq.o
LOAD ./Middlewares/ST/STM32_USB_Device_Library/Core/Src/usbd_ioreq.o
LOAD ./USB_DEVICE/App/usb_device.o
LOAD ./USB_DEVICE/App/usbd_cdc_if.o
LOAD ./USB_DEVICE/App/usbd_desc.o
LOAD ./USB_DEVICE/Target/usbd_conf.o
START GROUP
LOAD C:/ST/STM32CubeIDE_1.10.1/STM32CubeIDE/plugins/com.st.stm32cube.ide.mcu.externaltools.gnu-tools-for-stm32.12.3.rel1.win32_1.0.200.202406191623/tools/bin/../lib/gcc/arm-none-eabi/12.3.1/../../../../arm-none-eabi/lib/thumb/v7-m/nofp\libc_nano.a
LOAD C:/ST/STM32CubeIDE_1.10.1/STM32CubeIDE/plugins/com.st.stm32cube.ide.mcu.externaltools.gnu-tools-for-stm32.12.3.rel1.win32_1.0.200.202406191623/tools/bin/../lib/gcc/arm-none-eabi/12.3.1/../../../../arm-none-eabi/lib/thumb/v7-m/nofp\libm.a
END GROUP
START GROUP
LOAD C:/ST/STM32CubeIDE_1.10.1/STM32CubeIDE/plugins/com.st.stm32cube.ide.mcu.externaltools.gnu-tools-for-stm32.12.3.rel1.win32_1.0.200.202406191623/tools/bin/../lib/gcc/arm-none-eabi/12.3.1/thumb/v7-m/nofp\libgcc.a
LOAD C:/ST/STM32CubeIDE_1.10.1/STM32CubeIDE/plugins/com.st.stm32cube.ide.mcu.externaltools.gnu-tools-for-stm32.12.3.rel1.win32_1.0.200.202406191623/tools/bin/../lib/gcc/arm-none-eabi/12.3.1/../../../../arm-none-eabi/lib/thumb/v7-m/nofp\libc_nano.a
END GROUP
START GROUP
LOAD C:/ST/STM32CubeIDE_1.10.1/STM32CubeIDE/plugins/com.st.stm32cube.ide.mcu.externaltools.gnu-tools-for-stm32.12.3.rel1.win32_1.0.200.202406191623/tools/bin/../lib/gcc/arm-none-eabi/12.3.1/thumb/v7-m/nofp\libgcc.a
LOAD C:/ST/STM32CubeIDE_1.10.1/STM32CubeIDE/plugins/com.st.stm32cube.ide.mcu.externaltools.gnu-tools-for-stm32.12.3.rel1.win32_1.0.200.202406191623/tools/bin/../lib/gcc/arm-none-eabi/12.3.1/../../../../arm-none-eabi/lib/thumb/v7-m/nofp\libc_nano.a
LOAD C:/ST/STM32CubeIDE_1.10.1/STM32CubeIDE/plugins/com.st.stm32cube.ide.mcu.externaltools.gnu-tools-for-stm32.12.3.rel1.win32_1.0.200.202406191623/tools/bin/../lib/gcc/arm-none-eabi/12.3.1/../../../../arm-none-eabi/lib/thumb/v7-m/nofp\libnosys.a
END GROUP
START GROUP
LOAD C:/ST/STM32CubeIDE_1.10.1/STM32CubeIDE/plugins/com.st.stm32cube.ide.mcu.externaltools.gnu-tools-for-stm32.12.3.rel1.win32_1.0.200.202406191623/tools/bin/../lib/gcc/arm-none-eabi/12.3.1/thumb/v7-m/nofp\libgcc.a
LOAD C:/ST/STM32CubeIDE_1.10.1/STM32CubeIDE/plugins/com.st.stm32cube.ide.mcu.externaltools.gnu-tools-for-stm32.12.3.rel1.win32_1.0.200.202406191623/tools/bin/../lib/gcc/arm-none-eabi/12.3.1/../../../../arm-none-eabi/lib/thumb/v7-m/nofp\libc_nano.a
LOAD C:/ST/STM32CubeIDE_1.10.1/STM32CubeIDE/plugins/com.st.stm32cube.ide.mcu.externaltools.gnu-tools-for-stm32.12.3.rel1.win32_1.0.200.202406191623/tools/bin/../lib/gcc/arm-none-eabi/12.3.1/../../../../arm-none-eabi/lib/thumb/v7-m/nofp\libnosys.a
END GROUP
LOAD C:/ST/STM32CubeIDE_1.10.1/STM32CubeIDE/plugins/com.st.stm32cube.ide.mcu.externaltools.gnu-tools-for-stm32.12.3.rel1.win32_1.0.200.202406191623/tools/bin/../lib/gcc/arm-none-eabi/12.3.1/thumb/v7-m/nofp/crtend.o
LOAD C:/ST/STM32CubeIDE_1.10.1/STM32CubeIDE/plugins/com.st.stm32cube.ide.mcu.externaltools.gnu-tools-for-stm32.12.3.rel1.win32_1.0.200.202406191623/tools/bin/../lib/gcc/arm-none-eabi/12.3.1/thumb/v7-m/nofp/crtn.o
                0x20005000                        _estack = (ORIGIN (RAM) + LENGTH (RAM))
                0x00000200                        _Min_Heap_Size = 0x200
                0x00000400                        _Min_Stack_Size = 0x400

.isr_vector     0x08000000      0x10c
                0x08000000                        . = ALIGN (0x4)
 *(.isr_vector)
 .isr_vector    0x08000000      0x10c ./Core/Startup/startup_stm32f103c8tx.o
                0x08000000                g_pfnVectors
                0x0800010c                        . = ALIGN (0x4)

.text           0x0800010c     0xbe80
                0x0800010c                        . = ALIGN (0x4)
 *(.text)
 .text          0x0800010c       0x40 C:/ST/STM32CubeIDE_1.10.1/STM32CubeIDE/plugins/com.st.stm32cube.ide.mcu.externaltools.gnu-tools-for-stm32.12.3.rel1.win32_1.0.200.202406191623/tools/bin/../lib/gcc/arm-none-eabi/12.3.1/thumb/v7-m/nofp/crtbegin.o
 .text          0x0800014c      0x378 C:/ST/STM32CubeIDE_1.10.1/STM32CubeIDE/plugins/com.st.stm32cube.ide.mcu.externaltools.gnu-tools-for-stm32.12.3.rel1.win32_1.0.200.202406191623/tools/bin/../lib/gcc/arm-none-eabi/12.3.1/thumb/v7-m/nofp\libgcc.a(_arm_addsubdf3.o)
                0x0800014c                __aeabi_drsub
                0x08000154                __aeabi_dsub
                0x08000154                __subdf3
                0x08000158                __aeabi_dadd
                0x08000158                __adddf3
                0x080003d0                __floatunsidf
                0x080003d0                __aeabi_ui2d
                0x080003f0                __floatsidf
                0x080003f0                __aeabi_i2d
                0x08000414                __aeabi_f2d
                0x08000414                __extendsfdf2
                0x08000458                __floatundidf
                0x08000458                __aeabi_ul2d
                0x08000468                __floatdidf
                0x08000468                __aeabi_l2d
 .text          0x080004c4       0xa0 C:/ST/STM32CubeIDE_1.10.1/STM32CubeIDE/plugins/com.st.stm32cube.ide.mcu.externaltools.gnu-tools-for-stm32.12.3.rel1.win32_1.0.200.202406191623/tools/bin/../lib/gcc/arm-none-eabi/12.3.1/thumb/v7-m/nofp\libgcc.a(_arm_truncdfsf2.o)
                0x080004c4                __truncdfsf2
                0x080004c4                __aeabi_d2f
 .text          0x08000564      0x21c C:/ST/STM32CubeIDE_1.10.1/STM32CubeIDE/plugins/com.st.stm32cube.ide.mcu.externaltools.gnu-tools-for-stm32.12.3.rel1.win32_1.0.200.202406191623/tools/bin/../lib/gcc/arm-none-eabi/12.3.1/thumb/v7-m/nofp\libgcc.a(_arm_addsubsf3.o)
                0x08000564                __aeabi_frsub
                0x0800056c                __subsf3
                0x0800056c                __aeabi_fsub
                0x08000570                __aeabi_fadd
                0x08000570                __addsf3
                0x080006d0                __aeabi_ui2f
                0x080006d0                __floatunsisf
                0x080006d8                __aeabi_i2f
                0x080006d8                __floatsisf
                0x080006f4                __aeabi_ul2f
                0x080006f4                __floatundisf
                0x08000704                __aeabi_l2f
                0x08000704                __floatdisf
 .text          0x08000780      0x2a0 C:/ST/STM32CubeIDE_1.10.1/STM32CubeIDE/plugins/com.st.stm32cube.ide.mcu.externaltools.gnu-tools-for-stm32.12.3.rel1.win32_1.0.200.202406191623/tools/bin/../lib/gcc/arm-none-eabi/12.3.1/thumb/v7-m/nofp\libgcc.a(_arm_muldivsf3.o)
                0x08000780                __mulsf3
                0x08000780                __aeabi_fmul
                0x080008e8                __aeabi_fdiv
                0x080008e8                __divsf3
 .text          0x08000a20       0xec C:/ST/STM32CubeIDE_1.10.1/STM32CubeIDE/plugins/com.st.stm32cube.ide.mcu.externaltools.gnu-tools-for-stm32.12.3.rel1.win32_1.0.200.202406191623/tools/bin/../lib/gcc/arm-none-eabi/12.3.1/thumb/v7-m/nofp\libgcc.a(_arm_cmpsf2.o)
                0x08000a20                __gesf2
                0x08000a20                __gtsf2
                0x08000a28                __lesf2
                0x08000a28                __ltsf2
                0x08000a30                __nesf2
                0x08000a30                __eqsf2
                0x08000a30                __cmpsf2
                0x08000a90                __aeabi_cfrcmple
                0x08000a98                __aeabi_cfcmpeq
                0x08000a98                __aeabi_cfcmple
                0x08000aa8                __aeabi_fcmpeq
                0x08000abc                __aeabi_fcmplt
                0x08000ad0                __aeabi_fcmple
                0x08000ae4                __aeabi_fcmpge
                0x08000af8                __aeabi_fcmpgt
 *(.text*)
 .text.IO_init  0x08000b0c       0xa0 ./App/Common/Utinity.o
                0x08000b0c                IO_init
 .text.IO_set_output
                0x08000bac       0x58 ./App/Common/Utinity.o
                0x08000bac                IO_set_output
 .text.IO_get_ouput
                0x08000c04       0x50 ./App/Common/Utinity.o
                0x08000c04                IO_get_ouput
 .text.LED_task
                0x08000c54       0xd8 ./App/Common/Utinity.o
                0x08000c54                LED_task
 .text.WDT_task
                0x08000d2c       0xe0 ./App/Common/Utinity.o
                0x08000d2c                WDT_task
 .text.AVERAGE_FILTER_creat
                0x08000e0c       0x4e ./App/Common/average_filter.o
                0x08000e0c                AVERAGE_FILTER_creat
 .text.AVERAGE_FILTER_update
                0x08000e5a       0x8c ./App/Common/average_filter.o
                0x08000e5a                AVERAGE_FILTER_update
 .text.AVERAGE_FILTER_getAverageValue
                0x08000ee6       0x2a ./App/Common/average_filter.o
                0x08000ee6                AVERAGE_FILTER_getAverageValue
 .text.Linearization_data
                0x08000f10       0xfa ./App/Common/data_curve_linearization.o
                0x08000f10                Linearization_data
 .text.ringBuffer_creat
                0x0800100a       0x52 ./App/Common/ringBuffer.o
                0x0800100a                ringBuffer_creat
 .text.ringBuffer_write
                0x0800105c       0x9a ./App/Common/ringBuffer.o
                0x0800105c                ringBuffer_write
 .text.ringBuffer_read
                0x080010f6       0x68 ./App/Common/ringBuffer.o
                0x080010f6                ringBuffer_read
 .text.ringBuffer_getLength
                0x0800115e       0x40 ./App/Common/ringBuffer.o
                0x0800115e                ringBuffer_getLength
 *fill*         0x0800119e        0x2 
 .text.Comunication_init
                0x080011a0       0x1c ./App/Communicate/Communication.o
                0x080011a0                Comunication_init
 .text.USB_Reconnect
                0x080011bc       0x28 ./App/Communicate/Communication.o
                0x080011bc                USB_Reconnect
 .text.Modbus_service
                0x080011e4       0xb4 ./App/Communicate/Communication.o
                0x080011e4                Modbus_service
 .text.ModbusTask
                0x08001298       0x10 ./App/Communicate/Communication.o
                0x08001298                ModbusTask
 .text.ADC_init
                0x080012a8       0x64 ./App/Measurement/Measurement.o
                0x080012a8                ADC_init
 .text.ADC_cap_temp_vol
                0x0800130c       0x4c ./App/Measurement/Measurement.o
                0x0800130c                ADC_cap_temp_vol
 .text.get_board_temperature
                0x08001358       0x28 ./App/Measurement/Measurement.o
                0x08001358                get_board_temperature
 .text.get_DCIN_voltage
                0x08001380       0x3c ./App/Measurement/Measurement.o
                0x08001380                get_DCIN_voltage
 .text.get_mcu_temperature
                0x080013bc       0x6c ./App/Measurement/Measurement.o
                0x080013bc                get_mcu_temperature
 .text.ADC_measure
                0x08001428       0x30 ./App/Measurement/Measurement.o
                0x08001428                ADC_measure
 .text.W25qxx_Spi
                0x08001458       0x2c ./App/Memory/W25Q_Memory.o
                0x08001458                W25qxx_Spi
 .text.W25qxx_ReadID
                0x08001484       0x5c ./App/Memory/W25Q_Memory.o
                0x08001484                W25qxx_ReadID
 .text.W25qxx_ReadUniqID
                0x080014e0       0x6c ./App/Memory/W25Q_Memory.o
                0x080014e0                W25qxx_ReadUniqID
 .text.W25qxx_ReadStatusRegister
                0x0800154c       0x8c ./App/Memory/W25Q_Memory.o
                0x0800154c                W25qxx_ReadStatusRegister
 .text.W25qxx_Check_Infomation
                0x080015d8      0x174 ./App/Memory/W25Q_Memory.o
                0x080015d8                W25qxx_Check_Infomation
 .text.CRCCalc  0x0800174c       0x6c ./App/ModbusRTU/CRC16.o
                0x0800174c                CRCCalc
 .text.LoadConfigData
                0x080017b8       0xf4 ./App/ModbusRTU/ModbusData.o
                0x080017b8                LoadConfigData
 .text.ModbusData
                0x080018ac      0x124 ./App/ModbusRTU/ModbusData.o
                0x080018ac                ModbusData
 .text.Modbus_Process
                0x080019d0      0x170 ./App/ModbusRTU/modbus_RTU.o
                0x080019d0                Modbus_Process
 .text.Modbus_Uint2AnalogIn
                0x08001b40       0x3a ./App/ModbusRTU/modbus_RTU.o
                0x08001b40                Modbus_Uint2AnalogIn
 .text.Modbus_Float2AnalogIn
                0x08001b7a       0x3a ./App/ModbusRTU/modbus_RTU.o
                0x08001b7a                Modbus_Float2AnalogIn
 .text.Modbus_Exeption_Response
                0x08001bb4       0x36 ./App/ModbusRTU/modbus_RTU.o
                0x08001bb4                Modbus_Exeption_Response
 *fill*         0x08001bea        0x2 
 .text.Modbus_FC1_ReadCoilStatus
                0x08001bec      0x114 ./App/ModbusRTU/modbus_RTU.o
                0x08001bec                Modbus_FC1_ReadCoilStatus
 .text.Modbus_FC2_ReadDisceteInput
                0x08001d00      0x114 ./App/ModbusRTU/modbus_RTU.o
                0x08001d00                Modbus_FC2_ReadDisceteInput
 .text.Modbus_FC3_ReadHoldingReg
                0x08001e14       0xd4 ./App/ModbusRTU/modbus_RTU.o
                0x08001e14                Modbus_FC3_ReadHoldingReg
 .text.Modbus_FC4_ReadInputReg
                0x08001ee8       0xd4 ./App/ModbusRTU/modbus_RTU.o
                0x08001ee8                Modbus_FC4_ReadInputReg
 .text.Modbus_FC5_ForceSingleCoil
                0x08001fbc       0x9c ./App/ModbusRTU/modbus_RTU.o
                0x08001fbc                Modbus_FC5_ForceSingleCoil
 .text.Modbus_FC6_WriteSingleReg
                0x08002058       0x94 ./App/ModbusRTU/modbus_RTU.o
                0x08002058                Modbus_FC6_WriteSingleReg
 .text.Modbus_FC15_ForceMultiCoil
                0x080020ec       0xc4 ./App/ModbusRTU/modbus_RTU.o
                0x080020ec                Modbus_FC15_ForceMultiCoil
 .text.Modbus_FC16_WriteMultiReg
                0x080021b0       0xcc ./App/ModbusRTU/modbus_RTU.o
                0x080021b0                Modbus_FC16_WriteMultiReg
 .text.MX_ADC1_Init
                0x0800227c       0xb8 ./Core/Src/adc.o
                0x0800227c                MX_ADC1_Init
 .text.HAL_ADC_MspInit
                0x08002334       0xd4 ./Core/Src/adc.o
                0x08002334                HAL_ADC_MspInit
 .text.MX_DMA_Init
                0x08002408       0x3c ./Core/Src/dma.o
                0x08002408                MX_DMA_Init
 .text.MX_GPIO_Init
                0x08002444      0x134 ./Core/Src/gpio.o
                0x08002444                MX_GPIO_Init
 .text.MX_IWDG_Init
                0x08002578       0x34 ./Core/Src/iwdg.o
                0x08002578                MX_IWDG_Init
 .text.main     0x080025ac       0xe0 ./Core/Src/main.o
                0x080025ac                main
 .text.SystemClock_Config
                0x0800268c       0xbe ./Core/Src/main.o
                0x0800268c                SystemClock_Config
 *fill*         0x0800274a        0x2 
 .text.HAL_GPIO_EXTI_Callback
                0x0800274c       0x3c ./Core/Src/main.o
                0x0800274c                HAL_GPIO_EXTI_Callback
 .text.HAL_TIM_PeriodElapsedCallback
                0x08002788       0x58 ./Core/Src/main.o
                0x08002788                HAL_TIM_PeriodElapsedCallback
 .text.Error_Handler
                0x080027e0       0x1c ./Core/Src/main.o
                0x080027e0                Error_Handler
 .text.MX_SPI1_Init
                0x080027fc       0x6c ./Core/Src/spi.o
                0x080027fc                MX_SPI1_Init
 .text.HAL_SPI_MspInit
                0x08002868       0x94 ./Core/Src/spi.o
                0x08002868                HAL_SPI_MspInit
 .text.HAL_MspInit
                0x080028fc       0x64 ./Core/Src/stm32f1xx_hal_msp.o
                0x080028fc                HAL_MspInit
 .text.NMI_Handler
                0x08002960        0x8 ./Core/Src/stm32f1xx_it.o
                0x08002960                NMI_Handler
 .text.HardFault_Handler
                0x08002968        0xc ./Core/Src/stm32f1xx_it.o
                0x08002968                HardFault_Handler
 .text.MemManage_Handler
                0x08002974        0x8 ./Core/Src/stm32f1xx_it.o
                0x08002974                MemManage_Handler
 .text.BusFault_Handler
                0x0800297c        0xc ./Core/Src/stm32f1xx_it.o
                0x0800297c                BusFault_Handler
 .text.UsageFault_Handler
                0x08002988        0xc ./Core/Src/stm32f1xx_it.o
                0x08002988                UsageFault_Handler
 .text.SVC_Handler
                0x08002994        0xc ./Core/Src/stm32f1xx_it.o
                0x08002994                SVC_Handler
 .text.DebugMon_Handler
                0x080029a0        0xc ./Core/Src/stm32f1xx_it.o
                0x080029a0                DebugMon_Handler
 .text.PendSV_Handler
                0x080029ac        0xc ./Core/Src/stm32f1xx_it.o
                0x080029ac                PendSV_Handler
 .text.SysTick_Handler
                0x080029b8        0xc ./Core/Src/stm32f1xx_it.o
                0x080029b8                SysTick_Handler
 .text.DMA1_Channel1_IRQHandler
                0x080029c4       0x14 ./Core/Src/stm32f1xx_it.o
                0x080029c4                DMA1_Channel1_IRQHandler
 .text.USB_LP_CAN1_RX0_IRQHandler
                0x080029d8       0x14 ./Core/Src/stm32f1xx_it.o
                0x080029d8                USB_LP_CAN1_RX0_IRQHandler
 .text.EXTI9_5_IRQHandler
                0x080029ec       0x10 ./Core/Src/stm32f1xx_it.o
                0x080029ec                EXTI9_5_IRQHandler
 .text.TIM2_IRQHandler
                0x080029fc       0x14 ./Core/Src/stm32f1xx_it.o
                0x080029fc                TIM2_IRQHandler
 .text._sbrk    0x08002a10       0x6c ./Core/Src/sysmem.o
                0x08002a10                _sbrk
 .text.SystemInit
                0x08002a7c        0xc ./Core/Src/system_stm32f1xx.o
                0x08002a7c                SystemInit
 .text.MX_TIM2_Init
                0x08002a88       0x98 ./Core/Src/tim.o
                0x08002a88                MX_TIM2_Init
 .text.HAL_TIM_Base_MspInit
                0x08002b20       0x48 ./Core/Src/tim.o
                0x08002b20                HAL_TIM_Base_MspInit
 .text.MX_USART1_UART_Init
                0x08002b68       0x54 ./Core/Src/usart.o
                0x08002b68                MX_USART1_UART_Init
 .text.HAL_UART_MspInit
                0x08002bbc       0x98 ./Core/Src/usart.o
                0x08002bbc                HAL_UART_MspInit
 .text.Reset_Handler
                0x08002c54       0x48 ./Core/Startup/startup_stm32f103c8tx.o
                0x08002c54                Reset_Handler
 .text.Default_Handler
                0x08002c9c        0x2 ./Core/Startup/startup_stm32f103c8tx.o
                0x08002c9c                RTC_Alarm_IRQHandler
                0x08002c9c                EXTI2_IRQHandler
                0x08002c9c                TIM1_CC_IRQHandler
                0x08002c9c                PVD_IRQHandler
                0x08002c9c                EXTI3_IRQHandler
                0x08002c9c                EXTI0_IRQHandler
                0x08002c9c                I2C2_EV_IRQHandler
                0x08002c9c                ADC1_2_IRQHandler
                0x08002c9c                SPI1_IRQHandler
                0x08002c9c                TAMPER_IRQHandler
                0x08002c9c                DMA1_Channel4_IRQHandler
                0x08002c9c                USART3_IRQHandler
                0x08002c9c                RTC_IRQHandler
                0x08002c9c                DMA1_Channel7_IRQHandler
                0x08002c9c                CAN1_RX1_IRQHandler
                0x08002c9c                TIM4_IRQHandler
                0x08002c9c                I2C1_EV_IRQHandler
                0x08002c9c                DMA1_Channel6_IRQHandler
                0x08002c9c                TIM3_IRQHandler
                0x08002c9c                RCC_IRQHandler
                0x08002c9c                TIM1_TRG_COM_IRQHandler
                0x08002c9c                Default_Handler
                0x08002c9c                EXTI15_10_IRQHandler
                0x08002c9c                SPI2_IRQHandler
                0x08002c9c                DMA1_Channel5_IRQHandler
                0x08002c9c                EXTI4_IRQHandler
                0x08002c9c                USB_HP_CAN1_TX_IRQHandler
                0x08002c9c                DMA1_Channel3_IRQHandler
                0x08002c9c                TIM1_UP_IRQHandler
                0x08002c9c                WWDG_IRQHandler
                0x08002c9c                TIM1_BRK_IRQHandler
                0x08002c9c                EXTI1_IRQHandler
                0x08002c9c                USART2_IRQHandler
                0x08002c9c                I2C2_ER_IRQHandler
                0x08002c9c                DMA1_Channel2_IRQHandler
                0x08002c9c                CAN1_SCE_IRQHandler
                0x08002c9c                FLASH_IRQHandler
                0x08002c9c                USART1_IRQHandler
                0x08002c9c                I2C1_ER_IRQHandler
                0x08002c9c                USBWakeUp_IRQHandler
 *fill*         0x08002c9e        0x2 
 .text.HAL_Init
                0x08002ca0       0x2c ./Drivers/STM32F1xx_HAL_Driver/Src/stm32f1xx_hal.o
                0x08002ca0                HAL_Init
 .text.HAL_InitTick
                0x08002ccc       0x60 ./Drivers/STM32F1xx_HAL_Driver/Src/stm32f1xx_hal.o
                0x08002ccc                HAL_InitTick
 .text.HAL_IncTick
                0x08002d2c       0x24 ./Drivers/STM32F1xx_HAL_Driver/Src/stm32f1xx_hal.o
                0x08002d2c                HAL_IncTick
 .text.HAL_GetTick
                0x08002d50       0x14 ./Drivers/STM32F1xx_HAL_Driver/Src/stm32f1xx_hal.o
                0x08002d50                HAL_GetTick
 .text.HAL_Delay
                0x08002d64       0x48 ./Drivers/STM32F1xx_HAL_Driver/Src/stm32f1xx_hal.o
                0x08002d64                HAL_Delay
 .text.HAL_ADC_Init
                0x08002dac      0x1b0 ./Drivers/STM32F1xx_HAL_Driver/Src/stm32f1xx_hal_adc.o
                0x08002dac                HAL_ADC_Init
 .text.HAL_ADC_Start_DMA
                0x08002f5c      0x1bc ./Drivers/STM32F1xx_HAL_Driver/Src/stm32f1xx_hal_adc.o
                0x08002f5c                HAL_ADC_Start_DMA
 .text.HAL_ADC_ConvCpltCallback
                0x08003118       0x12 ./Drivers/STM32F1xx_HAL_Driver/Src/stm32f1xx_hal_adc.o
                0x08003118                HAL_ADC_ConvCpltCallback
 .text.HAL_ADC_ConvHalfCpltCallback
                0x0800312a       0x12 ./Drivers/STM32F1xx_HAL_Driver/Src/stm32f1xx_hal_adc.o
                0x0800312a                HAL_ADC_ConvHalfCpltCallback
 .text.HAL_ADC_ErrorCallback
                0x0800313c       0x12 ./Drivers/STM32F1xx_HAL_Driver/Src/stm32f1xx_hal_adc.o
                0x0800313c                HAL_ADC_ErrorCallback
 *fill*         0x0800314e        0x2 
 .text.HAL_ADC_ConfigChannel
                0x08003150      0x1f0 ./Drivers/STM32F1xx_HAL_Driver/Src/stm32f1xx_hal_adc.o
                0x08003150                HAL_ADC_ConfigChannel
 .text.ADC_Enable
                0x08003340       0xb4 ./Drivers/STM32F1xx_HAL_Driver/Src/stm32f1xx_hal_adc.o
                0x08003340                ADC_Enable
 .text.ADC_ConversionStop_Disable
                0x080033f4       0x82 ./Drivers/STM32F1xx_HAL_Driver/Src/stm32f1xx_hal_adc.o
                0x080033f4                ADC_ConversionStop_Disable
 .text.ADC_DMAConvCplt
                0x08003476       0x7c ./Drivers/STM32F1xx_HAL_Driver/Src/stm32f1xx_hal_adc.o
                0x08003476                ADC_DMAConvCplt
 .text.ADC_DMAHalfConvCplt
                0x080034f2       0x1c ./Drivers/STM32F1xx_HAL_Driver/Src/stm32f1xx_hal_adc.o
                0x080034f2                ADC_DMAHalfConvCplt
 .text.ADC_DMAError
                0x0800350e       0x34 ./Drivers/STM32F1xx_HAL_Driver/Src/stm32f1xx_hal_adc.o
                0x0800350e                ADC_DMAError
 *fill*         0x08003542        0x2 
 .text.HAL_ADCEx_Calibration_Start
                0x08003544      0x15c ./Drivers/STM32F1xx_HAL_Driver/Src/stm32f1xx_hal_adc_ex.o
                0x08003544                HAL_ADCEx_Calibration_Start
 .text.__NVIC_SetPriorityGrouping
                0x080036a0       0x48 ./Drivers/STM32F1xx_HAL_Driver/Src/stm32f1xx_hal_cortex.o
 .text.__NVIC_GetPriorityGrouping
                0x080036e8       0x1c ./Drivers/STM32F1xx_HAL_Driver/Src/stm32f1xx_hal_cortex.o
 .text.__NVIC_EnableIRQ
                0x08003704       0x38 ./Drivers/STM32F1xx_HAL_Driver/Src/stm32f1xx_hal_cortex.o
 .text.__NVIC_SetPriority
                0x0800373c       0x54 ./Drivers/STM32F1xx_HAL_Driver/Src/stm32f1xx_hal_cortex.o
 .text.NVIC_EncodePriority
                0x08003790       0x64 ./Drivers/STM32F1xx_HAL_Driver/Src/stm32f1xx_hal_cortex.o
 .text.SysTick_Config
                0x080037f4       0x44 ./Drivers/STM32F1xx_HAL_Driver/Src/stm32f1xx_hal_cortex.o
 .text.HAL_NVIC_SetPriorityGrouping
                0x08003838       0x16 ./Drivers/STM32F1xx_HAL_Driver/Src/stm32f1xx_hal_cortex.o
                0x08003838                HAL_NVIC_SetPriorityGrouping
 .text.HAL_NVIC_SetPriority
                0x0800384e       0x38 ./Drivers/STM32F1xx_HAL_Driver/Src/stm32f1xx_hal_cortex.o
                0x0800384e                HAL_NVIC_SetPriority
 .text.HAL_NVIC_EnableIRQ
                0x08003886       0x1c ./Drivers/STM32F1xx_HAL_Driver/Src/stm32f1xx_hal_cortex.o
                0x08003886                HAL_NVIC_EnableIRQ
 .text.HAL_SYSTICK_Config
                0x080038a2       0x18 ./Drivers/STM32F1xx_HAL_Driver/Src/stm32f1xx_hal_cortex.o
                0x080038a2                HAL_SYSTICK_Config
 *fill*         0x080038ba        0x2 
 .text.HAL_DMA_Init
                0x080038bc       0xb4 ./Drivers/STM32F1xx_HAL_Driver/Src/stm32f1xx_hal_dma.o
                0x080038bc                HAL_DMA_Init
 .text.HAL_DMA_Start_IT
                0x08003970       0xc0 ./Drivers/STM32F1xx_HAL_Driver/Src/stm32f1xx_hal_dma.o
                0x08003970                HAL_DMA_Start_IT
 .text.HAL_DMA_IRQHandler
                0x08003a30      0x20c ./Drivers/STM32F1xx_HAL_Driver/Src/stm32f1xx_hal_dma.o
                0x08003a30                HAL_DMA_IRQHandler
 .text.DMA_SetConfig
                0x08003c3c       0x5a ./Drivers/STM32F1xx_HAL_Driver/Src/stm32f1xx_hal_dma.o
 *fill*         0x08003c96        0x2 
 .text.HAL_GPIO_Init
                0x08003c98      0x308 ./Drivers/STM32F1xx_HAL_Driver/Src/stm32f1xx_hal_gpio.o
                0x08003c98                HAL_GPIO_Init
 .text.HAL_GPIO_ReadPin
                0x08003fa0       0x2e ./Drivers/STM32F1xx_HAL_Driver/Src/stm32f1xx_hal_gpio.o
                0x08003fa0                HAL_GPIO_ReadPin
 .text.HAL_GPIO_WritePin
                0x08003fce       0x30 ./Drivers/STM32F1xx_HAL_Driver/Src/stm32f1xx_hal_gpio.o
                0x08003fce                HAL_GPIO_WritePin
 .text.HAL_GPIO_TogglePin
                0x08003ffe       0x32 ./Drivers/STM32F1xx_HAL_Driver/Src/stm32f1xx_hal_gpio.o
                0x08003ffe                HAL_GPIO_TogglePin
 .text.HAL_GPIO_EXTI_IRQHandler
                0x08004030       0x30 ./Drivers/STM32F1xx_HAL_Driver/Src/stm32f1xx_hal_gpio.o
                0x08004030                HAL_GPIO_EXTI_IRQHandler
 .text.HAL_IWDG_Init
                0x08004060       0x88 ./Drivers/STM32F1xx_HAL_Driver/Src/stm32f1xx_hal_iwdg.o
                0x08004060                HAL_IWDG_Init
 .text.HAL_IWDG_Refresh
                0x080040e8       0x1e ./Drivers/STM32F1xx_HAL_Driver/Src/stm32f1xx_hal_iwdg.o
                0x080040e8                HAL_IWDG_Refresh
 .text.HAL_PCD_Init
                0x08004106      0x1ec ./Drivers/STM32F1xx_HAL_Driver/Src/stm32f1xx_hal_pcd.o
                0x08004106                HAL_PCD_Init
 .text.HAL_PCD_Start
                0x080042f2       0x4c ./Drivers/STM32F1xx_HAL_Driver/Src/stm32f1xx_hal_pcd.o
                0x080042f2                HAL_PCD_Start
 .text.HAL_PCD_IRQHandler
                0x0800433e      0x260 ./Drivers/STM32F1xx_HAL_Driver/Src/stm32f1xx_hal_pcd.o
                0x0800433e                HAL_PCD_IRQHandler
 .text.HAL_PCD_SetAddress
                0x0800459e       0x48 ./Drivers/STM32F1xx_HAL_Driver/Src/stm32f1xx_hal_pcd.o
                0x0800459e                HAL_PCD_SetAddress
 .text.HAL_PCD_EP_Open
                0x080045e6       0xba ./Drivers/STM32F1xx_HAL_Driver/Src/stm32f1xx_hal_pcd.o
                0x080045e6                HAL_PCD_EP_Open
 .text.HAL_PCD_EP_Close
                0x080046a0       0x90 ./Drivers/STM32F1xx_HAL_Driver/Src/stm32f1xx_hal_pcd.o
                0x080046a0                HAL_PCD_EP_Close
 .text.HAL_PCD_EP_Receive
                0x08004730       0x62 ./Drivers/STM32F1xx_HAL_Driver/Src/stm32f1xx_hal_pcd.o
                0x08004730                HAL_PCD_EP_Receive
 .text.HAL_PCD_EP_GetRxCount
                0x08004792       0x2e ./Drivers/STM32F1xx_HAL_Driver/Src/stm32f1xx_hal_pcd.o
                0x08004792                HAL_PCD_EP_GetRxCount
 .text.HAL_PCD_EP_Transmit
                0x080047c0       0x6e ./Drivers/STM32F1xx_HAL_Driver/Src/stm32f1xx_hal_pcd.o
                0x080047c0                HAL_PCD_EP_Transmit
 .text.HAL_PCD_EP_SetStall
                0x0800482e       0xc0 ./Drivers/STM32F1xx_HAL_Driver/Src/stm32f1xx_hal_pcd.o
                0x0800482e                HAL_PCD_EP_SetStall
 .text.HAL_PCD_EP_ClrStall
                0x080048ee       0xa8 ./Drivers/STM32F1xx_HAL_Driver/Src/stm32f1xx_hal_pcd.o
                0x080048ee                HAL_PCD_EP_ClrStall
 .text.PCD_EP_ISR_Handler
                0x08004996      0x79e ./Drivers/STM32F1xx_HAL_Driver/Src/stm32f1xx_hal_pcd.o
 .text.HAL_PCD_EP_DB_Receive
                0x08005134      0x21a ./Drivers/STM32F1xx_HAL_Driver/Src/stm32f1xx_hal_pcd.o
 .text.HAL_PCD_EP_DB_Transmit
                0x0800534e      0x7f4 ./Drivers/STM32F1xx_HAL_Driver/Src/stm32f1xx_hal_pcd.o
 .text.HAL_PCDEx_PMAConfig
                0x08005b42       0x84 ./Drivers/STM32F1xx_HAL_Driver/Src/stm32f1xx_hal_pcd_ex.o
                0x08005b42                HAL_PCDEx_PMAConfig
 *fill*         0x08005bc6        0x2 
 .text.HAL_RCC_OscConfig
                0x08005bc8      0x504 ./Drivers/STM32F1xx_HAL_Driver/Src/stm32f1xx_hal_rcc.o
                0x08005bc8                HAL_RCC_OscConfig
 .text.HAL_RCC_ClockConfig
                0x080060cc      0x1d4 ./Drivers/STM32F1xx_HAL_Driver/Src/stm32f1xx_hal_rcc.o
                0x080060cc                HAL_RCC_ClockConfig
 .text.HAL_RCC_GetSysClockFreq
                0x080062a0       0xac ./Drivers/STM32F1xx_HAL_Driver/Src/stm32f1xx_hal_rcc.o
                0x080062a0                HAL_RCC_GetSysClockFreq
 .text.HAL_RCC_GetHCLKFreq
                0x0800634c       0x14 ./Drivers/STM32F1xx_HAL_Driver/Src/stm32f1xx_hal_rcc.o
                0x0800634c                HAL_RCC_GetHCLKFreq
 .text.HAL_RCC_GetPCLK1Freq
                0x08006360       0x28 ./Drivers/STM32F1xx_HAL_Driver/Src/stm32f1xx_hal_rcc.o
                0x08006360                HAL_RCC_GetPCLK1Freq
 .text.HAL_RCC_GetPCLK2Freq
                0x08006388       0x28 ./Drivers/STM32F1xx_HAL_Driver/Src/stm32f1xx_hal_rcc.o
                0x08006388                HAL_RCC_GetPCLK2Freq
 .text.RCC_Delay
                0x080063b0       0x3c ./Drivers/STM32F1xx_HAL_Driver/Src/stm32f1xx_hal_rcc.o
 .text.HAL_RCCEx_PeriphCLKConfig
                0x080063ec      0x16c ./Drivers/STM32F1xx_HAL_Driver/Src/stm32f1xx_hal_rcc_ex.o
                0x080063ec                HAL_RCCEx_PeriphCLKConfig
 .text.HAL_RCCEx_GetPeriphCLKFreq
                0x08006558      0x16c ./Drivers/STM32F1xx_HAL_Driver/Src/stm32f1xx_hal_rcc_ex.o
                0x08006558                HAL_RCCEx_GetPeriphCLKFreq
 .text.HAL_SPI_Init
                0x080066c4      0x108 ./Drivers/STM32F1xx_HAL_Driver/Src/stm32f1xx_hal_spi.o
                0x080066c4                HAL_SPI_Init
 .text.HAL_SPI_TransmitReceive
                0x080067cc      0x352 ./Drivers/STM32F1xx_HAL_Driver/Src/stm32f1xx_hal_spi.o
                0x080067cc                HAL_SPI_TransmitReceive
 *fill*         0x08006b1e        0x2 
 .text.SPI_WaitFlagStateUntilTimeout
                0x08006b20      0x110 ./Drivers/STM32F1xx_HAL_Driver/Src/stm32f1xx_hal_spi.o
 .text.SPI_EndRxTxTransaction
                0x08006c30       0x62 ./Drivers/STM32F1xx_HAL_Driver/Src/stm32f1xx_hal_spi.o
 .text.HAL_TIM_Base_Init
                0x08006c92       0x9e ./Drivers/STM32F1xx_HAL_Driver/Src/stm32f1xx_hal_tim.o
                0x08006c92                HAL_TIM_Base_Init
 .text.HAL_TIM_Base_Start_IT
                0x08006d30       0xa4 ./Drivers/STM32F1xx_HAL_Driver/Src/stm32f1xx_hal_tim.o
                0x08006d30                HAL_TIM_Base_Start_IT
 .text.HAL_TIM_IRQHandler
                0x08006dd4      0x1e0 ./Drivers/STM32F1xx_HAL_Driver/Src/stm32f1xx_hal_tim.o
                0x08006dd4                HAL_TIM_IRQHandler
 .text.HAL_TIM_ConfigClockSource
                0x08006fb4      0x18e ./Drivers/STM32F1xx_HAL_Driver/Src/stm32f1xx_hal_tim.o
                0x08006fb4                HAL_TIM_ConfigClockSource
 .text.HAL_TIM_OC_DelayElapsedCallback
                0x08007142       0x12 ./Drivers/STM32F1xx_HAL_Driver/Src/stm32f1xx_hal_tim.o
                0x08007142                HAL_TIM_OC_DelayElapsedCallback
 .text.HAL_TIM_IC_CaptureCallback
                0x08007154       0x12 ./Drivers/STM32F1xx_HAL_Driver/Src/stm32f1xx_hal_tim.o
                0x08007154                HAL_TIM_IC_CaptureCallback
 .text.HAL_TIM_PWM_PulseFinishedCallback
                0x08007166       0x12 ./Drivers/STM32F1xx_HAL_Driver/Src/stm32f1xx_hal_tim.o
                0x08007166                HAL_TIM_PWM_PulseFinishedCallback
 .text.HAL_TIM_TriggerCallback
                0x08007178       0x12 ./Drivers/STM32F1xx_HAL_Driver/Src/stm32f1xx_hal_tim.o
                0x08007178                HAL_TIM_TriggerCallback
 *fill*         0x0800718a        0x2 
 .text.TIM_Base_SetConfig
                0x0800718c       0xdc ./Drivers/STM32F1xx_HAL_Driver/Src/stm32f1xx_hal_tim.o
                0x0800718c                TIM_Base_SetConfig
 .text.TIM_TI1_ConfigInputStage
                0x08007268       0x5c ./Drivers/STM32F1xx_HAL_Driver/Src/stm32f1xx_hal_tim.o
 .text.TIM_TI2_ConfigInputStage
                0x080072c4       0x5e ./Drivers/STM32F1xx_HAL_Driver/Src/stm32f1xx_hal_tim.o
 .text.TIM_ITRx_SetConfig
                0x08007322       0x34 ./Drivers/STM32F1xx_HAL_Driver/Src/stm32f1xx_hal_tim.o
 .text.TIM_ETR_SetConfig
                0x08007356       0x3e ./Drivers/STM32F1xx_HAL_Driver/Src/stm32f1xx_hal_tim.o
                0x08007356                TIM_ETR_SetConfig
 .text.HAL_TIMEx_MasterConfigSynchronization
                0x08007394       0xbc ./Drivers/STM32F1xx_HAL_Driver/Src/stm32f1xx_hal_tim_ex.o
                0x08007394                HAL_TIMEx_MasterConfigSynchronization
 .text.HAL_TIMEx_CommutCallback
                0x08007450       0x12 ./Drivers/STM32F1xx_HAL_Driver/Src/stm32f1xx_hal_tim_ex.o
                0x08007450                HAL_TIMEx_CommutCallback
 .text.HAL_TIMEx_BreakCallback
                0x08007462       0x12 ./Drivers/STM32F1xx_HAL_Driver/Src/stm32f1xx_hal_tim_ex.o
                0x08007462                HAL_TIMEx_BreakCallback
 .text.HAL_UART_Init
                0x08007474       0xa0 ./Drivers/STM32F1xx_HAL_Driver/Src/stm32f1xx_hal_uart.o
                0x08007474                HAL_UART_Init
 .text.UART_SetConfig
                0x08007514      0x11c ./Drivers/STM32F1xx_HAL_Driver/Src/stm32f1xx_hal_uart.o
 .text.USB_CoreInit
                0x08007630       0x1a ./Drivers/STM32F1xx_HAL_Driver/Src/stm32f1xx_ll_usb.o
                0x08007630                USB_CoreInit
 .text.USB_EnableGlobalInt
                0x0800764a       0x2c ./Drivers/STM32F1xx_HAL_Driver/Src/stm32f1xx_ll_usb.o
                0x0800764a                USB_EnableGlobalInt
 .text.USB_DisableGlobalInt
                0x08007676       0x34 ./Drivers/STM32F1xx_HAL_Driver/Src/stm32f1xx_ll_usb.o
                0x08007676                USB_DisableGlobalInt
 .text.USB_SetCurrentMode
                0x080076aa       0x18 ./Drivers/STM32F1xx_HAL_Driver/Src/stm32f1xx_ll_usb.o
                0x080076aa                USB_SetCurrentMode
 .text.USB_DevInit
                0x080076c2       0x3a ./Drivers/STM32F1xx_HAL_Driver/Src/stm32f1xx_ll_usb.o
                0x080076c2                USB_DevInit
 .text.USB_ActivateEndpoint
                0x080076fc      0x780 ./Drivers/STM32F1xx_HAL_Driver/Src/stm32f1xx_ll_usb.o
                0x080076fc                USB_ActivateEndpoint
 .text.USB_DeactivateEndpoint
                0x08007e7c      0x3d8 ./Drivers/STM32F1xx_HAL_Driver/Src/stm32f1xx_ll_usb.o
                0x08007e7c                USB_DeactivateEndpoint
 .text.USB_EPStartXfer
                0x08008254     0x1762 ./Drivers/STM32F1xx_HAL_Driver/Src/stm32f1xx_ll_usb.o
                0x08008254                USB_EPStartXfer
 .text.USB_EPSetStall
                0x080099b6       0xa0 ./Drivers/STM32F1xx_HAL_Driver/Src/stm32f1xx_ll_usb.o
                0x080099b6                USB_EPSetStall
 .text.USB_EPClearStall
                0x08009a56      0x15a ./Drivers/STM32F1xx_HAL_Driver/Src/stm32f1xx_ll_usb.o
                0x08009a56                USB_EPClearStall
 .text.USB_SetDevAddress
                0x08009bb0       0x26 ./Drivers/STM32F1xx_HAL_Driver/Src/stm32f1xx_ll_usb.o
                0x08009bb0                USB_SetDevAddress
 .text.USB_DevConnect
                0x08009bd6       0x14 ./Drivers/STM32F1xx_HAL_Driver/Src/stm32f1xx_ll_usb.o
                0x08009bd6                USB_DevConnect
 .text.USB_DevDisconnect
                0x08009bea       0x14 ./Drivers/STM32F1xx_HAL_Driver/Src/stm32f1xx_ll_usb.o
                0x08009bea                USB_DevDisconnect
 .text.USB_ReadInterrupts
                0x08009bfe       0x1e ./Drivers/STM32F1xx_HAL_Driver/Src/stm32f1xx_ll_usb.o
                0x08009bfe                USB_ReadInterrupts
 .text.USB_EP0_OutStart
                0x08009c1c       0x16 ./Drivers/STM32F1xx_HAL_Driver/Src/stm32f1xx_ll_usb.o
                0x08009c1c                USB_EP0_OutStart
 .text.USB_WritePMA
                0x08009c32       0x8a ./Drivers/STM32F1xx_HAL_Driver/Src/stm32f1xx_ll_usb.o
                0x08009c32                USB_WritePMA
 .text.USB_ReadPMA
                0x08009cbc       0x9e ./Drivers/STM32F1xx_HAL_Driver/Src/stm32f1xx_ll_usb.o
                0x08009cbc                USB_ReadPMA
 .text.USBD_CDC_Init
                0x08009d5a       0xf4 ./Middlewares/ST/STM32_USB_Device_Library/Class/CDC/Src/usbd_cdc.o
 .text.USBD_CDC_DeInit
                0x08009e4e       0x6e ./Middlewares/ST/STM32_USB_Device_Library/Class/CDC/Src/usbd_cdc.o
 .text.USBD_CDC_Setup
                0x08009ebc      0x146 ./Middlewares/ST/STM32_USB_Device_Library/Class/CDC/Src/usbd_cdc.o
 .text.USBD_CDC_DataIn
                0x0800a002       0xa6 ./Middlewares/ST/STM32_USB_Device_Library/Class/CDC/Src/usbd_cdc.o
 .text.USBD_CDC_DataOut
                0x0800a0a8       0x56 ./Middlewares/ST/STM32_USB_Device_Library/Class/CDC/Src/usbd_cdc.o
 .text.USBD_CDC_EP0_RxReady
                0x0800a0fe       0x4e ./Middlewares/ST/STM32_USB_Device_Library/Class/CDC/Src/usbd_cdc.o
 .text.USBD_CDC_GetFSCfgDesc
                0x0800a14c       0x20 ./Middlewares/ST/STM32_USB_Device_Library/Class/CDC/Src/usbd_cdc.o
 .text.USBD_CDC_GetHSCfgDesc
                0x0800a16c       0x20 ./Middlewares/ST/STM32_USB_Device_Library/Class/CDC/Src/usbd_cdc.o
 .text.USBD_CDC_GetOtherSpeedCfgDesc
                0x0800a18c       0x20 ./Middlewares/ST/STM32_USB_Device_Library/Class/CDC/Src/usbd_cdc.o
 .text.USBD_CDC_GetDeviceQualifierDescriptor
                0x0800a1ac       0x20 ./Middlewares/ST/STM32_USB_Device_Library/Class/CDC/Src/usbd_cdc.o
                0x0800a1ac                USBD_CDC_GetDeviceQualifierDescriptor
 .text.USBD_CDC_RegisterInterface
                0x0800a1cc       0x2c ./Middlewares/ST/STM32_USB_Device_Library/Class/CDC/Src/usbd_cdc.o
                0x0800a1cc                USBD_CDC_RegisterInterface
 .text.USBD_CDC_SetTxBuffer
                0x0800a1f8       0x32 ./Middlewares/ST/STM32_USB_Device_Library/Class/CDC/Src/usbd_cdc.o
                0x0800a1f8                USBD_CDC_SetTxBuffer
 .text.USBD_CDC_SetRxBuffer
                0x0800a22a       0x26 ./Middlewares/ST/STM32_USB_Device_Library/Class/CDC/Src/usbd_cdc.o
                0x0800a22a                USBD_CDC_SetRxBuffer
 .text.USBD_CDC_TransmitPacket
                0x0800a250       0x5e ./Middlewares/ST/STM32_USB_Device_Library/Class/CDC/Src/usbd_cdc.o
                0x0800a250                USBD_CDC_TransmitPacket
 .text.USBD_CDC_ReceivePacket
                0x0800a2ae       0x54 ./Middlewares/ST/STM32_USB_Device_Library/Class/CDC/Src/usbd_cdc.o
                0x0800a2ae                USBD_CDC_ReceivePacket
 .text.USBD_Init
                0x0800a302       0x56 ./Middlewares/ST/STM32_USB_Device_Library/Core/Src/usbd_core.o
                0x0800a302                USBD_Init
 .text.USBD_RegisterClass
                0x0800a358       0x32 ./Middlewares/ST/STM32_USB_Device_Library/Core/Src/usbd_core.o
                0x0800a358                USBD_RegisterClass
 .text.USBD_Start
                0x0800a38a       0x18 ./Middlewares/ST/STM32_USB_Device_Library/Core/Src/usbd_core.o
                0x0800a38a                USBD_Start
 .text.USBD_RunTestMode
                0x0800a3a2       0x14 ./Middlewares/ST/STM32_USB_Device_Library/Core/Src/usbd_core.o
                0x0800a3a2                USBD_RunTestMode
 .text.USBD_SetClassConfig
                0x0800a3b6       0x3e ./Middlewares/ST/STM32_USB_Device_Library/Core/Src/usbd_core.o
                0x0800a3b6                USBD_SetClassConfig
 .text.USBD_ClrClassConfig
                0x0800a3f4       0x26 ./Middlewares/ST/STM32_USB_Device_Library/Core/Src/usbd_core.o
                0x0800a3f4                USBD_ClrClassConfig
 .text.USBD_LL_SetupStage
                0x0800a41a       0x9a ./Middlewares/ST/STM32_USB_Device_Library/Core/Src/usbd_core.o
                0x0800a41a                USBD_LL_SetupStage
 .text.USBD_LL_DataOutStage
                0x0800a4b4       0xe2 ./Middlewares/ST/STM32_USB_Device_Library/Core/Src/usbd_core.o
                0x0800a4b4                USBD_LL_DataOutStage
 .text.USBD_LL_DataInStage
                0x0800a596      0x14a ./Middlewares/ST/STM32_USB_Device_Library/Core/Src/usbd_core.o
                0x0800a596                USBD_LL_DataInStage
 .text.USBD_LL_Reset
                0x0800a6e0       0x82 ./Middlewares/ST/STM32_USB_Device_Library/Core/Src/usbd_core.o
                0x0800a6e0                USBD_LL_Reset
 .text.USBD_LL_SetSpeed
                0x0800a762       0x1e ./Middlewares/ST/STM32_USB_Device_Library/Core/Src/usbd_core.o
                0x0800a762                USBD_LL_SetSpeed
 .text.USBD_LL_Suspend
                0x0800a780       0x28 ./Middlewares/ST/STM32_USB_Device_Library/Core/Src/usbd_core.o
                0x0800a780                USBD_LL_Suspend
 .text.USBD_LL_Resume
                0x0800a7a8       0x2a ./Middlewares/ST/STM32_USB_Device_Library/Core/Src/usbd_core.o
                0x0800a7a8                USBD_LL_Resume
 .text.USBD_LL_SOF
                0x0800a7d2       0x34 ./Middlewares/ST/STM32_USB_Device_Library/Core/Src/usbd_core.o
                0x0800a7d2                USBD_LL_SOF
 *fill*         0x0800a806        0x2 
 .text.USBD_StdDevReq
                0x0800a808       0xd4 ./Middlewares/ST/STM32_USB_Device_Library/Core/Src/usbd_ctlreq.o
                0x0800a808                USBD_StdDevReq
 .text.USBD_StdItfReq
                0x0800a8dc       0x90 ./Middlewares/ST/STM32_USB_Device_Library/Core/Src/usbd_ctlreq.o
                0x0800a8dc                USBD_StdItfReq
 .text.USBD_StdEPReq
                0x0800a96c      0x2c6 ./Middlewares/ST/STM32_USB_Device_Library/Core/Src/usbd_ctlreq.o
                0x0800a96c                USBD_StdEPReq
 *fill*         0x0800ac32        0x2 
 .text.USBD_GetDescriptor
                0x0800ac34      0x2d0 ./Middlewares/ST/STM32_USB_Device_Library/Core/Src/usbd_ctlreq.o
 .text.USBD_SetAddress
                0x0800af04       0x86 ./Middlewares/ST/STM32_USB_Device_Library/Core/Src/usbd_ctlreq.o
 *fill*         0x0800af8a        0x2 
 .text.USBD_SetConfig
                0x0800af8c      0x11c ./Middlewares/ST/STM32_USB_Device_Library/Core/Src/usbd_ctlreq.o
 .text.USBD_GetConfig
                0x0800b0a8       0x6a ./Middlewares/ST/STM32_USB_Device_Library/Core/Src/usbd_ctlreq.o
 .text.USBD_GetStatus
                0x0800b112       0x66 ./Middlewares/ST/STM32_USB_Device_Library/Core/Src/usbd_ctlreq.o
 .text.USBD_SetFeature
                0x0800b178       0x28 ./Middlewares/ST/STM32_USB_Device_Library/Core/Src/usbd_ctlreq.o
 .text.USBD_ClrFeature
                0x0800b1a0       0x42 ./Middlewares/ST/STM32_USB_Device_Library/Core/Src/usbd_ctlreq.o
 .text.USBD_ParseSetupRequest
                0x0800b1e2       0x72 ./Middlewares/ST/STM32_USB_Device_Library/Core/Src/usbd_ctlreq.o
                0x0800b1e2                USBD_ParseSetupRequest
 .text.USBD_CtlError
                0x0800b254       0x22 ./Middlewares/ST/STM32_USB_Device_Library/Core/Src/usbd_ctlreq.o
                0x0800b254                USBD_CtlError
 .text.USBD_GetString
                0x0800b276       0x84 ./Middlewares/ST/STM32_USB_Device_Library/Core/Src/usbd_ctlreq.o
                0x0800b276                USBD_GetString
 .text.USBD_GetLen
                0x0800b2fa       0x2e ./Middlewares/ST/STM32_USB_Device_Library/Core/Src/usbd_ctlreq.o
 .text.USBD_CtlSendData
                0x0800b328       0x38 ./Middlewares/ST/STM32_USB_Device_Library/Core/Src/usbd_ioreq.o
                0x0800b328                USBD_CtlSendData
 .text.USBD_CtlContinueSendData
                0x0800b360       0x24 ./Middlewares/ST/STM32_USB_Device_Library/Core/Src/usbd_ioreq.o
                0x0800b360                USBD_CtlContinueSendData
 .text.USBD_CtlPrepareRx
                0x0800b384       0x3c ./Middlewares/ST/STM32_USB_Device_Library/Core/Src/usbd_ioreq.o
                0x0800b384                USBD_CtlPrepareRx
 .text.USBD_CtlContinueRx
                0x0800b3c0       0x24 ./Middlewares/ST/STM32_USB_Device_Library/Core/Src/usbd_ioreq.o
                0x0800b3c0                USBD_CtlContinueRx
 .text.USBD_CtlSendStatus
                0x0800b3e4       0x26 ./Middlewares/ST/STM32_USB_Device_Library/Core/Src/usbd_ioreq.o
                0x0800b3e4                USBD_CtlSendStatus
 .text.USBD_CtlReceiveStatus
                0x0800b40a       0x26 ./Middlewares/ST/STM32_USB_Device_Library/Core/Src/usbd_ioreq.o
                0x0800b40a                USBD_CtlReceiveStatus
 .text.MX_USB_DEVICE_Init
                0x0800b430       0x60 ./USB_DEVICE/App/usb_device.o
                0x0800b430                MX_USB_DEVICE_Init
 .text.CDC_Init_FS
                0x0800b490       0x28 ./USB_DEVICE/App/usbd_cdc_if.o
 .text.CDC_DeInit_FS
                0x0800b4b8        0xe ./USB_DEVICE/App/usbd_cdc_if.o
 *fill*         0x0800b4c6        0x2 
 .text.CDC_Control_FS
                0x0800b4c8       0xbc ./USB_DEVICE/App/usbd_cdc_if.o
 .text.CDC_Receive_FS
                0x0800b584       0x40 ./USB_DEVICE/App/usbd_cdc_if.o
 .text.CDC_Transmit_FS
                0x0800b5c4       0x4c ./USB_DEVICE/App/usbd_cdc_if.o
                0x0800b5c4                CDC_Transmit_FS
 .text.USBD_FS_DeviceDescriptor
                0x0800b610       0x24 ./USB_DEVICE/App/usbd_desc.o
                0x0800b610                USBD_FS_DeviceDescriptor
 .text.USBD_FS_LangIDStrDescriptor
                0x0800b634       0x24 ./USB_DEVICE/App/usbd_desc.o
                0x0800b634                USBD_FS_LangIDStrDescriptor
 .text.USBD_FS_ProductStrDescriptor
                0x0800b658       0x3c ./USB_DEVICE/App/usbd_desc.o
                0x0800b658                USBD_FS_ProductStrDescriptor
 .text.USBD_FS_ManufacturerStrDescriptor
                0x0800b694       0x28 ./USB_DEVICE/App/usbd_desc.o
                0x0800b694                USBD_FS_ManufacturerStrDescriptor
 .text.USBD_FS_SerialStrDescriptor
                0x0800b6bc       0x24 ./USB_DEVICE/App/usbd_desc.o
                0x0800b6bc                USBD_FS_SerialStrDescriptor
 .text.USBD_FS_ConfigStrDescriptor
                0x0800b6e0       0x3c ./USB_DEVICE/App/usbd_desc.o
                0x0800b6e0                USBD_FS_ConfigStrDescriptor
 .text.USBD_FS_InterfaceStrDescriptor
                0x0800b71c       0x3c ./USB_DEVICE/App/usbd_desc.o
                0x0800b71c                USBD_FS_InterfaceStrDescriptor
 .text.Get_SerialNum
                0x0800b758       0x58 ./USB_DEVICE/App/usbd_desc.o
 .text.IntToUnicode
                0x0800b7b0       0x7c ./USB_DEVICE/App/usbd_desc.o
 .text.HAL_PCD_MspInit
                0x0800b82c       0x4c ./USB_DEVICE/Target/usbd_conf.o
                0x0800b82c                HAL_PCD_MspInit
 .text.HAL_PCD_SetupStageCallback
                0x0800b878       0x24 ./USB_DEVICE/Target/usbd_conf.o
                0x0800b878                HAL_PCD_SetupStageCallback
 .text.HAL_PCD_DataOutStageCallback
                0x0800b89c       0x36 ./USB_DEVICE/Target/usbd_conf.o
                0x0800b89c                HAL_PCD_DataOutStageCallback
 .text.HAL_PCD_DataInStageCallback
                0x0800b8d2       0x34 ./USB_DEVICE/Target/usbd_conf.o
                0x0800b8d2                HAL_PCD_DataInStageCallback
 .text.HAL_PCD_SOFCallback
                0x0800b906       0x1c ./USB_DEVICE/Target/usbd_conf.o
                0x0800b906                HAL_PCD_SOFCallback
 .text.HAL_PCD_ResetCallback
                0x0800b922       0x3c ./USB_DEVICE/Target/usbd_conf.o
                0x0800b922                HAL_PCD_ResetCallback
 *fill*         0x0800b95e        0x2 
 .text.HAL_PCD_SuspendCallback
                0x0800b960       0x34 ./USB_DEVICE/Target/usbd_conf.o
                0x0800b960                HAL_PCD_SuspendCallback
 .text.HAL_PCD_ResumeCallback
                0x0800b994       0x1c ./USB_DEVICE/Target/usbd_conf.o
                0x0800b994                HAL_PCD_ResumeCallback
 .text.USBD_LL_Init
                0x0800b9b0       0xb4 ./USB_DEVICE/Target/usbd_conf.o
                0x0800b9b0                USBD_LL_Init
 .text.USBD_LL_Start
                0x0800ba64       0x36 ./USB_DEVICE/Target/usbd_conf.o
                0x0800ba64                USBD_LL_Start
 .text.USBD_LL_OpenEP
                0x0800ba9a       0x4c ./USB_DEVICE/Target/usbd_conf.o
                0x0800ba9a                USBD_LL_OpenEP
 .text.USBD_LL_CloseEP
                0x0800bae6       0x3e ./USB_DEVICE/Target/usbd_conf.o
                0x0800bae6                USBD_LL_CloseEP
 .text.USBD_LL_StallEP
                0x0800bb24       0x3e ./USB_DEVICE/Target/usbd_conf.o
                0x0800bb24                USBD_LL_StallEP
 .text.USBD_LL_ClearStallEP
                0x0800bb62       0x3e ./USB_DEVICE/Target/usbd_conf.o
                0x0800bb62                USBD_LL_ClearStallEP
 .text.USBD_LL_IsStallEP
                0x0800bba0       0x56 ./USB_DEVICE/Target/usbd_conf.o
                0x0800bba0                USBD_LL_IsStallEP
 .text.USBD_LL_SetUSBAddress
                0x0800bbf6       0x3e ./USB_DEVICE/Target/usbd_conf.o
                0x0800bbf6                USBD_LL_SetUSBAddress
 .text.USBD_LL_Transmit
                0x0800bc34       0x46 ./USB_DEVICE/Target/usbd_conf.o
                0x0800bc34                USBD_LL_Transmit
 .text.USBD_LL_PrepareReceive
                0x0800bc7a       0x46 ./USB_DEVICE/Target/usbd_conf.o
                0x0800bc7a                USBD_LL_PrepareReceive
 .text.USBD_LL_GetRxDataSize
                0x0800bcc0       0x26 ./USB_DEVICE/Target/usbd_conf.o
                0x0800bcc0                USBD_LL_GetRxDataSize
 *fill*         0x0800bce6        0x2 
 .text.USBD_static_malloc
                0x0800bce8       0x18 ./USB_DEVICE/Target/usbd_conf.o
                0x0800bce8                USBD_static_malloc
 .text.USBD_static_free
                0x0800bd00       0x12 ./USB_DEVICE/Target/usbd_conf.o
                0x0800bd00                USBD_static_free
 .text.HAL_PCDEx_SetConnectionState
                0x0800bd12       0x16 ./USB_DEVICE/Target/usbd_conf.o
                0x0800bd12                HAL_PCDEx_SetConnectionState
 .text.USBD_Get_USB_Status
                0x0800bd28       0x58 ./USB_DEVICE/Target/usbd_conf.o
 .text.malloc   0x0800bd80       0x10 C:/ST/STM32CubeIDE_1.10.1/STM32CubeIDE/plugins/com.st.stm32cube.ide.mcu.externaltools.gnu-tools-for-stm32.12.3.rel1.win32_1.0.200.202406191623/tools/bin/../lib/gcc/arm-none-eabi/12.3.1/../../../../arm-none-eabi/lib/thumb/v7-m/nofp\libc_nano.a(libc_a-malloc.o)
                0x0800bd80                malloc
 .text.sbrk_aligned
                0x0800bd90       0x44 C:/ST/STM32CubeIDE_1.10.1/STM32CubeIDE/plugins/com.st.stm32cube.ide.mcu.externaltools.gnu-tools-for-stm32.12.3.rel1.win32_1.0.200.202406191623/tools/bin/../lib/gcc/arm-none-eabi/12.3.1/../../../../arm-none-eabi/lib/thumb/v7-m/nofp\libc_nano.a(libc_a-mallocr.o)
 .text._malloc_r
                0x0800bdd4      0x100 C:/ST/STM32CubeIDE_1.10.1/STM32CubeIDE/plugins/com.st.stm32cube.ide.mcu.externaltools.gnu-tools-for-stm32.12.3.rel1.win32_1.0.200.202406191623/tools/bin/../lib/gcc/arm-none-eabi/12.3.1/../../../../arm-none-eabi/lib/thumb/v7-m/nofp\libc_nano.a(libc_a-mallocr.o)
                0x0800bdd4                _malloc_r
 .text.__malloc_lock
                0x0800bed4        0xc C:/ST/STM32CubeIDE_1.10.1/STM32CubeIDE/plugins/com.st.stm32cube.ide.mcu.externaltools.gnu-tools-for-stm32.12.3.rel1.win32_1.0.200.202406191623/tools/bin/../lib/gcc/arm-none-eabi/12.3.1/../../../../arm-none-eabi/lib/thumb/v7-m/nofp\libc_nano.a(libc_a-mlock.o)
                0x0800bed4                __malloc_lock
 .text.__malloc_unlock
                0x0800bee0        0xc C:/ST/STM32CubeIDE_1.10.1/STM32CubeIDE/plugins/com.st.stm32cube.ide.mcu.externaltools.gnu-tools-for-stm32.12.3.rel1.win32_1.0.200.202406191623/tools/bin/../lib/gcc/arm-none-eabi/12.3.1/../../../../arm-none-eabi/lib/thumb/v7-m/nofp\libc_nano.a(libc_a-mlock.o)
                0x0800bee0                __malloc_unlock
 .text.memset   0x0800beec       0x10 C:/ST/STM32CubeIDE_1.10.1/STM32CubeIDE/plugins/com.st.stm32cube.ide.mcu.externaltools.gnu-tools-for-stm32.12.3.rel1.win32_1.0.200.202406191623/tools/bin/../lib/gcc/arm-none-eabi/12.3.1/../../../../arm-none-eabi/lib/thumb/v7-m/nofp\libc_nano.a(libc_a-memset.o)
                0x0800beec                memset
 .text._sbrk_r  0x0800befc       0x20 C:/ST/STM32CubeIDE_1.10.1/STM32CubeIDE/plugins/com.st.stm32cube.ide.mcu.externaltools.gnu-tools-for-stm32.12.3.rel1.win32_1.0.200.202406191623/tools/bin/../lib/gcc/arm-none-eabi/12.3.1/../../../../arm-none-eabi/lib/thumb/v7-m/nofp\libc_nano.a(libc_a-sbrkr.o)
                0x0800befc                _sbrk_r
 .text.__errno  0x0800bf1c        0xc C:/ST/STM32CubeIDE_1.10.1/STM32CubeIDE/plugins/com.st.stm32cube.ide.mcu.externaltools.gnu-tools-for-stm32.12.3.rel1.win32_1.0.200.202406191623/tools/bin/../lib/gcc/arm-none-eabi/12.3.1/../../../../arm-none-eabi/lib/thumb/v7-m/nofp\libc_nano.a(libc_a-errno.o)
                0x0800bf1c                __errno
 .text.__libc_init_array
                0x0800bf28       0x48 C:/ST/STM32CubeIDE_1.10.1/STM32CubeIDE/plugins/com.st.stm32cube.ide.mcu.externaltools.gnu-tools-for-stm32.12.3.rel1.win32_1.0.200.202406191623/tools/bin/../lib/gcc/arm-none-eabi/12.3.1/../../../../arm-none-eabi/lib/thumb/v7-m/nofp\libc_nano.a(libc_a-init.o)
                0x0800bf28                __libc_init_array
 .text.__retarget_lock_acquire_recursive
                0x0800bf70        0x2 C:/ST/STM32CubeIDE_1.10.1/STM32CubeIDE/plugins/com.st.stm32cube.ide.mcu.externaltools.gnu-tools-for-stm32.12.3.rel1.win32_1.0.200.202406191623/tools/bin/../lib/gcc/arm-none-eabi/12.3.1/../../../../arm-none-eabi/lib/thumb/v7-m/nofp\libc_nano.a(libc_a-lock.o)
                0x0800bf70                __retarget_lock_acquire_recursive
 .text.__retarget_lock_release_recursive
                0x0800bf72        0x2 C:/ST/STM32CubeIDE_1.10.1/STM32CubeIDE/plugins/com.st.stm32cube.ide.mcu.externaltools.gnu-tools-for-stm32.12.3.rel1.win32_1.0.200.202406191623/tools/bin/../lib/gcc/arm-none-eabi/12.3.1/../../../../arm-none-eabi/lib/thumb/v7-m/nofp\libc_nano.a(libc_a-lock.o)
                0x0800bf72                __retarget_lock_release_recursive
 *(.glue_7)
 .glue_7        0x0800bf74        0x0 linker stubs
 *(.glue_7t)
 .glue_7t       0x0800bf74        0x0 linker stubs
 *(.eh_frame)
 .eh_frame      0x0800bf74        0x0 C:/ST/STM32CubeIDE_1.10.1/STM32CubeIDE/plugins/com.st.stm32cube.ide.mcu.externaltools.gnu-tools-for-stm32.12.3.rel1.win32_1.0.200.202406191623/tools/bin/../lib/gcc/arm-none-eabi/12.3.1/thumb/v7-m/nofp/crtbegin.o
 *(.init)
 .init          0x0800bf74        0x4 C:/ST/STM32CubeIDE_1.10.1/STM32CubeIDE/plugins/com.st.stm32cube.ide.mcu.externaltools.gnu-tools-for-stm32.12.3.rel1.win32_1.0.200.202406191623/tools/bin/../lib/gcc/arm-none-eabi/12.3.1/thumb/v7-m/nofp/crti.o
                0x0800bf74                _init
 .init          0x0800bf78        0x8 C:/ST/STM32CubeIDE_1.10.1/STM32CubeIDE/plugins/com.st.stm32cube.ide.mcu.externaltools.gnu-tools-for-stm32.12.3.rel1.win32_1.0.200.202406191623/tools/bin/../lib/gcc/arm-none-eabi/12.3.1/thumb/v7-m/nofp/crtn.o
 *(.fini)
 .fini          0x0800bf80        0x4 C:/ST/STM32CubeIDE_1.10.1/STM32CubeIDE/plugins/com.st.stm32cube.ide.mcu.externaltools.gnu-tools-for-stm32.12.3.rel1.win32_1.0.200.202406191623/tools/bin/../lib/gcc/arm-none-eabi/12.3.1/thumb/v7-m/nofp/crti.o
                0x0800bf80                _fini
 .fini          0x0800bf84        0x8 C:/ST/STM32CubeIDE_1.10.1/STM32CubeIDE/plugins/com.st.stm32cube.ide.mcu.externaltools.gnu-tools-for-stm32.12.3.rel1.win32_1.0.200.202406191623/tools/bin/../lib/gcc/arm-none-eabi/12.3.1/thumb/v7-m/nofp/crtn.o
                0x0800bf8c                        . = ALIGN (0x4)
                0x0800bf8c                        _etext = .

.vfp11_veneer   0x0800bf8c        0x0
 .vfp11_veneer  0x0800bf8c        0x0 linker stubs

.v4_bx          0x0800bf8c        0x0
 .v4_bx         0x0800bf8c        0x0 linker stubs

.iplt           0x0800bf8c        0x0
 .iplt          0x0800bf8c        0x0 C:/ST/STM32CubeIDE_1.10.1/STM32CubeIDE/plugins/com.st.stm32cube.ide.mcu.externaltools.gnu-tools-for-stm32.12.3.rel1.win32_1.0.200.202406191623/tools/bin/../lib/gcc/arm-none-eabi/12.3.1/thumb/v7-m/nofp/crtbegin.o

.rodata         0x0800bf8c      0x398
                0x0800bf8c                        . = ALIGN (0x4)
 *(.rodata)
 .rodata        0x0800bf8c       0x46 ./USB_DEVICE/App/usbd_desc.o
 *(.rodata*)
 *fill*         0x0800bfd2        0x2 
 .rodata.NTC_TABLE
                0x0800bfd4      0x110 ./App/Measurement/Measurement.o
                0x0800bfd4                NTC_TABLE
 .rodata.auchCRCHi
                0x0800c0e4      0x100 ./App/ModbusRTU/CRC16.o
                0x0800c0e4                auchCRCHi
 .rodata.auchCRCLo
                0x0800c1e4      0x100 ./App/ModbusRTU/CRC16.o
                0x0800c1e4                auchCRCLo
 .rodata.AHBPrescTable
                0x0800c2e4       0x10 ./Core/Src/system_stm32f1xx.o
                0x0800c2e4                AHBPrescTable
 .rodata.APBPrescTable
                0x0800c2f4        0x8 ./Core/Src/system_stm32f1xx.o
                0x0800c2f4                APBPrescTable
 .rodata.aPLLMULFactorTable.1
                0x0800c2fc       0x10 ./Drivers/STM32F1xx_HAL_Driver/Src/stm32f1xx_hal_rcc.o
 .rodata.aPredivFactorTable.0
                0x0800c30c        0x2 ./Drivers/STM32F1xx_HAL_Driver/Src/stm32f1xx_hal_rcc.o
 *fill*         0x0800c30e        0x2 
 .rodata.aPLLMULFactorTable.1
                0x0800c310       0x10 ./Drivers/STM32F1xx_HAL_Driver/Src/stm32f1xx_hal_rcc_ex.o
 .rodata.aPredivFactorTable.0
                0x0800c320        0x2 ./Drivers/STM32F1xx_HAL_Driver/Src/stm32f1xx_hal_rcc_ex.o
                0x0800c324                        . = ALIGN (0x4)
 *fill*         0x0800c322        0x2 

.rel.dyn        0x0800c324        0x0
 .rel.iplt      0x0800c324        0x0 C:/ST/STM32CubeIDE_1.10.1/STM32CubeIDE/plugins/com.st.stm32cube.ide.mcu.externaltools.gnu-tools-for-stm32.12.3.rel1.win32_1.0.200.202406191623/tools/bin/../lib/gcc/arm-none-eabi/12.3.1/thumb/v7-m/nofp/crtbegin.o

.ARM.extab      0x0800c324        0x0
                0x0800c324                        . = ALIGN (0x4)
 *(.ARM.extab* .gnu.linkonce.armextab.*)
                0x0800c324                        . = ALIGN (0x4)

.ARM            0x0800c324        0x0
                0x0800c324                        . = ALIGN (0x4)
                0x0800c324                        __exidx_start = .
 *(.ARM.exidx*)
                0x0800c324                        __exidx_end = .
                0x0800c324                        . = ALIGN (0x4)

.preinit_array  0x0800c324        0x0
                0x0800c324                        . = ALIGN (0x4)
                0x0800c324                        PROVIDE (__preinit_array_start = .)
 *(.preinit_array*)
                0x0800c324                        PROVIDE (__preinit_array_end = .)
                0x0800c324                        . = ALIGN (0x4)

.init_array     0x0800c324        0x4
                0x0800c324                        . = ALIGN (0x4)
                0x0800c324                        PROVIDE (__init_array_start = .)
 *(SORT_BY_NAME(.init_array.*))
 *(.init_array*)
 .init_array    0x0800c324        0x4 C:/ST/STM32CubeIDE_1.10.1/STM32CubeIDE/plugins/com.st.stm32cube.ide.mcu.externaltools.gnu-tools-for-stm32.12.3.rel1.win32_1.0.200.202406191623/tools/bin/../lib/gcc/arm-none-eabi/12.3.1/thumb/v7-m/nofp/crtbegin.o
                0x0800c328                        PROVIDE (__init_array_end = .)
                0x0800c328                        . = ALIGN (0x4)

.fini_array     0x0800c328        0x4
                0x0800c328                        . = ALIGN (0x4)
                [!provide]                        PROVIDE (__fini_array_start = .)
 *(SORT_BY_NAME(.fini_array.*))
 *(.fini_array*)
 .fini_array    0x0800c328        0x4 C:/ST/STM32CubeIDE_1.10.1/STM32CubeIDE/plugins/com.st.stm32cube.ide.mcu.externaltools.gnu-tools-for-stm32.12.3.rel1.win32_1.0.200.202406191623/tools/bin/../lib/gcc/arm-none-eabi/12.3.1/thumb/v7-m/nofp/crtbegin.o
                [!provide]                        PROVIDE (__fini_array_end = .)
                0x0800c32c                        . = ALIGN (0x4)
                0x0800c32c                        _sidata = LOADADDR (.data)

.data           0x20000000      0x1cc load address 0x0800c32c
                0x20000000                        . = ALIGN (0x4)
                0x20000000                        _sdata = .
 *(.data)
 *(.data*)
 .data.SystemCoreClock
                0x20000000        0x4 ./Core/Src/system_stm32f1xx.o
                0x20000000                SystemCoreClock
 .data.uwTickPrio
                0x20000004        0x4 ./Drivers/STM32F1xx_HAL_Driver/Src/stm32f1xx_hal.o
                0x20000004                uwTickPrio
 .data.uwTickFreq
                0x20000008        0x1 ./Drivers/STM32F1xx_HAL_Driver/Src/stm32f1xx_hal.o
                0x20000008                uwTickFreq
 *fill*         0x20000009        0x3 
 .data.USBD_CDC_DeviceQualifierDesc
                0x2000000c        0xa ./Middlewares/ST/STM32_USB_Device_Library/Class/CDC/Src/usbd_cdc.o
 *fill*         0x20000016        0x2 
 .data.USBD_CDC
                0x20000018       0x38 ./Middlewares/ST/STM32_USB_Device_Library/Class/CDC/Src/usbd_cdc.o
                0x20000018                USBD_CDC
 .data.USBD_CDC_CfgHSDesc
                0x20000050       0x43 ./Middlewares/ST/STM32_USB_Device_Library/Class/CDC/Src/usbd_cdc.o
                0x20000050                USBD_CDC_CfgHSDesc
 *fill*         0x20000093        0x1 
 .data.USBD_CDC_CfgFSDesc
                0x20000094       0x43 ./Middlewares/ST/STM32_USB_Device_Library/Class/CDC/Src/usbd_cdc.o
                0x20000094                USBD_CDC_CfgFSDesc
 *fill*         0x200000d7        0x1 
 .data.USBD_CDC_OtherSpeedCfgDesc
                0x200000d8       0x43 ./Middlewares/ST/STM32_USB_Device_Library/Class/CDC/Src/usbd_cdc.o
                0x200000d8                USBD_CDC_OtherSpeedCfgDesc
 *fill*         0x2000011b        0x1 
 .data.USBD_Interface_fops_FS
                0x2000011c       0x10 ./USB_DEVICE/App/usbd_cdc_if.o
                0x2000011c                USBD_Interface_fops_FS
 .data.FS_Desc  0x2000012c       0x1c ./USB_DEVICE/App/usbd_desc.o
                0x2000012c                FS_Desc
 .data.USBD_FS_DeviceDesc
                0x20000148       0x12 ./USB_DEVICE/App/usbd_desc.o
                0x20000148                USBD_FS_DeviceDesc
 *fill*         0x2000015a        0x2 
 .data.USBD_LangIDDesc
                0x2000015c        0x4 ./USB_DEVICE/App/usbd_desc.o
                0x2000015c                USBD_LangIDDesc
 .data.USBD_StringSerial
                0x20000160       0x1a ./USB_DEVICE/App/usbd_desc.o
                0x20000160                USBD_StringSerial
 *fill*         0x2000017a        0x2 
 .data._impure_ptr
                0x2000017c        0x4 C:/ST/STM32CubeIDE_1.10.1/STM32CubeIDE/plugins/com.st.stm32cube.ide.mcu.externaltools.gnu-tools-for-stm32.12.3.rel1.win32_1.0.200.202406191623/tools/bin/../lib/gcc/arm-none-eabi/12.3.1/../../../../arm-none-eabi/lib/thumb/v7-m/nofp\libc_nano.a(libc_a-impure.o)
                0x2000017c                _impure_ptr
 .data._impure_data
                0x20000180       0x4c C:/ST/STM32CubeIDE_1.10.1/STM32CubeIDE/plugins/com.st.stm32cube.ide.mcu.externaltools.gnu-tools-for-stm32.12.3.rel1.win32_1.0.200.202406191623/tools/bin/../lib/gcc/arm-none-eabi/12.3.1/../../../../arm-none-eabi/lib/thumb/v7-m/nofp\libc_nano.a(libc_a-impure.o)
                0x20000180                _impure_data
 *(.RamFunc)
 *(.RamFunc*)
                0x200001cc                        . = ALIGN (0x4)
                0x200001cc                        _edata = .

.igot.plt       0x200001cc        0x0 load address 0x0800c4f8
 .igot.plt      0x200001cc        0x0 C:/ST/STM32CubeIDE_1.10.1/STM32CubeIDE/plugins/com.st.stm32cube.ide.mcu.externaltools.gnu-tools-for-stm32.12.3.rel1.win32_1.0.200.202406191623/tools/bin/../lib/gcc/arm-none-eabi/12.3.1/thumb/v7-m/nofp/crtbegin.o
                0x200001cc                        . = ALIGN (0x4)

.bss            0x200001cc     0x1260 load address 0x0800c4f8
                0x200001cc                        _sbss = .
                0x200001cc                        __bss_start__ = _sbss
 *(.bss)
 .bss           0x200001cc       0x1c C:/ST/STM32CubeIDE_1.10.1/STM32CubeIDE/plugins/com.st.stm32cube.ide.mcu.externaltools.gnu-tools-for-stm32.12.3.rel1.win32_1.0.200.202406191623/tools/bin/../lib/gcc/arm-none-eabi/12.3.1/thumb/v7-m/nofp/crtbegin.o
 *(.bss*)
 .bss.systemParameter
                0x200001e8       0x58 ./App/Common/Utinity.o
                0x200001e8                systemParameter
 .bss.IOpin     0x20000240       0x30 ./App/Common/Utinity.o
                0x20000240                IOpin
 .bss.preStage.2
                0x20000270        0x1 ./App/Common/Utinity.o
 .bss.ledTick.1
                0x20000271        0x1 ./App/Common/Utinity.o
 .bss.preStageWDT.0
                0x20000272        0x1 ./App/Common/Utinity.o
 *fill*         0x20000273        0x1 
 .bss.usbBuf    0x20000274        0x4 ./App/Communicate/Communication.o
                0x20000274                usbBuf
 .bss.requestLen.4
                0x20000278        0x2 ./App/Communicate/Communication.o
 *fill*         0x2000027a        0x2 
 .bss.modbusRequest.3
                0x2000027c      0x100 ./App/Communicate/Communication.o
 .bss.idleTime.2
                0x2000037c        0x2 ./App/Communicate/Communication.o
 *fill*         0x2000037e        0x2 
 .bss.modbusResponse.1
                0x20000380      0x100 ./App/Communicate/Communication.o
 .bss.responseLen.0
                0x20000480        0x2 ./App/Communicate/Communication.o
 *fill*         0x20000482        0x2 
 .bss.ADC1_value
                0x20000484        0xc ./App/Measurement/Measurement.o
                0x20000484                ADC1_value
 .bss.ADC_average
                0x20000490        0xc ./App/Measurement/Measurement.o
                0x20000490                ADC_average
 .bss.w25qxx    0x2000049c       0x28 ./App/Memory/W25Q_Memory.o
                0x2000049c                w25qxx
 .bss.CoilIndex.0
                0x200004c4        0x3 ./App/ModbusRTU/ModbusData.o
 *fill*         0x200004c7        0x1 
 .bss.Modbus_Data
                0x200004c8       0x4c ./App/ModbusRTU/modbus_RTU.o
                0x200004c8                Modbus_Data
 .bss.hadc1     0x20000514       0x30 ./Core/Src/adc.o
                0x20000514                hadc1
 .bss.hdma_adc1
                0x20000544       0x44 ./Core/Src/adc.o
                0x20000544                hdma_adc1
 .bss.hiwdg     0x20000588        0xc ./Core/Src/iwdg.o
                0x20000588                hiwdg
 .bss.TickEvent
                0x20000594        0x2 ./Core/Src/main.o
                0x20000594                TickEvent
 *fill*         0x20000596        0x2 
 .bss.TickCounter
                0x20000598        0x4 ./Core/Src/main.o
                0x20000598                TickCounter
 .bss.currentTick.5
                0x2000059c        0x4 ./Core/Src/main.o
 .bss.ADC_last_tick.4
                0x200005a0        0x4 ./Core/Src/main.o
 .bss.MAIN_last_tick.3
                0x200005a4        0x4 ./Core/Src/main.o
 .bss.LED_last_tick.2
                0x200005a8        0x4 ./Core/Src/main.o
 .bss.WDT_last_tick.1
                0x200005ac        0x4 ./Core/Src/main.o
 .bss.sCount.0  0x200005b0        0x2 ./Core/Src/main.o
 *fill*         0x200005b2        0x2 
 .bss.hspi1     0x200005b4       0x58 ./Core/Src/spi.o
                0x200005b4                hspi1
 .bss.__sbrk_heap_end
                0x2000060c        0x4 ./Core/Src/sysmem.o
 .bss.htim2     0x20000610       0x48 ./Core/Src/tim.o
                0x20000610                htim2
 .bss.huart1    0x20000658       0x48 ./Core/Src/usart.o
                0x20000658                huart1
 .bss.uwTick    0x200006a0        0x4 ./Drivers/STM32F1xx_HAL_Driver/Src/stm32f1xx_hal.o
                0x200006a0                uwTick
 .bss.cfgidx.0  0x200006a4        0x1 ./Middlewares/ST/STM32_USB_Device_Library/Core/Src/usbd_ctlreq.o
 *fill*         0x200006a5        0x3 
 .bss.hUsbDeviceFS
                0x200006a8      0x2c4 ./USB_DEVICE/App/usb_device.o
                0x200006a8                hUsbDeviceFS
 .bss.UserRxBufferFS
                0x2000096c       0x80 ./USB_DEVICE/App/usbd_cdc_if.o
                0x2000096c                UserRxBufferFS
 .bss.UserTxBufferFS
                0x200009ec      0x200 ./USB_DEVICE/App/usbd_cdc_if.o
                0x200009ec                UserTxBufferFS
 .bss.USBD_StrDesc
                0x20000bec      0x200 ./USB_DEVICE/App/usbd_desc.o
                0x20000bec                USBD_StrDesc
 .bss.hpcd_USB_FS
                0x20000dec      0x2d8 ./USB_DEVICE/Target/usbd_conf.o
                0x20000dec                hpcd_USB_FS
 .bss.mem.0     0x200010c4      0x220 ./USB_DEVICE/Target/usbd_conf.o
 .bss.__malloc_sbrk_start
                0x200012e4        0x4 C:/ST/STM32CubeIDE_1.10.1/STM32CubeIDE/plugins/com.st.stm32cube.ide.mcu.externaltools.gnu-tools-for-stm32.12.3.rel1.win32_1.0.200.202406191623/tools/bin/../lib/gcc/arm-none-eabi/12.3.1/../../../../arm-none-eabi/lib/thumb/v7-m/nofp\libc_nano.a(libc_a-mallocr.o)
                0x200012e4                __malloc_sbrk_start
 .bss.__malloc_free_list
                0x200012e8        0x4 C:/ST/STM32CubeIDE_1.10.1/STM32CubeIDE/plugins/com.st.stm32cube.ide.mcu.externaltools.gnu-tools-for-stm32.12.3.rel1.win32_1.0.200.202406191623/tools/bin/../lib/gcc/arm-none-eabi/12.3.1/../../../../arm-none-eabi/lib/thumb/v7-m/nofp\libc_nano.a(libc_a-mallocr.o)
                0x200012e8                __malloc_free_list
 .bss.__sf      0x200012ec      0x138 C:/ST/STM32CubeIDE_1.10.1/STM32CubeIDE/plugins/com.st.stm32cube.ide.mcu.externaltools.gnu-tools-for-stm32.12.3.rel1.win32_1.0.200.202406191623/tools/bin/../lib/gcc/arm-none-eabi/12.3.1/../../../../arm-none-eabi/lib/thumb/v7-m/nofp\libc_nano.a(libc_a-findfp.o)
                0x200012ec                __sf
 .bss.errno     0x20001424        0x4 C:/ST/STM32CubeIDE_1.10.1/STM32CubeIDE/plugins/com.st.stm32cube.ide.mcu.externaltools.gnu-tools-for-stm32.12.3.rel1.win32_1.0.200.202406191623/tools/bin/../lib/gcc/arm-none-eabi/12.3.1/../../../../arm-none-eabi/lib/thumb/v7-m/nofp\libc_nano.a(libc_a-reent.o)
                0x20001424                errno
 .bss.__lock___malloc_recursive_mutex
                0x20001428        0x1 C:/ST/STM32CubeIDE_1.10.1/STM32CubeIDE/plugins/com.st.stm32cube.ide.mcu.externaltools.gnu-tools-for-stm32.12.3.rel1.win32_1.0.200.202406191623/tools/bin/../lib/gcc/arm-none-eabi/12.3.1/../../../../arm-none-eabi/lib/thumb/v7-m/nofp\libc_nano.a(libc_a-lock.o)
                0x20001428                __lock___malloc_recursive_mutex
 *(COMMON)
                0x2000142c                        . = ALIGN (0x4)
 *fill*         0x20001429        0x3 
                0x2000142c                        _ebss = .
                0x2000142c                        __bss_end__ = _ebss

._user_heap_stack
                0x2000142c      0x604 load address 0x0800c4f8
                0x20001430                        . = ALIGN (0x8)
 *fill*         0x2000142c        0x4 
                [!provide]                        PROVIDE (end = .)
                0x20001430                        PROVIDE (_end = .)
                0x20001630                        . = (. + _Min_Heap_Size)
 *fill*         0x20001430      0x200 
                0x20001a30                        . = (. + _Min_Stack_Size)
 *fill*         0x20001630      0x400 
                0x20001a30                        . = ALIGN (0x8)

/DISCARD/
 libc.a(*)
 libm.a(*)
 libgcc.a(*)

.ARM.attributes
                0x00000000       0x29
 *(.ARM.attributes)
 .ARM.attributes
                0x00000000       0x1d C:/ST/STM32CubeIDE_1.10.1/STM32CubeIDE/plugins/com.st.stm32cube.ide.mcu.externaltools.gnu-tools-for-stm32.12.3.rel1.win32_1.0.200.202406191623/tools/bin/../lib/gcc/arm-none-eabi/12.3.1/thumb/v7-m/nofp/crti.o
 .ARM.attributes
                0x0000001d       0x2d C:/ST/STM32CubeIDE_1.10.1/STM32CubeIDE/plugins/com.st.stm32cube.ide.mcu.externaltools.gnu-tools-for-stm32.12.3.rel1.win32_1.0.200.202406191623/tools/bin/../lib/gcc/arm-none-eabi/12.3.1/thumb/v7-m/nofp/crtbegin.o
 .ARM.attributes
                0x0000004a       0x2d ./App/Common/Utinity.o
 .ARM.attributes
                0x00000077       0x2d ./App/Common/average_filter.o
 .ARM.attributes
                0x000000a4       0x2d ./App/Common/data_curve_linearization.o
 .ARM.attributes
                0x000000d1       0x2d ./App/Common/ringBuffer.o
 .ARM.attributes
                0x000000fe       0x2d ./App/Communicate/Communication.o
 .ARM.attributes
                0x0000012b       0x2d ./App/Measurement/Measurement.o
 .ARM.attributes
                0x00000158       0x2d ./App/Memory/W25Q_Memory.o
 .ARM.attributes
                0x00000185       0x2d ./App/ModbusRTU/CRC16.o
 .ARM.attributes
                0x000001b2       0x2d ./App/ModbusRTU/ModbusData.o
 .ARM.attributes
                0x000001df       0x2d ./App/ModbusRTU/modbus_RTU.o
 .ARM.attributes
                0x0000020c       0x2d ./Core/Src/adc.o
 .ARM.attributes
                0x00000239       0x2d ./Core/Src/dma.o
 .ARM.attributes
                0x00000266       0x2d ./Core/Src/gpio.o
 .ARM.attributes
                0x00000293       0x2d ./Core/Src/iwdg.o
 .ARM.attributes
                0x000002c0       0x2d ./Core/Src/main.o
 .ARM.attributes
                0x000002ed       0x2d ./Core/Src/spi.o
 .ARM.attributes
                0x0000031a       0x2d ./Core/Src/stm32f1xx_hal_msp.o
 .ARM.attributes
                0x00000347       0x2d ./Core/Src/stm32f1xx_it.o
 .ARM.attributes
                0x00000374       0x2d ./Core/Src/sysmem.o
 .ARM.attributes
                0x000003a1       0x2d ./Core/Src/system_stm32f1xx.o
 .ARM.attributes
                0x000003ce       0x2d ./Core/Src/tim.o
 .ARM.attributes
                0x000003fb       0x2d ./Core/Src/usart.o
 .ARM.attributes
                0x00000428       0x21 ./Core/Startup/startup_stm32f103c8tx.o
 .ARM.attributes
                0x00000449       0x2d ./Drivers/STM32F1xx_HAL_Driver/Src/stm32f1xx_hal.o
 .ARM.attributes
                0x00000476       0x2d ./Drivers/STM32F1xx_HAL_Driver/Src/stm32f1xx_hal_adc.o
 .ARM.attributes
                0x000004a3       0x2d ./Drivers/STM32F1xx_HAL_Driver/Src/stm32f1xx_hal_adc_ex.o
 .ARM.attributes
                0x000004d0       0x2d ./Drivers/STM32F1xx_HAL_Driver/Src/stm32f1xx_hal_cortex.o
 .ARM.attributes
                0x000004fd       0x2d ./Drivers/STM32F1xx_HAL_Driver/Src/stm32f1xx_hal_dma.o
 .ARM.attributes
                0x0000052a       0x2d ./Drivers/STM32F1xx_HAL_Driver/Src/stm32f1xx_hal_gpio.o
 .ARM.attributes
                0x00000557       0x2d ./Drivers/STM32F1xx_HAL_Driver/Src/stm32f1xx_hal_iwdg.o
 .ARM.attributes
                0x00000584       0x2d ./Drivers/STM32F1xx_HAL_Driver/Src/stm32f1xx_hal_pcd.o
 .ARM.attributes
                0x000005b1       0x2d ./Drivers/STM32F1xx_HAL_Driver/Src/stm32f1xx_hal_pcd_ex.o
 .ARM.attributes
                0x000005de       0x2d ./Drivers/STM32F1xx_HAL_Driver/Src/stm32f1xx_hal_rcc.o
 .ARM.attributes
                0x0000060b       0x2d ./Drivers/STM32F1xx_HAL_Driver/Src/stm32f1xx_hal_rcc_ex.o
 .ARM.attributes
                0x00000638       0x2d ./Drivers/STM32F1xx_HAL_Driver/Src/stm32f1xx_hal_spi.o
 .ARM.attributes
                0x00000665       0x2d ./Drivers/STM32F1xx_HAL_Driver/Src/stm32f1xx_hal_tim.o
 .ARM.attributes
                0x00000692       0x2d ./Drivers/STM32F1xx_HAL_Driver/Src/stm32f1xx_hal_tim_ex.o
 .ARM.attributes
                0x000006bf       0x2d ./Drivers/STM32F1xx_HAL_Driver/Src/stm32f1xx_hal_uart.o
 .ARM.attributes
                0x000006ec       0x2d ./Drivers/STM32F1xx_HAL_Driver/Src/stm32f1xx_ll_usb.o
 .ARM.attributes
                0x00000719       0x2d ./Middlewares/ST/STM32_USB_Device_Library/Class/CDC/Src/usbd_cdc.o
 .ARM.attributes
                0x00000746       0x2d ./Middlewares/ST/STM32_USB_Device_Library/Core/Src/usbd_core.o
 .ARM.attributes
                0x00000773       0x2d ./Middlewares/ST/STM32_USB_Device_Library/Core/Src/usbd_ctlreq.o
 .ARM.attributes
                0x000007a0       0x2d ./Middlewares/ST/STM32_USB_Device_Library/Core/Src/usbd_ioreq.o
 .ARM.attributes
                0x000007cd       0x2d ./USB_DEVICE/App/usb_device.o
 .ARM.attributes
                0x000007fa       0x2d ./USB_DEVICE/App/usbd_cdc_if.o
 .ARM.attributes
                0x00000827       0x2d ./USB_DEVICE/App/usbd_desc.o
 .ARM.attributes
                0x00000854       0x2d ./USB_DEVICE/Target/usbd_conf.o
 .ARM.attributes
                0x00000881       0x2d C:/ST/STM32CubeIDE_1.10.1/STM32CubeIDE/plugins/com.st.stm32cube.ide.mcu.externaltools.gnu-tools-for-stm32.12.3.rel1.win32_1.0.200.202406191623/tools/bin/../lib/gcc/arm-none-eabi/12.3.1/../../../../arm-none-eabi/lib/thumb/v7-m/nofp\libc_nano.a(libc_a-malloc.o)
 .ARM.attributes
                0x000008ae       0x2d C:/ST/STM32CubeIDE_1.10.1/STM32CubeIDE/plugins/com.st.stm32cube.ide.mcu.externaltools.gnu-tools-for-stm32.12.3.rel1.win32_1.0.200.202406191623/tools/bin/../lib/gcc/arm-none-eabi/12.3.1/../../../../arm-none-eabi/lib/thumb/v7-m/nofp\libc_nano.a(libc_a-mallocr.o)
 .ARM.attributes
                0x000008db       0x2d C:/ST/STM32CubeIDE_1.10.1/STM32CubeIDE/plugins/com.st.stm32cube.ide.mcu.externaltools.gnu-tools-for-stm32.12.3.rel1.win32_1.0.200.202406191623/tools/bin/../lib/gcc/arm-none-eabi/12.3.1/../../../../arm-none-eabi/lib/thumb/v7-m/nofp\libc_nano.a(libc_a-mlock.o)
 .ARM.attributes
                0x00000908       0x2d C:/ST/STM32CubeIDE_1.10.1/STM32CubeIDE/plugins/com.st.stm32cube.ide.mcu.externaltools.gnu-tools-for-stm32.12.3.rel1.win32_1.0.200.202406191623/tools/bin/../lib/gcc/arm-none-eabi/12.3.1/../../../../arm-none-eabi/lib/thumb/v7-m/nofp\libc_nano.a(libc_a-findfp.o)
 .ARM.attributes
                0x00000935       0x2d C:/ST/STM32CubeIDE_1.10.1/STM32CubeIDE/plugins/com.st.stm32cube.ide.mcu.externaltools.gnu-tools-for-stm32.12.3.rel1.win32_1.0.200.202406191623/tools/bin/../lib/gcc/arm-none-eabi/12.3.1/../../../../arm-none-eabi/lib/thumb/v7-m/nofp\libc_nano.a(libc_a-memset.o)
 .ARM.attributes
                0x00000962       0x2d C:/ST/STM32CubeIDE_1.10.1/STM32CubeIDE/plugins/com.st.stm32cube.ide.mcu.externaltools.gnu-tools-for-stm32.12.3.rel1.win32_1.0.200.202406191623/tools/bin/../lib/gcc/arm-none-eabi/12.3.1/../../../../arm-none-eabi/lib/thumb/v7-m/nofp\libc_nano.a(libc_a-reent.o)
 .ARM.attributes
                0x0000098f       0x2d C:/ST/STM32CubeIDE_1.10.1/STM32CubeIDE/plugins/com.st.stm32cube.ide.mcu.externaltools.gnu-tools-for-stm32.12.3.rel1.win32_1.0.200.202406191623/tools/bin/../lib/gcc/arm-none-eabi/12.3.1/../../../../arm-none-eabi/lib/thumb/v7-m/nofp\libc_nano.a(libc_a-impure.o)
 .ARM.attributes
                0x000009bc       0x2d C:/ST/STM32CubeIDE_1.10.1/STM32CubeIDE/plugins/com.st.stm32cube.ide.mcu.externaltools.gnu-tools-for-stm32.12.3.rel1.win32_1.0.200.202406191623/tools/bin/../lib/gcc/arm-none-eabi/12.3.1/../../../../arm-none-eabi/lib/thumb/v7-m/nofp\libc_nano.a(libc_a-sbrkr.o)
 .ARM.attributes
                0x000009e9       0x2d C:/ST/STM32CubeIDE_1.10.1/STM32CubeIDE/plugins/com.st.stm32cube.ide.mcu.externaltools.gnu-tools-for-stm32.12.3.rel1.win32_1.0.200.202406191623/tools/bin/../lib/gcc/arm-none-eabi/12.3.1/../../../../arm-none-eabi/lib/thumb/v7-m/nofp\libc_nano.a(libc_a-errno.o)
 .ARM.attributes
                0x00000a16       0x2d C:/ST/STM32CubeIDE_1.10.1/STM32CubeIDE/plugins/com.st.stm32cube.ide.mcu.externaltools.gnu-tools-for-stm32.12.3.rel1.win32_1.0.200.202406191623/tools/bin/../lib/gcc/arm-none-eabi/12.3.1/../../../../arm-none-eabi/lib/thumb/v7-m/nofp\libc_nano.a(libc_a-init.o)
 .ARM.attributes
                0x00000a43       0x2d C:/ST/STM32CubeIDE_1.10.1/STM32CubeIDE/plugins/com.st.stm32cube.ide.mcu.externaltools.gnu-tools-for-stm32.12.3.rel1.win32_1.0.200.202406191623/tools/bin/../lib/gcc/arm-none-eabi/12.3.1/../../../../arm-none-eabi/lib/thumb/v7-m/nofp\libc_nano.a(libc_a-lock.o)
 .ARM.attributes
                0x00000a70       0x1d C:/ST/STM32CubeIDE_1.10.1/STM32CubeIDE/plugins/com.st.stm32cube.ide.mcu.externaltools.gnu-tools-for-stm32.12.3.rel1.win32_1.0.200.202406191623/tools/bin/../lib/gcc/arm-none-eabi/12.3.1/thumb/v7-m/nofp\libgcc.a(_arm_addsubdf3.o)
 .ARM.attributes
                0x00000a8d       0x1d C:/ST/STM32CubeIDE_1.10.1/STM32CubeIDE/plugins/com.st.stm32cube.ide.mcu.externaltools.gnu-tools-for-stm32.12.3.rel1.win32_1.0.200.202406191623/tools/bin/../lib/gcc/arm-none-eabi/12.3.1/thumb/v7-m/nofp\libgcc.a(_arm_truncdfsf2.o)
 .ARM.attributes
                0x00000aaa       0x1d C:/ST/STM32CubeIDE_1.10.1/STM32CubeIDE/plugins/com.st.stm32cube.ide.mcu.externaltools.gnu-tools-for-stm32.12.3.rel1.win32_1.0.200.202406191623/tools/bin/../lib/gcc/arm-none-eabi/12.3.1/thumb/v7-m/nofp\libgcc.a(_arm_addsubsf3.o)
 .ARM.attributes
                0x00000ac7       0x1d C:/ST/STM32CubeIDE_1.10.1/STM32CubeIDE/plugins/com.st.stm32cube.ide.mcu.externaltools.gnu-tools-for-stm32.12.3.rel1.win32_1.0.200.202406191623/tools/bin/../lib/gcc/arm-none-eabi/12.3.1/thumb/v7-m/nofp\libgcc.a(_arm_muldivsf3.o)
 .ARM.attributes
                0x00000ae4       0x1d C:/ST/STM32CubeIDE_1.10.1/STM32CubeIDE/plugins/com.st.stm32cube.ide.mcu.externaltools.gnu-tools-for-stm32.12.3.rel1.win32_1.0.200.202406191623/tools/bin/../lib/gcc/arm-none-eabi/12.3.1/thumb/v7-m/nofp\libgcc.a(_arm_cmpsf2.o)
 .ARM.attributes
                0x00000b01       0x1d C:/ST/STM32CubeIDE_1.10.1/STM32CubeIDE/plugins/com.st.stm32cube.ide.mcu.externaltools.gnu-tools-for-stm32.12.3.rel1.win32_1.0.200.202406191623/tools/bin/../lib/gcc/arm-none-eabi/12.3.1/thumb/v7-m/nofp/crtn.o
OUTPUT(SMART-DCG_v1.0.1.elf elf32-littlearm)
LOAD linker stubs
LOAD C:/ST/STM32CubeIDE_1.10.1/STM32CubeIDE/plugins/com.st.stm32cube.ide.mcu.externaltools.gnu-tools-for-stm32.12.3.rel1.win32_1.0.200.202406191623/tools/bin/../lib/gcc/arm-none-eabi/12.3.1/../../../../arm-none-eabi/lib/thumb/v7-m/nofp\libc.a
LOAD C:/ST/STM32CubeIDE_1.10.1/STM32CubeIDE/plugins/com.st.stm32cube.ide.mcu.externaltools.gnu-tools-for-stm32.12.3.rel1.win32_1.0.200.202406191623/tools/bin/../lib/gcc/arm-none-eabi/12.3.1/../../../../arm-none-eabi/lib/thumb/v7-m/nofp\libm.a
LOAD C:/ST/STM32CubeIDE_1.10.1/STM32CubeIDE/plugins/com.st.stm32cube.ide.mcu.externaltools.gnu-tools-for-stm32.12.3.rel1.win32_1.0.200.202406191623/tools/bin/../lib/gcc/arm-none-eabi/12.3.1/thumb/v7-m/nofp\libgcc.a

.debug_info     0x00000000    0x1d4d6
 .debug_info    0x00000000      0x654 ./App/Common/Utinity.o
 .debug_info    0x00000654      0x226 ./App/Common/average_filter.o
 .debug_info    0x0000087a       0xbb ./App/Common/data_curve_linearization.o
 .debug_info    0x00000935      0x3d8 ./App/Common/ringBuffer.o
 .debug_info    0x00000d0d      0x3a1 ./App/Communicate/Communication.o
 .debug_info    0x000010ae      0x96e ./App/Measurement/Measurement.o
 .debug_info    0x00001a1c      0xfeb ./App/Memory/W25Q_Memory.o
 .debug_info    0x00002a07      0x14f ./App/ModbusRTU/CRC16.o
 .debug_info    0x00002b56      0x431 ./App/ModbusRTU/ModbusData.o
 .debug_info    0x00002f87      0xf2f ./App/ModbusRTU/modbus_RTU.o
 .debug_info    0x00003eb6      0x7fc ./Core/Src/adc.o
 .debug_info    0x000046b2      0x2cf ./Core/Src/dma.o
 .debug_info    0x00004981      0x432 ./Core/Src/gpio.o
 .debug_info    0x00004db3      0x1b9 ./Core/Src/iwdg.o
 .debug_info    0x00004f6c      0xca2 ./Core/Src/main.o
 .debug_info    0x00005c0e      0x7bc ./Core/Src/spi.o
 .debug_info    0x000063ca      0x1f1 ./Core/Src/stm32f1xx_hal_msp.o
 .debug_info    0x000065bb      0xbd0 ./Core/Src/stm32f1xx_it.o
 .debug_info    0x0000718b      0x168 ./Core/Src/sysmem.o
 .debug_info    0x000072f3      0x222 ./Core/Src/system_stm32f1xx.o
 .debug_info    0x00007515      0x9bb ./Core/Src/tim.o
 .debug_info    0x00007ed0      0x798 ./Core/Src/usart.o
 .debug_info    0x00008668       0x30 ./Core/Startup/startup_stm32f103c8tx.o
 .debug_info    0x00008698      0x704 ./Drivers/STM32F1xx_HAL_Driver/Src/stm32f1xx_hal.o
 .debug_info    0x00008d9c      0xc50 ./Drivers/STM32F1xx_HAL_Driver/Src/stm32f1xx_hal_adc.o
 .debug_info    0x000099ec      0xa10 ./Drivers/STM32F1xx_HAL_Driver/Src/stm32f1xx_hal_adc_ex.o
 .debug_info    0x0000a3fc      0xa87 ./Drivers/STM32F1xx_HAL_Driver/Src/stm32f1xx_hal_cortex.o
 .debug_info    0x0000ae83      0x6d2 ./Drivers/STM32F1xx_HAL_Driver/Src/stm32f1xx_hal_dma.o
 .debug_info    0x0000b555      0x5ab ./Drivers/STM32F1xx_HAL_Driver/Src/stm32f1xx_hal_gpio.o
 .debug_info    0x0000bb00      0x1d9 ./Drivers/STM32F1xx_HAL_Driver/Src/stm32f1xx_hal_iwdg.o
 .debug_info    0x0000bcd9     0x16dc ./Drivers/STM32F1xx_HAL_Driver/Src/stm32f1xx_hal_pcd.o
 .debug_info    0x0000d3b5      0x6c3 ./Drivers/STM32F1xx_HAL_Driver/Src/stm32f1xx_hal_pcd_ex.o
 .debug_info    0x0000da78      0x7d5 ./Drivers/STM32F1xx_HAL_Driver/Src/stm32f1xx_hal_rcc.o
 .debug_info    0x0000e24d      0x3c0 ./Drivers/STM32F1xx_HAL_Driver/Src/stm32f1xx_hal_rcc_ex.o
 .debug_info    0x0000e60d     0x142d ./Drivers/STM32F1xx_HAL_Driver/Src/stm32f1xx_hal_spi.o
 .debug_info    0x0000fa3a     0x2959 ./Drivers/STM32F1xx_HAL_Driver/Src/stm32f1xx_hal_tim.o
 .debug_info    0x00012393     0x149b ./Drivers/STM32F1xx_HAL_Driver/Src/stm32f1xx_hal_tim_ex.o
 .debug_info    0x0001382e     0x2eed ./Drivers/STM32F1xx_HAL_Driver/Src/stm32f1xx_hal_uart.o
 .debug_info    0x0001671b     0x17ae ./Drivers/STM32F1xx_HAL_Driver/Src/stm32f1xx_ll_usb.o
 .debug_info    0x00017ec9     0x1043 ./Middlewares/ST/STM32_USB_Device_Library/Class/CDC/Src/usbd_cdc.o
 .debug_info    0x00018f0c      0xa52 ./Middlewares/ST/STM32_USB_Device_Library/Core/Src/usbd_core.o
 .debug_info    0x0001995e      0x91c ./Middlewares/ST/STM32_USB_Device_Library/Core/Src/usbd_ctlreq.o
 .debug_info    0x0001a27a      0x6a0 ./Middlewares/ST/STM32_USB_Device_Library/Core/Src/usbd_ioreq.o
 .debug_info    0x0001a91a      0x63d ./USB_DEVICE/App/usb_device.o
 .debug_info    0x0001af57      0x8d1 ./USB_DEVICE/App/usbd_cdc_if.o
 .debug_info    0x0001b828      0x44a ./USB_DEVICE/App/usbd_desc.o
 .debug_info    0x0001bc72     0x1864 ./USB_DEVICE/Target/usbd_conf.o

.debug_abbrev   0x00000000     0x5a9e
 .debug_abbrev  0x00000000      0x266 ./App/Common/Utinity.o
 .debug_abbrev  0x00000266      0x13a ./App/Common/average_filter.o
 .debug_abbrev  0x000003a0       0xae ./App/Common/data_curve_linearization.o
 .debug_abbrev  0x0000044e      0x1af ./App/Common/ringBuffer.o
 .debug_abbrev  0x000005fd      0x1cd ./App/Communicate/Communication.o
 .debug_abbrev  0x000007ca      0x248 ./App/Measurement/Measurement.o
 .debug_abbrev  0x00000a12      0x30c ./App/Memory/W25Q_Memory.o
 .debug_abbrev  0x00000d1e       0xc4 ./App/ModbusRTU/CRC16.o
 .debug_abbrev  0x00000de2      0x193 ./App/ModbusRTU/ModbusData.o
 .debug_abbrev  0x00000f75      0x2bf ./App/ModbusRTU/modbus_RTU.o
 .debug_abbrev  0x00001234      0x1f2 ./Core/Src/adc.o
 .debug_abbrev  0x00001426       0xfc ./Core/Src/dma.o
 .debug_abbrev  0x00001522      0x161 ./Core/Src/gpio.o
 .debug_abbrev  0x00001683      0x128 ./Core/Src/iwdg.o
 .debug_abbrev  0x000017ab      0x2b1 ./Core/Src/main.o
 .debug_abbrev  0x00001a5c      0x1e7 ./Core/Src/spi.o
 .debug_abbrev  0x00001c43       0xdb ./Core/Src/stm32f1xx_hal_msp.o
 .debug_abbrev  0x00001d1e      0x1ee ./Core/Src/stm32f1xx_it.o
 .debug_abbrev  0x00001f0c       0xbc ./Core/Src/sysmem.o
 .debug_abbrev  0x00001fc8      0x13f ./Core/Src/system_stm32f1xx.o
 .debug_abbrev  0x00002107      0x20e ./Core/Src/tim.o
 .debug_abbrev  0x00002315      0x1e6 ./Core/Src/usart.o
 .debug_abbrev  0x000024fb       0x24 ./Core/Startup/startup_stm32f103c8tx.o
 .debug_abbrev  0x0000251f      0x201 ./Drivers/STM32F1xx_HAL_Driver/Src/stm32f1xx_hal.o
 .debug_abbrev  0x00002720      0x225 ./Drivers/STM32F1xx_HAL_Driver/Src/stm32f1xx_hal_adc.o
 .debug_abbrev  0x00002945      0x249 ./Drivers/STM32F1xx_HAL_Driver/Src/stm32f1xx_hal_adc_ex.o