../My_USB_DEVICE/Target/usbd_conf.c:646:20:USBD_Get_USB_Status	0	static
../My_USB_DEVICE/Target/usbd_conf.c:69:6:HAL_PCD_MspInit	16	static
../My_USB_DEVICE/Target/usbd_conf.c:88:6:HAL_PCD_MspDeInit	0	static
../My_USB_DEVICE/Target/usbd_conf.c:115:6:HAL_PCD_SetupStageCallback	0	static
../My_USB_DEVICE/Target/usbd_conf.c:130:6:HAL_PCD_DataOutStageCallback	0	static
../My_USB_DEVICE/Target/usbd_conf.c:145:6:HAL_PCD_DataInStageCallback	0	static
../My_USB_DEVICE/Target/usbd_conf.c:159:6:HAL_PCD_SOFCallback	0	static
../My_USB_DEVICE/Target/usbd_conf.c:173:6:HAL_PCD_ResetCallback	8	static
../My_USB_DEVICE/Target/usbd_conf.c:198:6:HAL_PCD_SuspendCallback	8	static
../My_USB_DEVICE/Target/usbd_conf.c:222:6:HAL_PCD_ResumeCallback	0	static
../My_USB_DEVICE/Target/usbd_conf.c:240:6:HAL_PCD_ISOOUTIncompleteCallback	0	static
../My_USB_DEVICE/Target/usbd_conf.c:255:6:HAL_PCD_ISOINIncompleteCallback	0	static
../My_USB_DEVICE/Target/usbd_conf.c:269:6:HAL_PCD_ConnectCallback	0	static
../My_USB_DEVICE/Target/usbd_conf.c:283:6:HAL_PCD_DisconnectCallback	0	static
../My_USB_DEVICE/Target/usbd_conf.c:298:20:USBD_LL_Init	8	static
../My_USB_DEVICE/Target/usbd_conf.c:357:20:USBD_LL_DeInit	8	static
../My_USB_DEVICE/Target/usbd_conf.c:374:20:USBD_LL_Start	8	static
../My_USB_DEVICE/Target/usbd_conf.c:391:20:USBD_LL_Stop	8	static
../My_USB_DEVICE/Target/usbd_conf.c:411:20:USBD_LL_OpenEP	8	static
../My_USB_DEVICE/Target/usbd_conf.c:429:20:USBD_LL_CloseEP	8	static
../My_USB_DEVICE/Target/usbd_conf.c:447:20:USBD_LL_FlushEP	8	static
../My_USB_DEVICE/Target/usbd_conf.c:465:20:USBD_LL_StallEP	8	static
../My_USB_DEVICE/Target/usbd_conf.c:483:20:USBD_LL_ClearStallEP	8	static
../My_USB_DEVICE/Target/usbd_conf.c:501:9:USBD_LL_IsStallEP	0	static
../My_USB_DEVICE/Target/usbd_conf.c:521:20:USBD_LL_SetUSBAddress	8	static
../My_USB_DEVICE/Target/usbd_conf.c:541:20:USBD_LL_Transmit	8	static
../My_USB_DEVICE/Target/usbd_conf.c:561:20:USBD_LL_PrepareReceive	8	static
../My_USB_DEVICE/Target/usbd_conf.c:579:10:USBD_LL_GetRxDataSize	0	static
../My_USB_DEVICE/Target/usbd_conf.c:589:6:USBD_LL_Delay	0	static
../My_USB_DEVICE/Target/usbd_conf.c:599:7:USBD_static_malloc	0	static
../My_USB_DEVICE/Target/usbd_conf.c:610:6:USBD_static_free	0	static
../My_USB_DEVICE/Target/usbd_conf.c:624:6:HAL_PCDEx_SetConnectionState	0	static
