../My_Middlewares/ST/STM32_USB_Device_Library/Class/CDC/Src/usbd_cdc.c:671:17:USBD_CDC_Init	24	static
../My_Middlewares/ST/STM32_USB_Device_Library/Class/CDC/Src/usbd_cdc.c:796:17:USBD_CDC_DeInit	24	static
../My_Middlewares/ST/STM32_USB_Device_Library/Class/CDC/Src/usbd_cdc.c:830:17:USBD_CDC_Setup	40	static
../My_Middlewares/ST/STM32_USB_Device_Library/Class/CDC/Src/usbd_cdc.c:927:17:USBD_CDC_DataIn	24	static
../My_Middlewares/ST/STM32_USB_Device_Library/Class/CDC/Src/usbd_cdc.c:961:17:USBD_CDC_DataOut	24	static
../My_Middlewares/ST/STM32_USB_Device_Library/Class/CDC/Src/usbd_cdc.c:988:17:USBD_CDC_EP0_RxReady	32	static
../My_Middlewares/ST/STM32_USB_Device_Library/Class/CDC/Src/usbd_cdc.c:1011:18:USBD_CDC_GetFSCfgDesc	16	static
../My_Middlewares/ST/STM32_USB_Device_Library/Class/CDC/Src/usbd_cdc.c:1024:18:USBD_CDC_GetHSCfgDesc	16	static
../My_Middlewares/ST/STM32_USB_Device_Library/Class/CDC/Src/usbd_cdc.c:1037:18:USBD_CDC_GetOtherSpeedCfgDesc	16	static
../My_Middlewares/ST/STM32_USB_Device_Library/Class/CDC/Src/usbd_cdc.c:1049:11:USBD_CDC_GetDeviceQualifierDescriptor	16	static
../My_Middlewares/ST/STM32_USB_Device_Library/Class/CDC/Src/usbd_cdc.c:1061:10:USBD_CDC_RegisterInterface	24	static
../My_Middlewares/ST/STM32_USB_Device_Library/Class/CDC/Src/usbd_cdc.c:1081:10:USBD_CDC_SetTxBuffer	32	static
../My_Middlewares/ST/STM32_USB_Device_Library/Class/CDC/Src/usbd_cdc.c:1100:10:USBD_CDC_SetRxBuffer	24	static
../My_Middlewares/ST/STM32_USB_Device_Library/Class/CDC/Src/usbd_cdc.c:1116:10:USBD_CDC_TransmitPacket	24	static
../My_Middlewares/ST/STM32_USB_Device_Library/Class/CDC/Src/usbd_cdc.c:1156:10:USBD_CDC_ReceivePacket	24	static
