Archive member included to satisfy reference by file (symbol)

C:/ST/STM32CubeIDE_1.10.1/STM32CubeIDE/plugins/com.st.stm32cube.ide.mcu.externaltools.gnu-tools-for-stm32.12.3.rel1.win32_1.0.200.202406191623/tools/bin/../lib/gcc/arm-none-eabi/12.3.1/../../../../arm-none-eabi/lib/thumb/v7-m/nofp\libc_nano.a(libc_a-exit.o)
                              C:/ST/STM32CubeIDE_1.10.1/STM32CubeIDE/plugins/com.st.stm32cube.ide.mcu.externaltools.gnu-tools-for-stm32.12.3.rel1.win32_1.0.200.202406191623/tools/bin/../lib/gcc/arm-none-eabi/12.3.1/../../../../arm-none-eabi/lib/thumb/v7-m/nofp/crt0.o (exit)
C:/ST/STM32CubeIDE_1.10.1/STM32CubeIDE/plugins/com.st.stm32cube.ide.mcu.externaltools.gnu-tools-for-stm32.12.3.rel1.win32_1.0.200.202406191623/tools/bin/../lib/gcc/arm-none-eabi/12.3.1/../../../../arm-none-eabi/lib/thumb/v7-m/nofp\libc_nano.a(libc_a-malloc.o)
                              ./App/Common/average_filter.o (malloc)
C:/ST/STM32CubeIDE_1.10.1/STM32CubeIDE/plugins/com.st.stm32cube.ide.mcu.externaltools.gnu-tools-for-stm32.12.3.rel1.win32_1.0.200.202406191623/tools/bin/../lib/gcc/arm-none-eabi/12.3.1/../../../../arm-none-eabi/lib/thumb/v7-m/nofp\libc_nano.a(libc_a-mallocr.o)
                              C:/ST/STM32CubeIDE_1.10.1/STM32CubeIDE/plugins/com.st.stm32cube.ide.mcu.externaltools.gnu-tools-for-stm32.12.3.rel1.win32_1.0.200.202406191623/tools/bin/../lib/gcc/arm-none-eabi/12.3.1/../../../../arm-none-eabi/lib/thumb/v7-m/nofp\libc_nano.a(libc_a-malloc.o) (_malloc_r)
C:/ST/STM32CubeIDE_1.10.1/STM32CubeIDE/plugins/com.st.stm32cube.ide.mcu.externaltools.gnu-tools-for-stm32.12.3.rel1.win32_1.0.200.202406191623/tools/bin/../lib/gcc/arm-none-eabi/12.3.1/../../../../arm-none-eabi/lib/thumb/v7-m/nofp\libc_nano.a(libc_a-mlock.o)
                              C:/ST/STM32CubeIDE_1.10.1/STM32CubeIDE/plugins/com.st.stm32cube.ide.mcu.externaltools.gnu-tools-for-stm32.12.3.rel1.win32_1.0.200.202406191623/tools/bin/../lib/gcc/arm-none-eabi/12.3.1/../../../../arm-none-eabi/lib/thumb/v7-m/nofp\libc_nano.a(libc_a-mallocr.o) (__malloc_lock)
C:/ST/STM32CubeIDE_1.10.1/STM32CubeIDE/plugins/com.st.stm32cube.ide.mcu.externaltools.gnu-tools-for-stm32.12.3.rel1.win32_1.0.200.202406191623/tools/bin/../lib/gcc/arm-none-eabi/12.3.1/../../../../arm-none-eabi/lib/thumb/v7-m/nofp\libc_nano.a(libc_a-findfp.o)
                              C:/ST/STM32CubeIDE_1.10.1/STM32CubeIDE/plugins/com.st.stm32cube.ide.mcu.externaltools.gnu-tools-for-stm32.12.3.rel1.win32_1.0.200.202406191623/tools/bin/../lib/gcc/arm-none-eabi/12.3.1/../../../../arm-none-eabi/lib/thumb/v7-m/nofp\libc_nano.a(libc_a-exit.o) (__stdio_exit_handler)
C:/ST/STM32CubeIDE_1.10.1/STM32CubeIDE/plugins/com.st.stm32cube.ide.mcu.externaltools.gnu-tools-for-stm32.12.3.rel1.win32_1.0.200.202406191623/tools/bin/../lib/gcc/arm-none-eabi/12.3.1/../../../../arm-none-eabi/lib/thumb/v7-m/nofp\libc_nano.a(libc_a-fwalk.o)
                              C:/ST/STM32CubeIDE_1.10.1/STM32CubeIDE/plugins/com.st.stm32cube.ide.mcu.externaltools.gnu-tools-for-stm32.12.3.rel1.win32_1.0.200.202406191623/tools/bin/../lib/gcc/arm-none-eabi/12.3.1/../../../../arm-none-eabi/lib/thumb/v7-m/nofp\libc_nano.a(libc_a-findfp.o) (_fwalk_sglue)
C:/ST/STM32CubeIDE_1.10.1/STM32CubeIDE/plugins/com.st.stm32cube.ide.mcu.externaltools.gnu-tools-for-stm32.12.3.rel1.win32_1.0.200.202406191623/tools/bin/../lib/gcc/arm-none-eabi/12.3.1/../../../../arm-none-eabi/lib/thumb/v7-m/nofp\libc_nano.a(libc_a-stdio.o)
                              C:/ST/STM32CubeIDE_1.10.1/STM32CubeIDE/plugins/com.st.stm32cube.ide.mcu.externaltools.gnu-tools-for-stm32.12.3.rel1.win32_1.0.200.202406191623/tools/bin/../lib/gcc/arm-none-eabi/12.3.1/../../../../arm-none-eabi/lib/thumb/v7-m/nofp\libc_nano.a(libc_a-findfp.o) (__sread)
C:/ST/STM32CubeIDE_1.10.1/STM32CubeIDE/plugins/com.st.stm32cube.ide.mcu.externaltools.gnu-tools-for-stm32.12.3.rel1.win32_1.0.200.202406191623/tools/bin/../lib/gcc/arm-none-eabi/12.3.1/../../../../arm-none-eabi/lib/thumb/v7-m/nofp\libc_nano.a(libc_a-memset.o)
                              C:/ST/STM32CubeIDE_1.10.1/STM32CubeIDE/plugins/com.st.stm32cube.ide.mcu.externaltools.gnu-tools-for-stm32.12.3.rel1.win32_1.0.200.202406191623/tools/bin/../lib/gcc/arm-none-eabi/12.3.1/../../../../arm-none-eabi/lib/thumb/v7-m/nofp/crt0.o (memset)
C:/ST/STM32CubeIDE_1.10.1/STM32CubeIDE/plugins/com.st.stm32cube.ide.mcu.externaltools.gnu-tools-for-stm32.12.3.rel1.win32_1.0.200.202406191623/tools/bin/../lib/gcc/arm-none-eabi/12.3.1/../../../../arm-none-eabi/lib/thumb/v7-m/nofp\libc_nano.a(libc_a-closer.o)
                              C:/ST/STM32CubeIDE_1.10.1/STM32CubeIDE/plugins/com.st.stm32cube.ide.mcu.externaltools.gnu-tools-for-stm32.12.3.rel1.win32_1.0.200.202406191623/tools/bin/../lib/gcc/arm-none-eabi/12.3.1/../../../../arm-none-eabi/lib/thumb/v7-m/nofp\libc_nano.a(libc_a-stdio.o) (_close_r)
[...]
Memory Configuration

Name             Origin             Length             Attributes
RAM              0x20000000         0x00005000         rw
FLASH            0x08000000         0x00010000         xr
*default*        0x00000000         0xffffffff

Linker script and memory map

LOAD C:/ST/STM32CubeIDE_1.10.1/STM32CubeIDE/plugins/com.st.stm32cube.ide.mcu.externaltools.gnu-tools-for-stm32.12.3.rel1.win32_1.0.200.202406191623/tools/bin/../lib/gcc/arm-none-eabi/12.3.1/thumb/v7-m/nofp/crti.o
LOAD C:/ST/STM32CubeIDE_1.10.1/STM32CubeIDE/plugins/com.st.stm32cube.ide.mcu.externaltools.gnu-tools-for-stm32.12.3.rel1.win32_1.0.200.202406191623/tools/bin/../lib/gcc/arm-none-eabi/12.3.1/thumb/v7-m/nofp/crtbegin.o
LOAD C:/ST/STM32CubeIDE_1.10.1/STM32CubeIDE/plugins/com.st.stm32cube.ide.mcu.externaltools.gnu-tools-for-stm32.12.3.rel1.win32_1.0.200.202406191623/tools/bin/../lib/gcc/arm-none-eabi/12.3.1/../../../../arm-none-eabi/lib/thumb/v7-m/nofp/crt0.o
LOAD ./App/Common/Utinity.o
LOAD ./App/Common/average_filter.o
LOAD ./App/Common/data_curve_linearization.o
LOAD ./App/Common/ringBuffer.o
LOAD ./App/Communicate/Communication.o
LOAD ./App/Measurement/Measurement.o
LOAD ./App/Memory/W25Q_Memory.o
LOAD ./App/ModbusRTU/CRC16.o
LOAD ./App/ModbusRTU/ModbusData.o
LOAD ./App/ModbusRTU/modbus_RTU.o
LOAD ./Core/Src/adc.o
LOAD ./Core/Src/dma.o
LOAD ./Core/Src/gpio.o
LOAD ./Core/Src/iwdg.o
LOAD ./Core/Src/main.o
LOAD ./Core/Src/spi.o
LOAD ./Core/Src/stm32f1xx_hal_msp.o
LOAD ./Core/Src/stm32f1xx_it.o
LOAD ./Core/Src/syscalls.o
LOAD ./Core/Src/sysmem.o
LOAD ./Core/Src/system_stm32f1xx.o
LOAD ./Core/Src/tim.o
LOAD ./Core/Src/usart.o
LOAD ./Core/Startup/startup_stm32f103c8tx.o
LOAD ./Drivers/STM32F1xx_HAL_Driver/Src/stm32f1xx_hal.o
LOAD ./Drivers/STM32F1xx_HAL_Driver/Src/stm32f1xx_hal_adc.o
LOAD ./Drivers/STM32F1xx_HAL_Driver/Src/stm32f1xx_hal_adc_ex.o
LOAD ./Drivers/STM32F1xx_HAL_Driver/Src/stm32f1xx_hal_cortex.o
LOAD ./Drivers/STM32F1xx_HAL_Driver/Src/stm32f1xx_hal_dma.o
LOAD ./Drivers/STM32F1xx_HAL_Driver/Src/stm32f1xx_hal_exti.o
LOAD ./Drivers/STM32F1xx_HAL_Driver/Src/stm32f1xx_hal_flash.o
LOAD ./Drivers/STM32F1xx_HAL_Driver/Src/stm32f1xx_hal_flash_ex.o
LOAD ./Drivers/STM32F1xx_HAL_Driver/Src/stm32f1xx_hal_gpio.o
LOAD ./Drivers/STM32F1xx_HAL_Driver/Src/stm32f1xx_hal_gpio_ex.o
LOAD ./Drivers/STM32F1xx_HAL_Driver/Src/stm32f1xx_hal_iwdg.o
LOAD ./Drivers/STM32F1xx_HAL_Driver/Src/stm32f1xx_hal_pcd.o
LOAD ./Drivers/STM32F1xx_HAL_Driver/Src/stm32f1xx_hal_pcd_ex.o
LOAD ./Drivers/STM32F1xx_HAL_Driver/Src/stm32f1xx_hal_pwr.o
LOAD ./Drivers/STM32F1xx_HAL_Driver/Src/stm32f1xx_hal_rcc.o
LOAD ./Drivers/STM32F1xx_HAL_Driver/Src/stm32f1xx_hal_rcc_ex.o
LOAD ./Drivers/STM32F1xx_HAL_Driver/Src/stm32f1xx_hal_spi.o
LOAD ./Drivers/STM32F1xx_HAL_Driver/Src/stm32f1xx_hal_tim.o
LOAD ./Drivers/STM32F1xx_HAL_Driver/Src/stm32f1xx_hal_tim_ex.o
LOAD ./Drivers/STM32F1xx_HAL_Driver/Src/stm32f1xx_hal_uart.o
LOAD ./Drivers/STM32F1xx_HAL_Driver/Src/stm32f1xx_ll_usb.o
LOAD ./Middlewares/ST/STM32_USB_Device_Library/Class/CDC/Src/usbd_cdc.o
LOAD ./Middlewares/ST/STM32_USB_Device_Library/Core/Src/usbd_core.o
LOAD ./Middlewares/ST/STM32_USB_Device_Library/Core/Src/usbd_ctlreq.o
LOAD ./Middlewares/ST/STM32_USB_Device_Library/Core/Src/usbd_ioreq.o
LOAD ./USB_DEVICE/App/usb_device.o
LOAD ./USB_DEVICE/App/usbd_cdc_if.o
LOAD ./USB_DEVICE/App/usbd_desc.o
LOAD ./USB_DEVICE/Target/usbd_conf.o
START GROUP
LOAD C:/ST/STM32CubeIDE_1.10.1/STM32CubeIDE/plugins/com.st.stm32cube.ide.mcu.externaltools.gnu-tools-for-stm32.12.3.rel1.win32_1.0.200.202406191623/tools/bin/../lib/gcc/arm-none-eabi/12.3.1/../../../../arm-none-eabi/lib/thumb/v7-m/nofp\libc_nano.a
LOAD C:/ST/STM32CubeIDE_1.10.1/STM32CubeIDE/plugins/com.st.stm32cube.ide.mcu.externaltools.gnu-tools-for-stm32.12.3.rel1.win32_1.0.200.202406191623/tools/bin/../lib/gcc/arm-none-eabi/12.3.1/../../../../arm-none-eabi/lib/thumb/v7-m/nofp\libm.a
END GROUP
START GROUP
LOAD C:/ST/STM32CubeIDE_1.10.1/STM32CubeIDE/plugins/com.st.stm32cube.ide.mcu.externaltools.gnu-tools-for-stm32.12.3.rel1.win32_1.0.200.202406191623/tools/bin/../lib/gcc/arm-none-eabi/12.3.1/thumb/v7-m/nofp\libgcc.a
LOAD C:/ST/STM32CubeIDE_1.10.1/STM32CubeIDE/plugins/com.st.stm32cube.ide.mcu.externaltools.gnu-tools-for-stm32.12.3.rel1.win32_1.0.200.202406191623/tools/bin/../lib/gcc/arm-none-eabi/12.3.1/../../../../arm-none-eabi/lib/thumb/v7-m/nofp\libc_nano.a
END GROUP
START GROUP
LOAD C:/ST/STM32CubeIDE_1.10.1/STM32CubeIDE/plugins/com.st.stm32cube.ide.mcu.externaltools.gnu-tools-for-stm32.12.3.rel1.win32_1.0.200.202406191623/tools/bin/../lib/gcc/arm-none-eabi/12.3.1/thumb/v7-m/nofp\libgcc.a
LOAD C:/ST/STM32CubeIDE_1.10.1/STM32CubeIDE/plugins/com.st.stm32cube.ide.mcu.externaltools.gnu-tools-for-stm32.12.3.rel1.win32_1.0.200.202406191623/tools/bin/../lib/gcc/arm-none-eabi/12.3.1/../../../../arm-none-eabi/lib/thumb/v7-m/nofp\libc_nano.a
LOAD C:/ST/STM32CubeIDE_1.10.1/STM32CubeIDE/plugins/com.st.stm32cube.ide.mcu.externaltools.gnu-tools-for-stm32.12.3.rel1.win32_1.0.200.202406191623/tools/bin/../lib/gcc/arm-none-eabi/12.3.1/../../../../arm-none-eabi/lib/thumb/v7-m/nofp\libnosys.a
END GROUP
START GROUP
LOAD C:/ST/STM32CubeIDE_1.10.1/STM32CubeIDE/plugins/com.st.stm32cube.ide.mcu.externaltools.gnu-tools-for-stm32.12.3.rel1.win32_1.0.200.202406191623/tools/bin/../lib/gcc/arm-none-eabi/12.3.1/thumb/v7-m/nofp\libgcc.a
LOAD C:/ST/STM32CubeIDE_1.10.1/STM32CubeIDE/plugins/com.st.stm32cube.ide.mcu.externaltools.gnu-tools-for-stm32.12.3.rel1.win32_1.0.200.202406191623/tools/bin/../lib/gcc/arm-none-eabi/12.3.1/../../../../arm-none-eabi/lib/thumb/v7-m/nofp\libc_nano.a
LOAD C:/ST/STM32CubeIDE_1.10.1/STM32CubeIDE/plugins/com.st.stm32cube.ide.mcu.externaltools.gnu-tools-for-stm32.12.3.rel1.win32_1.0.200.202406191623/tools/bin/../lib/gcc/arm-none-eabi/12.3.1/../../../../arm-none-eabi/lib/thumb/v7-m/nofp\libnosys.a
END GROUP
LOAD C:/ST/STM32CubeIDE_1.10.1/STM32CubeIDE/plugins/com.st.stm32cube.ide.mcu.externaltools.gnu-tools-for-stm32.12.3.rel1.win32_1.0.200.202406191623/tools/bin/../lib/gcc/arm-none-eabi/12.3.1/thumb/v7-m/nofp/crtend.o
LOAD C:/ST/STM32CubeIDE_1.10.1/STM32CubeIDE/plugins/com.st.stm32cube.ide.mcu.externaltools.gnu-tools-for-stm32.12.3.rel1.win32_1.0.200.202406191623/tools/bin/../lib/gcc/arm-none-eabi/12.3.1/thumb/v7-m/nofp/crtn.o
                0x20005000                        _estack = (ORIGIN (RAM) + LENGTH (RAM))
                0x00000200                        _Min_Heap_Size = 0x200
                0x00000400                        _Min_Stack_Size = 0x400

.isr_vector     0x08000000      0x10c
                0x08000000                        . = ALIGN (0x4)
 *(.isr_vector)
 .isr_vector    0x08000000      0x10c ./Core/Startup/startup_stm32f103c8tx.o
                0x08000000                g_pfnVectors
                0x0800010c                        . = ALIGN (0x4)

.text           0x08000110     0xc028
                0x08000110                        . = ALIGN (0x4)
 *(.text)
 .text          0x08000110       0x40 C:/ST/STM32CubeIDE_1.10.1/STM32CubeIDE/plugins/com.st.stm32cube.ide.mcu.externaltools.gnu-tools-for-stm32.12.3.rel1.win32_1.0.200.202406191623/tools/bin/../lib/gcc/arm-none-eabi/12.3.1/thumb/v7-m/nofp/crtbegin.o
 .text          0x08000150      0x378 C:/ST/STM32CubeIDE_1.10.1/STM32CubeIDE/plugins/com.st.stm32cube.ide.mcu.externaltools.gnu-tools-for-stm32.12.3.rel1.win32_1.0.200.202406191623/tools/bin/../lib/gcc/arm-none-eabi/12.3.1/thumb/v7-m/nofp\libgcc.a(_arm_addsubdf3.o)
                0x08000150                __aeabi_drsub
                0x08000158                __aeabi_dsub
                0x08000158                __subdf3
                0x0800015c                __aeabi_dadd
                0x0800015c                __adddf3
                0x080003d4                __floatunsidf
                0x080003d4                __aeabi_ui2d
                0x080003f4                __floatsidf
                0x080003f4                __aeabi_i2d
                0x08000418                __aeabi_f2d
                0x08000418                __extendsfdf2
                0x0800045c                __floatundidf
                0x0800045c                __aeabi_ul2d
                0x0800046c                __floatdidf
                0x0800046c                __aeabi_l2d
 .text          0x080004c8       0xa0 C:/ST/STM32CubeIDE_1.10.1/STM32CubeIDE/plugins/com.st.stm32cube.ide.mcu.externaltools.gnu-tools-for-stm32.12.3.rel1.win32_1.0.200.202406191623/tools/bin/../lib/gcc/arm-none-eabi/12.3.1/thumb/v7-m/nofp\libgcc.a(_arm_truncdfsf2.o)
                0x080004c8                __truncdfsf2
                0x080004c8                __aeabi_d2f
 .text          0x08000568      0x21c C:/ST/STM32CubeIDE_1.10.1/STM32CubeIDE/plugins/com.st.stm32cube.ide.mcu.externaltools.gnu-tools-for-stm32.12.3.rel1.win32_1.0.200.202406191623/tools/bin/../lib/gcc/arm-none-eabi/12.3.1/thumb/v7-m/nofp\libgcc.a(_arm_addsubsf3.o)
                0x08000568                __aeabi_frsub
                0x08000570                __subsf3
                0x08000570                __aeabi_fsub
                0x08000574                __aeabi_fadd
                0x08000574                __addsf3
                0x080006d4                __aeabi_ui2f
                0x080006d4                __floatunsisf
                0x080006dc                __aeabi_i2f
                0x080006dc                __floatsisf
                0x080006f8                __aeabi_ul2f
                0x080006f8                __floatundisf
                0x08000708                __aeabi_l2f
                0x08000708                __floatdisf
 .text          0x08000784      0x2a0 C:/ST/STM32CubeIDE_1.10.1/STM32CubeIDE/plugins/com.st.stm32cube.ide.mcu.externaltools.gnu-tools-for-stm32.12.3.rel1.win32_1.0.200.202406191623/tools/bin/../lib/gcc/arm-none-eabi/12.3.1/thumb/v7-m/nofp\libgcc.a(_arm_muldivsf3.o)
                0x08000784                __mulsf3
                0x08000784                __aeabi_fmul
                0x080008ec                __aeabi_fdiv
                0x080008ec                __divsf3
 .text          0x08000a24       0xec C:/ST/STM32CubeIDE_1.10.1/STM32CubeIDE/plugins/com.st.stm32cube.ide.mcu.externaltools.gnu-tools-for-stm32.12.3.rel1.win32_1.0.200.202406191623/tools/bin/../lib/gcc/arm-none-eabi/12.3.1/thumb/v7-m/nofp\libgcc.a(_arm_cmpsf2.o)
                0x08000a24                __gesf2
                0x08000a24                __gtsf2
                0x08000a2c                __lesf2
                0x08000a2c                __ltsf2
                0x08000a34                __nesf2
                0x08000a34                __eqsf2
                0x08000a34                __cmpsf2
                0x08000a94                __aeabi_cfrcmple
                0x08000a9c                __aeabi_cfcmpeq
                0x08000a9c                __aeabi_cfcmple
                0x08000aac                __aeabi_fcmpeq
                0x08000ac0                __aeabi_fcmplt
                0x08000ad4                __aeabi_fcmple
                0x08000ae8                __aeabi_fcmpge
                0x08000afc                __aeabi_fcmpgt
 *(.text*)
 .text.IO_init  0x08000b10       0xa0 ./App/Common/Utinity.o
                0x08000b10                IO_init
 .text.IO_set_output
                0x08000bb0       0x58 ./App/Common/Utinity.o
                0x08000bb0                IO_set_output
 .text.IO_get_ouput
                0x08000c08       0x50 ./App/Common/Utinity.o
                0x08000c08                IO_get_ouput
 .text.LED_task
                0x08000c58      0x174 ./App/Common/Utinity.o
                0x08000c58                LED_task
 .text.WDT_task
                0x08000dcc      0x144 ./App/Common/Utinity.o
                0x08000dcc                WDT_task
 .text.RST_CM4_byResetPin
                0x08000f10       0x5c ./App/Common/Utinity.o
                0x08000f10                RST_CM4_byResetPin
 .text.AVERAGE_FILTER_creat
                0x08000f6c       0x4e ./App/Common/average_filter.o
                0x08000f6c                AVERAGE_FILTER_creat
 .text.AVERAGE_FILTER_update
                0x08000fba       0x8c ./App/Common/average_filter.o
                0x08000fba                AVERAGE_FILTER_update
 .text.AVERAGE_FILTER_getAverageValue
                0x08001046       0x2a ./App/Common/average_filter.o
                0x08001046                AVERAGE_FILTER_getAverageValue
 .text.Linearization_data
                0x08001070       0xfa ./App/Common/data_curve_linearization.o
                0x08001070                Linearization_data
 .text.ringBuffer_creat
                0x0800116a       0x52 ./App/Common/ringBuffer.o
                0x0800116a                ringBuffer_creat
 .text.ringBuffer_write
                0x080011bc       0x9a ./App/Common/ringBuffer.o
                0x080011bc                ringBuffer_write
 .text.ringBuffer_read
                0x08001256       0x68 ./App/Common/ringBuffer.o
                0x08001256                ringBuffer_read
 .text.ringBuffer_getLength
                0x080012be       0x40 ./App/Common/ringBuffer.o
                0x080012be                ringBuffer_getLength
 *fill*         0x080012fe        0x2 
 .text.Communication_init
                0x08001300       0x1c ./App/Communicate/Communication.o
                0x08001300                Communication_init
 .text.USB_Reconnect
                0x0800131c       0x28 ./App/Communicate/Communication.o
                0x0800131c                USB_Reconnect
 .text.Modbus_service
                0x08001344       0xb4 ./App/Communicate/Communication.o
                0x08001344                Modbus_service
 .text.ModbusTask
                0x080013f8       0x10 ./App/Communicate/Communication.o
                0x080013f8                ModbusTask
 .text.ADC_init
                0x08001408       0x64 ./App/Measurement/Measurement.o
                0x08001408                ADC_init
 .text.ADC_cap_temp_vol
                0x0800146c       0x4c ./App/Measurement/Measurement.o
                0x0800146c                ADC_cap_temp_vol
 .text.get_board_temperature
                0x080014b8       0x28 ./App/Measurement/Measurement.o
                0x080014b8                get_board_temperature
 .text.get_DCIN_voltage
                0x080014e0       0x3c ./App/Measurement/Measurement.o
                0x080014e0                get_DCIN_voltage
 .text.get_mcu_temperature
                0x0800151c       0x6c ./App/Measurement/Measurement.o
                0x0800151c                get_mcu_temperature
 .text.ADC_measure
                0x08001588       0x54 ./App/Measurement/Measurement.o
                0x08001588                ADC_measure
 .text.W25qxx_Spi
                0x080015dc       0x2c ./App/Memory/W25Q_Memory.o
                0x080015dc                W25qxx_Spi
 .text.W25qxx_ReadID
                0x08001608       0x5c ./App/Memory/W25Q_Memory.o
                0x08001608                W25qxx_ReadID
 .text.W25qxx_ReadUniqID
                0x08001664       0x6c ./App/Memory/W25Q_Memory.o
                0x08001664                W25qxx_ReadUniqID
 .text.W25qxx_ReadStatusRegister
                0x080016d0       0x8c ./App/Memory/W25Q_Memory.o
                0x080016d0                W25qxx_ReadStatusRegister
 .text.W25qxx_Check_Infomation
                0x0800175c      0x174 ./App/Memory/W25Q_Memory.o
                0x0800175c                W25qxx_Check_Infomation
 .text.CRCCalc  0x080018d0       0x6c ./App/ModbusRTU/CRC16.o
                0x080018d0                CRCCalc
 .text.LoadConfigData
                0x0800193c       0x50 ./App/ModbusRTU/ModbusData.o
                0x0800193c                LoadConfigData
 .text.ModbusData
                0x0800198c       0xe0 ./App/ModbusRTU/ModbusData.o
                0x0800198c                ModbusData
 .text.Modbus_Process
                0x08001a6c      0x170 ./App/ModbusRTU/modbus_RTU.o
                0x08001a6c                Modbus_Process
 .text.Modbus_Exeption_Response
                0x08001bdc       0x36 ./App/ModbusRTU/modbus_RTU.o
                0x08001bdc                Modbus_Exeption_Response
 *fill*         0x08001c12        0x2 
 .text.Modbus_FC1_ReadCoilStatus
                0x08001c14      0x114 ./App/ModbusRTU/modbus_RTU.o
                0x08001c14                Modbus_FC1_ReadCoilStatus
 .text.Modbus_FC2_ReadDisceteInput
                0x08001d28      0x114 ./App/ModbusRTU/modbus_RTU.o
                0x08001d28                Modbus_FC2_ReadDisceteInput
 .text.Modbus_FC3_ReadHoldingReg
                0x08001e3c       0xd4 ./App/ModbusRTU/modbus_RTU.o
                0x08001e3c                Modbus_FC3_ReadHoldingReg
 .text.Modbus_FC4_ReadInputReg
                0x08001f10       0xd4 ./App/ModbusRTU/modbus_RTU.o
                0x08001f10                Modbus_FC4_ReadInputReg
 .text.Modbus_FC5_ForceSingleCoil
                0x08001fe4       0x9c ./App/ModbusRTU/modbus_RTU.o
                0x08001fe4                Modbus_FC5_ForceSingleCoil
 .text.Modbus_FC6_WriteSingleReg
                0x08002080       0x94 ./App/ModbusRTU/modbus_RTU.o
                0x08002080                Modbus_FC6_WriteSingleReg
 .text.Modbus_FC15_ForceMultiCoil
                0x08002114       0xc4 ./App/ModbusRTU/modbus_RTU.o
                0x08002114                Modbus_FC15_ForceMultiCoil
 .text.Modbus_FC16_WriteMultiReg
                0x080021d8       0xcc ./App/ModbusRTU/modbus_RTU.o
                0x080021d8                Modbus_FC16_WriteMultiReg
 .text.MX_ADC1_Init
                0x080022a4       0xb8 ./Core/Src/adc.o
                0x080022a4                MX_ADC1_Init
 .text.HAL_ADC_MspInit
                0x0800235c       0xd4 ./Core/Src/adc.o
                0x0800235c                HAL_ADC_MspInit
 .text.MX_DMA_Init
                0x08002430       0x3c ./Core/Src/dma.o
                0x08002430                MX_DMA_Init
 .text.MX_GPIO_Init
                0x0800246c      0x114 ./Core/Src/gpio.o
                0x0800246c                MX_GPIO_Init
 .text.MX_IWDG_Init
                0x08002580       0x34 ./Core/Src/iwdg.o
                0x08002580                MX_IWDG_Init
 .text.main     0x080025b4       0xd8 ./Core/Src/main.o
                0x080025b4                main
 .text.SystemClock_Config
                0x0800268c       0xbe ./Core/Src/main.o
                0x0800268c                SystemClock_Config
 *fill*         0x0800274a        0x2 
 .text.HAL_GPIO_EXTI_Callback
                0x0800274c       0x4c ./Core/Src/main.o
                0x0800274c                HAL_GPIO_EXTI_Callback
 .text.HAL_TIM_PeriodElapsedCallback
                0x08002798       0x12 ./Core/Src/main.o
                0x08002798                HAL_TIM_PeriodElapsedCallback
 *fill*         0x080027aa        0x2 
 .text.Error_Handler
                0x080027ac       0x1c ./Core/Src/main.o
                0x080027ac                Error_Handler
 .text.MX_SPI1_Init
                0x080027c8       0x6c ./Core/Src/spi.o
                0x080027c8                MX_SPI1_Init
 .text.HAL_SPI_MspInit
                0x08002834       0x94 ./Core/Src/spi.o
                0x08002834                HAL_SPI_MspInit
 .text.HAL_MspInit
                0x080028c8       0x64 ./Core/Src/stm32f1xx_hal_msp.o
                0x080028c8                HAL_MspInit
 .text.NMI_Handler
                0x0800292c        0x8 ./Core/Src/stm32f1xx_it.o
                0x0800292c                NMI_Handler
 .text.HardFault_Handler
                0x08002934        0xc ./Core/Src/stm32f1xx_it.o
                0x08002934                HardFault_Handler
 .text.MemManage_Handler
                0x08002940        0x8 ./Core/Src/stm32f1xx_it.o
                0x08002940                MemManage_Handler
 .text.BusFault_Handler
                0x08002948        0xc ./Core/Src/stm32f1xx_it.o
                0x08002948                BusFault_Handler
 .text.UsageFault_Handler
                0x08002954        0xc ./Core/Src/stm32f1xx_it.o
                0x08002954                UsageFault_Handler
 .text.SVC_Handler
                0x08002960        0xc ./Core/Src/stm32f1xx_it.o
                0x08002960                SVC_Handler
 .text.DebugMon_Handler
                0x0800296c        0xc ./Core/Src/stm32f1xx_it.o
                0x0800296c                DebugMon_Handler
 .text.PendSV_Handler
                0x08002978        0xc ./Core/Src/stm32f1xx_it.o
                0x08002978                PendSV_Handler
 .text.SysTick_Handler
                0x08002984        0xc ./Core/Src/stm32f1xx_it.o
                0x08002984                SysTick_Handler
 .text.DMA1_Channel1_IRQHandler
                0x08002990       0x14 ./Core/Src/stm32f1xx_it.o
                0x08002990                DMA1_Channel1_IRQHandler
 .text.USB_LP_CAN1_RX0_IRQHandler
                0x080029a4       0x14 ./Core/Src/stm32f1xx_it.o
                0x080029a4                USB_LP_CAN1_RX0_IRQHandler
 .text.EXTI9_5_IRQHandler
                0x080029b8       0x10 ./Core/Src/stm32f1xx_it.o
                0x080029b8                EXTI9_5_IRQHandler
 .text.TIM2_IRQHandler
                0x080029c8       0x14 ./Core/Src/stm32f1xx_it.o
                0x080029c8                TIM2_IRQHandler
 .text._sbrk    0x080029dc       0x6c ./Core/Src/sysmem.o
                0x080029dc                _sbrk
 .text.SystemInit
                0x08002a48        0xc ./Core/Src/system_stm32f1xx.o
                0x08002a48                SystemInit
 .text.MX_TIM2_Init
                0x08002a54       0x98 ./Core/Src/tim.o
                0x08002a54                MX_TIM2_Init
 .text.HAL_TIM_Base_MspInit
                0x08002aec       0x48 ./Core/Src/tim.o
                0x08002aec                HAL_TIM_Base_MspInit
 .text.MX_USART1_UART_Init
                0x08002b34       0x54 ./Core/Src/usart.o
                0x08002b34                MX_USART1_UART_Init
 .text.HAL_UART_MspInit
                0x08002b88       0x98 ./Core/Src/usart.o
                0x08002b88                HAL_UART_MspInit
 .text.HAL_UART_MspDeInit
                0x08002c20       0x7c ./Core/Src/usart.o
                0x08002c20                HAL_UART_MspDeInit
 .text.Reset_Handler
                0x08002c9c       0x48 ./Core/Startup/startup_stm32f103c8tx.o
                0x08002c9c                Reset_Handler
 .text.Default_Handler
                0x08002ce4        0x2 ./Core/Startup/startup_stm32f103c8tx.o
                0x08002ce4                RTC_Alarm_IRQHandler
                0x08002ce4                EXTI2_IRQHandler
                0x08002ce4                TIM1_CC_IRQHandler
                0x08002ce4                PVD_IRQHandler
                0x08002ce4                EXTI3_IRQHandler
                0x08002ce4                EXTI0_IRQHandler
                0x08002ce4                I2C2_EV_IRQHandler
                0x08002ce4                ADC1_2_IRQHandler
                0x08002ce4                SPI1_IRQHandler
                0x08002ce4                TAMPER_IRQHandler
                0x08002ce4                DMA1_Channel4_IRQHandler
                0x08002ce4                USART3_IRQHandler
                0x08002ce4                RTC_IRQHandler
                0x08002ce4                DMA1_Channel7_IRQHandler
                0x08002ce4                CAN1_RX1_IRQHandler
                0x08002ce4                TIM4_IRQHandler
                0x08002ce4                I2C1_EV_IRQHandler
                0x08002ce4                DMA1_Channel6_IRQHandler
                0x08002ce4                TIM3_IRQHandler
                0x08002ce4                RCC_IRQHandler
                0x08002ce4                TIM1_TRG_COM_IRQHandler
                0x08002ce4                Default_Handler
                0x08002ce4                EXTI15_10_IRQHandler
                0x08002ce4                SPI2_IRQHandler
                0x08002ce4                DMA1_Channel5_IRQHandler
                0x08002ce4                EXTI4_IRQHandler
                0x08002ce4                USB_HP_CAN1_TX_IRQHandler
                0x08002ce4                DMA1_Channel3_IRQHandler
                0x08002ce4                TIM1_UP_IRQHandler
                0x08002ce4                WWDG_IRQHandler
                0x08002ce4                TIM1_BRK_IRQHandler
                0x08002ce4                EXTI1_IRQHandler
                0x08002ce4                USART2_IRQHandler
                0x08002ce4                I2C2_ER_IRQHandler
                0x08002ce4                DMA1_Channel2_IRQHandler
                0x08002ce4                CAN1_SCE_IRQHandler
                0x08002ce4                FLASH_IRQHandler
                0x08002ce4                USART1_IRQHandler
                0x08002ce4                I2C1_ER_IRQHandler
                0x08002ce4                USBWakeUp_IRQHandler
 *fill*         0x08002ce6        0x2 
 .text.HAL_Init
                0x08002ce8       0x2c ./Drivers/STM32F1xx_HAL_Driver/Src/stm32f1xx_hal.o
                0x08002ce8                HAL_Init
 .text.HAL_InitTick
                0x08002d14       0x60 ./Drivers/STM32F1xx_HAL_Driver/Src/stm32f1xx_hal.o
                0x08002d14                HAL_InitTick
 .text.HAL_IncTick
                0x08002d74       0x24 ./Drivers/STM32F1xx_HAL_Driver/Src/stm32f1xx_hal.o
                0x08002d74                HAL_IncTick
 .text.HAL_GetTick
                0x08002d98       0x14 ./Drivers/STM32F1xx_HAL_Driver/Src/stm32f1xx_hal.o
                0x08002d98                HAL_GetTick
 .text.HAL_Delay
                0x08002dac       0x48 ./Drivers/STM32F1xx_HAL_Driver/Src/stm32f1xx_hal.o
                0x08002dac                HAL_Delay
 .text.HAL_ADC_Init
                0x08002df4      0x1b0 ./Drivers/STM32F1xx_HAL_Driver/Src/stm32f1xx_hal_adc.o
                0x08002df4                HAL_ADC_Init
 .text.HAL_ADC_Start_DMA
                0x08002fa4      0x1bc ./Drivers/STM32F1xx_HAL_Driver/Src/stm32f1xx_hal_adc.o
                0x08002fa4                HAL_ADC_Start_DMA
 .text.HAL_ADC_ConvCpltCallback
                0x08003160       0x12 ./Drivers/STM32F1xx_HAL_Driver/Src/stm32f1xx_hal_adc.o
                0x08003160                HAL_ADC_ConvCpltCallback
 .text.HAL_ADC_ConvHalfCpltCallback
                0x08003172       0x12 ./Drivers/STM32F1xx_HAL_Driver/Src/stm32f1xx_hal_adc.o
                0x08003172                HAL_ADC_ConvHalfCpltCallback
 .text.HAL_ADC_ErrorCallback
                0x08003184       0x12 ./Drivers/STM32F1xx_HAL_Driver/Src/stm32f1xx_hal_adc.o
                0x08003184                HAL_ADC_ErrorCallback
 *fill*         0x08003196        0x2 
 .text.HAL_ADC_ConfigChannel
                0x08003198      0x1f0 ./Drivers/STM32F1xx_HAL_Driver/Src/stm32f1xx_hal_adc.o
                0x08003198                HAL_ADC_ConfigChannel
 .text.ADC_Enable
                0x08003388       0xb4 ./Drivers/STM32F1xx_HAL_Driver/Src/stm32f1xx_hal_adc.o
                0x08003388                ADC_Enable
 .text.ADC_ConversionStop_Disable
                0x0800343c       0x82 ./Drivers/STM32F1xx_HAL_Driver/Src/stm32f1xx_hal_adc.o
                0x0800343c                ADC_ConversionStop_Disable
 .text.ADC_DMAConvCplt
                0x080034be       0x7c ./Drivers/STM32F1xx_HAL_Driver/Src/stm32f1xx_hal_adc.o
                0x080034be                ADC_DMAConvCplt
 .text.ADC_DMAHalfConvCplt
                0x0800353a       0x1c ./Drivers/STM32F1xx_HAL_Driver/Src/stm32f1xx_hal_adc.o
                0x0800353a                ADC_DMAHalfConvCplt
 .text.ADC_DMAError
                0x08003556       0x34 ./Drivers/STM32F1xx_HAL_Driver/Src/stm32f1xx_hal_adc.o
                0x08003556                ADC_DMAError
 *fill*         0x0800358a        0x2 
 .text.HAL_ADCEx_Calibration_Start
                0x0800358c      0x15c ./Drivers/STM32F1xx_HAL_Driver/Src/stm32f1xx_hal_adc_ex.o
                0x0800358c                HAL_ADCEx_Calibration_Start
 .text.__NVIC_SetPriorityGrouping
                0x080036e8       0x48 ./Drivers/STM32F1xx_HAL_Driver/Src/stm32f1xx_hal_cortex.o
 .text.__NVIC_GetPriorityGrouping
                0x08003730       0x1c ./Drivers/STM32F1xx_HAL_Driver/Src/stm32f1xx_hal_cortex.o
 .text.__NVIC_EnableIRQ
                0x0800374c       0x38 ./Drivers/STM32F1xx_HAL_Driver/Src/stm32f1xx_hal_cortex.o
 .text.__NVIC_SetPriority
                0x08003784       0x54 ./Drivers/STM32F1xx_HAL_Driver/Src/stm32f1xx_hal_cortex.o
 .text.NVIC_EncodePriority
                0x080037d8       0x64 ./Drivers/STM32F1xx_HAL_Driver/Src/stm32f1xx_hal_cortex.o
 .text.SysTick_Config
                0x0800383c       0x44 ./Drivers/STM32F1xx_HAL_Driver/Src/stm32f1xx_hal_cortex.o
 .text.HAL_NVIC_SetPriorityGrouping
                0x08003880       0x16 ./Drivers/STM32F1xx_HAL_Driver/Src/stm32f1xx_hal_cortex.o
                0x08003880                HAL_NVIC_SetPriorityGrouping
 .text.HAL_NVIC_SetPriority
                0x08003896       0x38 ./Drivers/STM32F1xx_HAL_Driver/Src/stm32f1xx_hal_cortex.o
                0x08003896                HAL_NVIC_SetPriority
 .text.HAL_NVIC_EnableIRQ
                0x080038ce       0x1c ./Drivers/STM32F1xx_HAL_Driver/Src/stm32f1xx_hal_cortex.o
                0x080038ce                HAL_NVIC_EnableIRQ
 .text.HAL_SYSTICK_Config
                0x080038ea       0x18 ./Drivers/STM32F1xx_HAL_Driver/Src/stm32f1xx_hal_cortex.o
                0x080038ea                HAL_SYSTICK_Config
 *fill*         0x08003902        0x2 
 .text.HAL_DMA_Init
                0x08003904       0xb4 ./Drivers/STM32F1xx_HAL_Driver/Src/stm32f1xx_hal_dma.o
                0x08003904                HAL_DMA_Init
 .text.HAL_DMA_Start_IT
                0x080039b8       0xc0 ./Drivers/STM32F1xx_HAL_Driver/Src/stm32f1xx_hal_dma.o
                0x080039b8                HAL_DMA_Start_IT
 .text.HAL_DMA_IRQHandler
                0x08003a78      0x20c ./Drivers/STM32F1xx_HAL_Driver/Src/stm32f1xx_hal_dma.o
                0x08003a78                HAL_DMA_IRQHandler
 .text.DMA_SetConfig
                0x08003c84       0x5a ./Drivers/STM32F1xx_HAL_Driver/Src/stm32f1xx_hal_dma.o
 *fill*         0x08003cde        0x2 
 .text.HAL_GPIO_Init
                0x08003ce0      0x308 ./Drivers/STM32F1xx_HAL_Driver/Src/stm32f1xx_hal_gpio.o
                0x08003ce0                HAL_GPIO_Init
 .text.HAL_GPIO_DeInit
                0x08003fe8      0x178 ./Drivers/STM32F1xx_HAL_Driver/Src/stm32f1xx_hal_gpio.o
                0x08003fe8                HAL_GPIO_DeInit
 .text.HAL_GPIO_ReadPin
                0x08004160       0x2e ./Drivers/STM32F1xx_HAL_Driver/Src/stm32f1xx_hal_gpio.o
                0x08004160                HAL_GPIO_ReadPin
 .text.HAL_GPIO_WritePin
                0x0800418e       0x30 ./Drivers/STM32F1xx_HAL_Driver/Src/stm32f1xx_hal_gpio.o
                0x0800418e                HAL_GPIO_WritePin
 .text.HAL_GPIO_TogglePin
                0x080041be       0x32 ./Drivers/STM32F1xx_HAL_Driver/Src/stm32f1xx_hal_gpio.o
                0x080041be                HAL_GPIO_TogglePin
 .text.HAL_GPIO_EXTI_IRQHandler
                0x080041f0       0x30 ./Drivers/STM32F1xx_HAL_Driver/Src/stm32f1xx_hal_gpio.o
                0x080041f0                HAL_GPIO_EXTI_IRQHandler
 .text.HAL_IWDG_Init
                0x08004220       0x88 ./Drivers/STM32F1xx_HAL_Driver/Src/stm32f1xx_hal_iwdg.o
                0x08004220                HAL_IWDG_Init
 .text.HAL_IWDG_Refresh
                0x080042a8       0x1e ./Drivers/STM32F1xx_HAL_Driver/Src/stm32f1xx_hal_iwdg.o
                0x080042a8                HAL_IWDG_Refresh
 .text.HAL_PCD_Init
                0x080042c6      0x1ec ./Drivers/STM32F1xx_HAL_Driver/Src/stm32f1xx_hal_pcd.o
                0x080042c6                HAL_PCD_Init
 .text.HAL_PCD_Start
                0x080044b2       0x4c ./Drivers/STM32F1xx_HAL_Driver/Src/stm32f1xx_hal_pcd.o
                0x080044b2                HAL_PCD_Start
 .text.HAL_PCD_IRQHandler
                0x080044fe      0x260 ./Drivers/STM32F1xx_HAL_Driver/Src/stm32f1xx_hal_pcd.o
                0x080044fe                HAL_PCD_IRQHandler
 .text.HAL_PCD_SetAddress
                0x0800475e       0x48 ./Drivers/STM32F1xx_HAL_Driver/Src/stm32f1xx_hal_pcd.o
                0x0800475e                HAL_PCD_SetAddress
 .text.HAL_PCD_EP_Open
                0x080047a6       0xba ./Drivers/STM32F1xx_HAL_Driver/Src/stm32f1xx_hal_pcd.o
                0x080047a6                HAL_PCD_EP_Open
 .text.HAL_PCD_EP_Close
                0x08004860       0x90 ./Drivers/STM32F1xx_HAL_Driver/Src/stm32f1xx_hal_pcd.o
                0x08004860                HAL_PCD_EP_Close
 .text.HAL_PCD_EP_Receive
                0x080048f0       0x62 ./Drivers/STM32F1xx_HAL_Driver/Src/stm32f1xx_hal_pcd.o
                0x080048f0                HAL_PCD_EP_Receive
 .text.HAL_PCD_EP_GetRxCount
                0x08004952       0x2e ./Drivers/STM32F1xx_HAL_Driver/Src/stm32f1xx_hal_pcd.o
                0x08004952                HAL_PCD_EP_GetRxCount
 .text.HAL_PCD_EP_Transmit
                0x08004980       0x6e ./Drivers/STM32F1xx_HAL_Driver/Src/stm32f1xx_hal_pcd.o
                0x08004980                HAL_PCD_EP_Transmit
 .text.HAL_PCD_EP_SetStall
                0x080049ee       0xc0 ./Drivers/STM32F1xx_HAL_Driver/Src/stm32f1xx_hal_pcd.o
                0x080049ee                HAL_PCD_EP_SetStall
 .text.HAL_PCD_EP_ClrStall
                0x08004aae       0xa8 ./Drivers/STM32F1xx_HAL_Driver/Src/stm32f1xx_hal_pcd.o
                0x08004aae                HAL_PCD_EP_ClrStall
 .text.PCD_EP_ISR_Handler
                0x08004b56      0x79e ./Drivers/STM32F1xx_HAL_Driver/Src/stm32f1xx_hal_pcd.o
 .text.HAL_PCD_EP_DB_Receive
                0x080052f4      0x21a ./Drivers/STM32F1xx_HAL_Driver/Src/stm32f1xx_hal_pcd.o
 .text.HAL_PCD_EP_DB_Transmit
                0x0800550e      0x7f4 ./Drivers/STM32F1xx_HAL_Driver/Src/stm32f1xx_hal_pcd.o
 .text.HAL_PCDEx_PMAConfig
                0x08005d02       0x84 ./Drivers/STM32F1xx_HAL_Driver/Src/stm32f1xx_hal_pcd_ex.o
                0x08005d02                HAL_PCDEx_PMAConfig
 *fill*         0x08005d86        0x2 
 .text.HAL_RCC_OscConfig
                0x08005d88      0x504 ./Drivers/STM32F1xx_HAL_Driver/Src/stm32f1xx_hal_rcc.o
                0x08005d88                HAL_RCC_OscConfig
 .text.HAL_RCC_ClockConfig
                0x0800628c      0x1d4 ./Drivers/STM32F1xx_HAL_Driver/Src/stm32f1xx_hal_rcc.o
                0x0800628c                HAL_RCC_ClockConfig
 .text.HAL_RCC_GetSysClockFreq
                0x08006460       0xac ./Drivers/STM32F1xx_HAL_Driver/Src/stm32f1xx_hal_rcc.o
                0x08006460                HAL_RCC_GetSysClockFreq
 .text.HAL_RCC_GetHCLKFreq
                0x0800650c       0x14 ./Drivers/STM32F1xx_HAL_Driver/Src/stm32f1xx_hal_rcc.o
                0x0800650c                HAL_RCC_GetHCLKFreq
 .text.HAL_RCC_GetPCLK1Freq
                0x08006520       0x28 ./Drivers/STM32F1xx_HAL_Driver/Src/stm32f1xx_hal_rcc.o
                0x08006520                HAL_RCC_GetPCLK1Freq
 .text.HAL_RCC_GetPCLK2Freq
                0x08006548       0x28 ./Drivers/STM32F1xx_HAL_Driver/Src/stm32f1xx_hal_rcc.o
                0x08006548                HAL_RCC_GetPCLK2Freq
 .text.RCC_Delay
                0x08006570       0x3c ./Drivers/STM32F1xx_HAL_Driver/Src/stm32f1xx_hal_rcc.o
 .text.HAL_RCCEx_PeriphCLKConfig
                0x080065ac      0x16c ./Drivers/STM32F1xx_HAL_Driver/Src/stm32f1xx_hal_rcc_ex.o
                0x080065ac                HAL_RCCEx_PeriphCLKConfig
 .text.HAL_RCCEx_GetPeriphCLKFreq
                0x08006718      0x16c ./Drivers/STM32F1xx_HAL_Driver/Src/stm32f1xx_hal_rcc_ex.o
                0x08006718                HAL_RCCEx_GetPeriphCLKFreq
 .text.HAL_SPI_Init
                0x08006884      0x108 ./Drivers/STM32F1xx_HAL_Driver/Src/stm32f1xx_hal_spi.o
                0x08006884                HAL_SPI_Init
 .text.HAL_SPI_TransmitReceive
                0x0800698c      0x352 ./Drivers/STM32F1xx_HAL_Driver/Src/stm32f1xx_hal_spi.o
                0x0800698c                HAL_SPI_TransmitReceive
 *fill*         0x08006cde        0x2 
 .text.SPI_WaitFlagStateUntilTimeout
                0x08006ce0      0x110 ./Drivers/STM32F1xx_HAL_Driver/Src/stm32f1xx_hal_spi.o
 .text.SPI_EndRxTxTransaction
                0x08006df0       0x62 ./Drivers/STM32F1xx_HAL_Driver/Src/stm32f1xx_hal_spi.o
 .text.HAL_TIM_Base_Init
                0x08006e52       0x9e ./Drivers/STM32F1xx_HAL_Driver/Src/stm32f1xx_hal_tim.o
                0x08006e52                HAL_TIM_Base_Init
 .text.HAL_TIM_IRQHandler
                0x08006ef0      0x1e0 ./Drivers/STM32F1xx_HAL_Driver/Src/stm32f1xx_hal_tim.o
                0x08006ef0                HAL_TIM_IRQHandler
 .text.HAL_TIM_ConfigClockSource
                0x080070d0      0x18e ./Drivers/STM32F1xx_HAL_Driver/Src/stm32f1xx_hal_tim.o
                0x080070d0                HAL_TIM_ConfigClockSource
 .text.HAL_TIM_OC_DelayElapsedCallback
                0x0800725e       0x12 ./Drivers/STM32F1xx_HAL_Driver/Src/stm32f1xx_hal_tim.o
                0x0800725e                HAL_TIM_OC_DelayElapsedCallback
 .text.HAL_TIM_IC_CaptureCallback
                0x08007270       0x12 ./Drivers/STM32F1xx_HAL_Driver/Src/stm32f1xx_hal_tim.o
                0x08007270                HAL_TIM_IC_CaptureCallback
 .text.HAL_TIM_PWM_PulseFinishedCallback
                0x08007282       0x12 ./Drivers/STM32F1xx_HAL_Driver/Src/stm32f1xx_hal_tim.o
                0x08007282                HAL_TIM_PWM_PulseFinishedCallback
 .text.HAL_TIM_TriggerCallback
                0x08007294       0x12 ./Drivers/STM32F1xx_HAL_Driver/Src/stm32f1xx_hal_tim.o
                0x08007294                HAL_TIM_TriggerCallback
 *fill*         0x080072a6        0x2 
 .text.TIM_Base_SetConfig
                0x080072a8       0xdc ./Drivers/STM32F1xx_HAL_Driver/Src/stm32f1xx_hal_tim.o
                0x080072a8                TIM_Base_SetConfig
 .text.TIM_TI1_ConfigInputStage
                0x08007384       0x5c ./Drivers/STM32F1xx_HAL_Driver/Src/stm32f1xx_hal_tim.o
 .text.TIM_TI2_ConfigInputStage
                0x080073e0       0x5e ./Drivers/STM32F1xx_HAL_Driver/Src/stm32f1xx_hal_tim.o
 .text.TIM_ITRx_SetConfig
                0x0800743e       0x34 ./Drivers/STM32F1xx_HAL_Driver/Src/stm32f1xx_hal_tim.o
 .text.TIM_ETR_SetConfig
                0x08007472       0x3e ./Drivers/STM32F1xx_HAL_Driver/Src/stm32f1xx_hal_tim.o
                0x08007472                TIM_ETR_SetConfig
 .text.HAL_TIMEx_MasterConfigSynchronization
                0x080074b0       0xbc ./Drivers/STM32F1xx_HAL_Driver/Src/stm32f1xx_hal_tim_ex.o
                0x080074b0                HAL_TIMEx_MasterConfigSynchronization
 .text.HAL_TIMEx_CommutCallback
                0x0800756c       0x12 ./Drivers/STM32F1xx_HAL_Driver/Src/stm32f1xx_hal_tim_ex.o
                0x0800756c                HAL_TIMEx_CommutCallback
 .text.HAL_TIMEx_BreakCallback
                0x0800757e       0x12 ./Drivers/STM32F1xx_HAL_Driver/Src/stm32f1xx_hal_tim_ex.o
                0x0800757e                HAL_TIMEx_BreakCallback
 .text.HAL_UART_Init
                0x08007590       0xa0 ./Drivers/STM32F1xx_HAL_Driver/Src/stm32f1xx_hal_uart.o
                0x08007590                HAL_UART_Init
 .text.HAL_UART_DeInit
                0x08007630       0x90 ./Drivers/STM32F1xx_HAL_Driver/Src/stm32f1xx_hal_uart.o
                0x08007630                HAL_UART_DeInit
 .text.UART_SetConfig
                0x080076c0      0x11c ./Drivers/STM32F1xx_HAL_Driver/Src/stm32f1xx_hal_uart.o
 .text.USB_CoreInit
                0x080077dc       0x1a ./Drivers/STM32F1xx_HAL_Driver/Src/stm32f1xx_ll_usb.o
                0x080077dc                USB_CoreInit
 .text.USB_EnableGlobalInt
                0x080077f6       0x2c ./Drivers/STM32F1xx_HAL_Driver/Src/stm32f1xx_ll_usb.o
                0x080077f6                USB_EnableGlobalInt
 .text.USB_DisableGlobalInt
                0x08007822       0x34 ./Drivers/STM32F1xx_HAL_Driver/Src/stm32f1xx_ll_usb.o
                0x08007822                USB_DisableGlobalInt
 .text.USB_SetCurrentMode
                0x08007856       0x18 ./Drivers/STM32F1xx_HAL_Driver/Src/stm32f1xx_ll_usb.o
                0x08007856                USB_SetCurrentMode
 .text.USB_DevInit
                0x0800786e       0x3a ./Drivers/STM32F1xx_HAL_Driver/Src/stm32f1xx_ll_usb.o
                0x0800786e                USB_DevInit
 .text.USB_ActivateEndpoint
                0x080078a8      0x780 ./Drivers/STM32F1xx_HAL_Driver/Src/stm32f1xx_ll_usb.o
                0x080078a8                USB_ActivateEndpoint
 .text.USB_DeactivateEndpoint
                0x08008028      0x3d8 ./Drivers/STM32F1xx_HAL_Driver/Src/stm32f1xx_ll_usb.o
                0x08008028                USB_DeactivateEndpoint
 .text.USB_EPStartXfer
                0x08008400     0x1762 ./Drivers/STM32F1xx_HAL_Driver/Src/stm32f1xx_ll_usb.o
                0x08008400                USB_EPStartXfer
 .text.USB_EPSetStall
                0x08009b62       0xa0 ./Drivers/STM32F1xx_HAL_Driver/Src/stm32f1xx_ll_usb.o
                0x08009b62                USB_EPSetStall
 .text.USB_EPClearStall
                0x08009c02      0x15a ./Drivers/STM32F1xx_HAL_Driver/Src/stm32f1xx_ll_usb.o
                0x08009c02                USB_EPClearStall
 .text.USB_SetDevAddress
                0x08009d5c       0x26 ./Drivers/STM32F1xx_HAL_Driver/Src/stm32f1xx_ll_usb.o
                0x08009d5c                USB_SetDevAddress
 .text.USB_DevConnect
                0x08009d82       0x14 ./Drivers/STM32F1xx_HAL_Driver/Src/stm32f1xx_ll_usb.o
                0x08009d82                USB_DevConnect
 .text.USB_DevDisconnect
                0x08009d96       0x14 ./Drivers/STM32F1xx_HAL_Driver/Src/stm32f1xx_ll_usb.o
                0x08009d96                USB_DevDisconnect
 .text.USB_ReadInterrupts
                0x08009daa       0x1e ./Drivers/STM32F1xx_HAL_Driver/Src/stm32f1xx_ll_usb.o
                0x08009daa                USB_ReadInterrupts
 .text.USB_EP0_OutStart
                0x08009dc8       0x16 ./Drivers/STM32F1xx_HAL_Driver/Src/stm32f1xx_ll_usb.o
                0x08009dc8                USB_EP0_OutStart
 .text.USB_WritePMA
                0x08009dde       0x8a ./Drivers/STM32F1xx_HAL_Driver/Src/stm32f1xx_ll_usb.o
                0x08009dde                USB_WritePMA
 .text.USB_ReadPMA
                0x08009e68       0x9e ./Drivers/STM32F1xx_HAL_Driver/Src/stm32f1xx_ll_usb.o
                0x08009e68                USB_ReadPMA
 .text.USBD_CDC_Init
                0x08009f06       0xf4 ./Middlewares/ST/STM32_USB_Device_Library/Class/CDC/Src/usbd_cdc.o
 .text.USBD_CDC_DeInit
                0x08009ffa       0x6e ./Middlewares/ST/STM32_USB_Device_Library/Class/CDC/Src/usbd_cdc.o
 .text.USBD_CDC_Setup
                0x0800a068      0x146 ./Middlewares/ST/STM32_USB_Device_Library/Class/CDC/Src/usbd_cdc.o
 .text.USBD_CDC_DataIn
                0x0800a1ae       0xa6 ./Middlewares/ST/STM32_USB_Device_Library/Class/CDC/Src/usbd_cdc.o
 .text.USBD_CDC_DataOut
                0x0800a254       0x56 ./Middlewares/ST/STM32_USB_Device_Library/Class/CDC/Src/usbd_cdc.o
 .text.USBD_CDC_EP0_RxReady
                0x0800a2aa       0x4e ./Middlewares/ST/STM32_USB_Device_Library/Class/CDC/Src/usbd_cdc.o
 .text.USBD_CDC_GetFSCfgDesc
                0x0800a2f8       0x20 ./Middlewares/ST/STM32_USB_Device_Library/Class/CDC/Src/usbd_cdc.o
 .text.USBD_CDC_GetHSCfgDesc
                0x0800a318       0x20 ./Middlewares/ST/STM32_USB_Device_Library/Class/CDC/Src/usbd_cdc.o
 .text.USBD_CDC_GetOtherSpeedCfgDesc
                0x0800a338       0x20 ./Middlewares/ST/STM32_USB_Device_Library/Class/CDC/Src/usbd_cdc.o
 .text.USBD_CDC_GetDeviceQualifierDescriptor
                0x0800a358       0x20 ./Middlewares/ST/STM32_USB_Device_Library/Class/CDC/Src/usbd_cdc.o
                0x0800a358                USBD_CDC_GetDeviceQualifierDescriptor
 .text.USBD_CDC_RegisterInterface
                0x0800a378       0x2c ./Middlewares/ST/STM32_USB_Device_Library/Class/CDC/Src/usbd_cdc.o
                0x0800a378                USBD_CDC_RegisterInterface
 .text.USBD_CDC_SetTxBuffer
                0x0800a3a4       0x32 ./Middlewares/ST/STM32_USB_Device_Library/Class/CDC/Src/usbd_cdc.o
                0x0800a3a4                USBD_CDC_SetTxBuffer
 .text.USBD_CDC_SetRxBuffer
                0x0800a3d6       0x26 ./Middlewares/ST/STM32_USB_Device_Library/Class/CDC/Src/usbd_cdc.o
                0x0800a3d6                USBD_CDC_SetRxBuffer
 .text.USBD_CDC_TransmitPacket
                0x0800a3fc       0x5e ./Middlewares/ST/STM32_USB_Device_Library/Class/CDC/Src/usbd_cdc.o
                0x0800a3fc                USBD_CDC_TransmitPacket
 .text.USBD_CDC_ReceivePacket
                0x0800a45a       0x54 ./Middlewares/ST/STM32_USB_Device_Library/Class/CDC/Src/usbd_cdc.o
                0x0800a45a                USBD_CDC_ReceivePacket
 .text.USBD_Init
                0x0800a4ae       0x56 ./Middlewares/ST/STM32_USB_Device_Library/Core/Src/usbd_core.o
                0x0800a4ae                USBD_Init
 .text.USBD_RegisterClass
                0x0800a504       0x32 ./Middlewares/ST/STM32_USB_Device_Library/Core/Src/usbd_core.o
                0x0800a504                USBD_RegisterClass
 .text.USBD_Start
                0x0800a536       0x18 ./Middlewares/ST/STM32_USB_Device_Library/Core/Src/usbd_core.o
                0x0800a536                USBD_Start
 .text.USBD_RunTestMode
                0x0800a54e       0x14 ./Middlewares/ST/STM32_USB_Device_Library/Core/Src/usbd_core.o
                0x0800a54e                USBD_RunTestMode
 .text.USBD_SetClassConfig
                0x0800a562       0x3e ./Middlewares/ST/STM32_USB_Device_Library/Core/Src/usbd_core.o
                0x0800a562                USBD_SetClassConfig
 .text.USBD_ClrClassConfig
                0x0800a5a0       0x26 ./Middlewares/ST/STM32_USB_Device_Library/Core/Src/usbd_core.o
                0x0800a5a0                USBD_ClrClassConfig
 .text.USBD_LL_SetupStage
                0x0800a5c6       0x9a ./Middlewares/ST/STM32_USB_Device_Library/Core/Src/usbd_core.o
                0x0800a5c6                USBD_LL_SetupStage
 .text.USBD_LL_DataOutStage
                0x0800a660       0xe2 ./Middlewares/ST/STM32_USB_Device_Library/Core/Src/usbd_core.o
                0x0800a660                USBD_LL_DataOutStage
 .text.USBD_LL_DataInStage
                0x0800a742      0x14a ./Middlewares/ST/STM32_USB_Device_Library/Core/Src/usbd_core.o
                0x0800a742                USBD_LL_DataInStage
 .text.USBD_LL_Reset
                0x0800a88c       0x82 ./Middlewares/ST/STM32_USB_Device_Library/Core/Src/usbd_core.o
                0x0800a88c                USBD_LL_Reset
 .text.USBD_LL_SetSpeed
                0x0800a90e       0x1e ./Middlewares/ST/STM32_USB_Device_Library/Core/Src/usbd_core.o
                0x0800a90e                USBD_LL_SetSpeed
 .text.USBD_LL_Suspend
                0x0800a92c       0x28 ./Middlewares/ST/STM32_USB_Device_Library/Core/Src/usbd_core.o
                0x0800a92c                USBD_LL_Suspend
 .text.USBD_LL_Resume
                0x0800a954       0x2a ./Middlewares/ST/STM32_USB_Device_Library/Core/Src/usbd_core.o
                0x0800a954                USBD_LL_Resume
 .text.USBD_LL_SOF
                0x0800a97e       0x34 ./Middlewares/ST/STM32_USB_Device_Library/Core/Src/usbd_core.o
                0x0800a97e                USBD_LL_SOF
 *fill*         0x0800a9b2        0x2 
 .text.USBD_StdDevReq
                0x0800a9b4       0xd4 ./Middlewares/ST/STM32_USB_Device_Library/Core/Src/usbd_ctlreq.o
                0x0800a9b4                USBD_StdDevReq
 .text.USBD_StdItfReq
                0x0800aa88       0x90 ./Middlewares/ST/STM32_USB_Device_Library/Core/Src/usbd_ctlreq.o
                0x0800aa88                USBD_StdItfReq
 .text.USBD_StdEPReq
                0x0800ab18      0x2c6 ./Middlewares/ST/STM32_USB_Device_Library/Core/Src/usbd_ctlreq.o
                0x0800ab18                USBD_StdEPReq
 *fill*         0x0800adde        0x2 
 .text.USBD_GetDescriptor
                0x0800ade0      0x2d0 ./Middlewares/ST/STM32_USB_Device_Library/Core/Src/usbd_ctlreq.o
 .text.USBD_SetAddress
                0x0800b0b0       0x86 ./Middlewares/ST/STM32_USB_Device_Library/Core/Src/usbd_ctlreq.o
 *fill*         0x0800b136        0x2 
 .text.USBD_SetConfig
                0x0800b138      0x11c ./Middlewares/ST/STM32_USB_Device_Library/Core/Src/usbd_ctlreq.o
 .text.USBD_GetConfig
                0x0800b254       0x6a ./Middlewares/ST/STM32_USB_Device_Library/Core/Src/usbd_ctlreq.o
 .text.USBD_GetStatus
                0x0800b2be       0x66 ./Middlewares/ST/STM32_USB_Device_Library/Core/Src/usbd_ctlreq.o
 .text.USBD_SetFeature
                0x0800b324       0x28 ./Middlewares/ST/STM32_USB_Device_Library/Core/Src/usbd_ctlreq.o
 .text.USBD_ClrFeature
                0x0800b34c       0x42 ./Middlewares/ST/STM32_USB_Device_Library/Core/Src/usbd_ctlreq.o
 .text.USBD_ParseSetupRequest
                0x0800b38e       0x72 ./Middlewares/ST/STM32_USB_Device_Library/Core/Src/usbd_ctlreq.o
                0x0800b38e                USBD_ParseSetupRequest
 .text.USBD_CtlError
                0x0800b400       0x22 ./Middlewares/ST/STM32_USB_Device_Library/Core/Src/usbd_ctlreq.o
                0x0800b400                USBD_CtlError
 .text.USBD_GetString
                0x0800b422       0x84 ./Middlewares/ST/STM32_USB_Device_Library/Core/Src/usbd_ctlreq.o
                0x0800b422                USBD_GetString
 .text.USBD_GetLen
                0x0800b4a6       0x2e ./Middlewares/ST/STM32_USB_Device_Library/Core/Src/usbd_ctlreq.o
 .text.USBD_CtlSendData
                0x0800b4d4       0x38 ./Middlewares/ST/STM32_USB_Device_Library/Core/Src/usbd_ioreq.o
                0x0800b4d4                USBD_CtlSendData
 .text.USBD_CtlContinueSendData
                0x0800b50c       0x24 ./Middlewares/ST/STM32_USB_Device_Library/Core/Src/usbd_ioreq.o
                0x0800b50c                USBD_CtlContinueSendData
 .text.USBD_CtlPrepareRx
                0x0800b530       0x3c ./Middlewares/ST/STM32_USB_Device_Library/Core/Src/usbd_ioreq.o
                0x0800b530                USBD_CtlPrepareRx
 .text.USBD_CtlContinueRx
                0x0800b56c       0x24 ./Middlewares/ST/STM32_USB_Device_Library/Core/Src/usbd_ioreq.o
                0x0800b56c                USBD_CtlContinueRx
 .text.USBD_CtlSendStatus
                0x0800b590       0x26 ./Middlewares/ST/STM32_USB_Device_Library/Core/Src/usbd_ioreq.o
                0x0800b590                USBD_CtlSendStatus
 .text.USBD_CtlReceiveStatus
                0x0800b5b6       0x26 ./Middlewares/ST/STM32_USB_Device_Library/Core/Src/usbd_ioreq.o
                0x0800b5b6                USBD_CtlReceiveStatus
 .text.MX_USB_DEVICE_Init
                0x0800b5dc       0x60 ./USB_DEVICE/App/usb_device.o
                0x0800b5dc                MX_USB_DEVICE_Init
 .text.CDC_Init_FS
                0x0800b63c       0x28 ./USB_DEVICE/App/usbd_cdc_if.o
 .text.CDC_DeInit_FS
                0x0800b664        0xe ./USB_DEVICE/App/usbd_cdc_if.o
 *fill*         0x0800b672        0x2 
 .text.CDC_Control_FS
                0x0800b674       0xbc ./USB_DEVICE/App/usbd_cdc_if.o
 .text.CDC_Receive_FS
                0x0800b730       0x40 ./USB_DEVICE/App/usbd_cdc_if.o
 .text.CDC_Transmit_FS
                0x0800b770       0x4c ./USB_DEVICE/App/usbd_cdc_if.o
                0x0800b770                CDC_Transmit_FS
 .text.USBD_FS_DeviceDescriptor
                0x0800b7bc       0x24 ./USB_DEVICE/App/usbd_desc.o
                0x0800b7bc                USBD_FS_DeviceDescriptor
 .text.USBD_FS_LangIDStrDescriptor
                0x0800b7e0       0x24 ./USB_DEVICE/App/usbd_desc.o
                0x0800b7e0                USBD_FS_LangIDStrDescriptor
 .text.USBD_FS_ProductStrDescriptor
                0x0800b804       0x3c ./USB_DEVICE/App/usbd_desc.o
                0x0800b804                USBD_FS_ProductStrDescriptor
 .text.USBD_FS_ManufacturerStrDescriptor
                0x0800b840       0x28 ./USB_DEVICE/App/usbd_desc.o
                0x0800b840                USBD_FS_ManufacturerStrDescriptor
 .text.USBD_FS_SerialStrDescriptor
                0x0800b868       0x24 ./USB_DEVICE/App/usbd_desc.o
                0x0800b868                USBD_FS_SerialStrDescriptor
 .text.USBD_FS_ConfigStrDescriptor
                0x0800b88c       0x3c ./USB_DEVICE/App/usbd_desc.o
                0x0800b88c                USBD_FS_ConfigStrDescriptor
 .text.USBD_FS_InterfaceStrDescriptor
                0x0800b8c8       0x3c ./USB_DEVICE/App/usbd_desc.o
                0x0800b8c8                USBD_FS_InterfaceStrDescriptor
 .text.Get_SerialNum
                0x0800b904       0x58 ./USB_DEVICE/App/usbd_desc.o
 .text.IntToUnicode
                0x0800b95c       0x7c ./USB_DEVICE/App/usbd_desc.o
 .text.HAL_PCD_MspInit
                0x0800b9d8       0x4c ./USB_DEVICE/Target/usbd_conf.o
                0x0800b9d8                HAL_PCD_MspInit
 .text.HAL_PCD_SetupStageCallback
                0x0800ba24       0x24 ./USB_DEVICE/Target/usbd_conf.o
                0x0800ba24                HAL_PCD_SetupStageCallback
 .text.HAL_PCD_DataOutStageCallback
                0x0800ba48       0x36 ./USB_DEVICE/Target/usbd_conf.o
                0x0800ba48                HAL_PCD_DataOutStageCallback
 .text.HAL_PCD_DataInStageCallback
                0x0800ba7e       0x34 ./USB_DEVICE/Target/usbd_conf.o
                0x0800ba7e                HAL_PCD_DataInStageCallback
 .text.HAL_PCD_SOFCallback
                0x0800bab2       0x1c ./USB_DEVICE/Target/usbd_conf.o
                0x0800bab2                HAL_PCD_SOFCallback
 .text.HAL_PCD_ResetCallback
                0x0800bace       0x3c ./USB_DEVICE/Target/usbd_conf.o
                0x0800bace                HAL_PCD_ResetCallback
 *fill*         0x0800bb0a        0x2 
 .text.HAL_PCD_SuspendCallback
                0x0800bb0c       0x34 ./USB_DEVICE/Target/usbd_conf.o
                0x0800bb0c                HAL_PCD_SuspendCallback
 .text.HAL_PCD_ResumeCallback
                0x0800bb40       0x1c ./USB_DEVICE/Target/usbd_conf.o
                0x0800bb40                HAL_PCD_ResumeCallback
 .text.USBD_LL_Init
                0x0800bb5c       0xb4 ./USB_DEVICE/Target/usbd_conf.o
                0x0800bb5c                USBD_LL_Init
 .text.USBD_LL_Start
                0x0800bc10       0x36 ./USB_DEVICE/Target/usbd_conf.o
                0x0800bc10                USBD_LL_Start
 .text.USBD_LL_OpenEP
                0x0800bc46       0x4c ./USB_DEVICE/Target/usbd_conf.o
                0x0800bc46                USBD_LL_OpenEP
 .text.USBD_LL_CloseEP
                0x0800bc92       0x3e ./USB_DEVICE/Target/usbd_conf.o
                0x0800bc92                USBD_LL_CloseEP
 .text.USBD_LL_StallEP
                0x0800bcd0       0x3e ./USB_DEVICE/Target/usbd_conf.o
                0x0800bcd0                USBD_LL_StallEP
 .text.USBD_LL_ClearStallEP
                0x0800bd0e       0x3e ./USB_DEVICE/Target/usbd_conf.o
                0x0800bd0e                USBD_LL_ClearStallEP
 .text.USBD_LL_IsStallEP
                0x0800bd4c       0x56 ./USB_DEVICE/Target/usbd_conf.o
                0x0800bd4c                USBD_LL_IsStallEP
 .text.USBD_LL_SetUSBAddress
                0x0800bda2       0x3e ./USB_DEVICE/Target/usbd_conf.o
                0x0800bda2                USBD_LL_SetUSBAddress
 .text.USBD_LL_Transmit
                0x0800bde0       0x46 ./USB_DEVICE/Target/usbd_conf.o
                0x0800bde0                USBD_LL_Transmit
 .text.USBD_LL_PrepareReceive
                0x0800be26       0x46 ./USB_DEVICE/Target/usbd_conf.o
                0x0800be26                USBD_LL_PrepareReceive
 .text.USBD_LL_GetRxDataSize
                0x0800be6c       0x26 ./USB_DEVICE/Target/usbd_conf.o
                0x0800be6c                USBD_LL_GetRxDataSize
 *fill*         0x0800be92        0x2 
 .text.USBD_static_malloc
                0x0800be94       0x18 ./USB_DEVICE/Target/usbd_conf.o
                0x0800be94                USBD_static_malloc
 .text.USBD_static_free
                0x0800beac       0x12 ./USB_DEVICE/Target/usbd_conf.o
                0x0800beac                USBD_static_free
 .text.HAL_PCDEx_SetConnectionState
                0x0800bebe       0x16 ./USB_DEVICE/Target/usbd_conf.o
                0x0800bebe                HAL_PCDEx_SetConnectionState
 .text.USBD_Get_USB_Status
                0x0800bed4       0x58 ./USB_DEVICE/Target/usbd_conf.o
 .text.malloc   0x0800bf2c       0x10 C:/ST/STM32CubeIDE_1.10.1/STM32CubeIDE/plugins/com.st.stm32cube.ide.mcu.externaltools.gnu-tools-for-stm32.12.3.rel1.win32_1.0.200.202406191623/tools/bin/../lib/gcc/arm-none-eabi/12.3.1/../../../../arm-none-eabi/lib/thumb/v7-m/nofp\libc_nano.a(libc_a-malloc.o)
                0x0800bf2c                malloc
 .text.sbrk_aligned
                0x0800bf3c       0x44 C:/ST/STM32CubeIDE_1.10.1/STM32CubeIDE/plugins/com.st.stm32cube.ide.mcu.externaltools.gnu-tools-for-stm32.12.3.rel1.win32_1.0.200.202406191623/tools/bin/../lib/gcc/arm-none-eabi/12.3.1/../../../../arm-none-eabi/lib/thumb/v7-m/nofp\libc_nano.a(libc_a-mallocr.o)
 .text._malloc_r
                0x0800bf80      0x100 C:/ST/STM32CubeIDE_1.10.1/STM32CubeIDE/plugins/com.st.stm32cube.ide.mcu.externaltools.gnu-tools-for-stm32.12.3.rel1.win32_1.0.200.202406191623/tools/bin/../lib/gcc/arm-none-eabi/12.3.1/../../../../arm-none-eabi/lib/thumb/v7-m/nofp\libc_nano.a(libc_a-mallocr.o)
                0x0800bf80                _malloc_r
 .text.__malloc_lock
                0x0800c080        0xc C:/ST/STM32CubeIDE_1.10.1/STM32CubeIDE/plugins/com.st.stm32cube.ide.mcu.externaltools.gnu-tools-for-stm32.12.3.rel1.win32_1.0.200.202406191623/tools/bin/../lib/gcc/arm-none-eabi/12.3.1/../../../../arm-none-eabi/lib/thumb/v7-m/nofp\libc_nano.a(libc_a-mlock.o)
                0x0800c080                __malloc_lock
 .text.__malloc_unlock
                0x0800c08c        0xc C:/ST/STM32CubeIDE_1.10.1/STM32CubeIDE/plugins/com.st.stm32cube.ide.mcu.externaltools.gnu-tools-for-stm32.12.3.rel1.win32_1.0.200.202406191623/tools/bin/../lib/gcc/arm-none-eabi/12.3.1/../../../../arm-none-eabi/lib/thumb/v7-m/nofp\libc_nano.a(libc_a-mlock.o)
                0x0800c08c                __malloc_unlock
 .text.memset   0x0800c098       0x10 C:/ST/STM32CubeIDE_1.10.1/STM32CubeIDE/plugins/com.st.stm32cube.ide.mcu.externaltools.gnu-tools-for-stm32.12.3.rel1.win32_1.0.200.202406191623/tools/bin/../lib/gcc/arm-none-eabi/12.3.1/../../../../arm-none-eabi/lib/thumb/v7-m/nofp\libc_nano.a(libc_a-memset.o)
                0x0800c098                memset
 .text._sbrk_r  0x0800c0a8       0x20 C:/ST/STM32CubeIDE_1.10.1/STM32CubeIDE/plugins/com.st.stm32cube.ide.mcu.externaltools.gnu-tools-for-stm32.12.3.rel1.win32_1.0.200.202406191623/tools/bin/../lib/gcc/arm-none-eabi/12.3.1/../../../../arm-none-eabi/lib/thumb/v7-m/nofp\libc_nano.a(libc_a-sbrkr.o)
                0x0800c0a8                _sbrk_r
 .text.__errno  0x0800c0c8        0xc C:/ST/STM32CubeIDE_1.10.1/STM32CubeIDE/plugins/com.st.stm32cube.ide.mcu.externaltools.gnu-tools-for-stm32.12.3.rel1.win32_1.0.200.202406191623/tools/bin/../lib/gcc/arm-none-eabi/12.3.1/../../../../arm-none-eabi/lib/thumb/v7-m/nofp\libc_nano.a(libc_a-errno.o)
                0x0800c0c8                __errno
 .text.__libc_init_array
                0x0800c0d4       0x48 C:/ST/STM32CubeIDE_1.10.1/STM32CubeIDE/plugins/com.st.stm32cube.ide.mcu.externaltools.gnu-tools-for-stm32.12.3.rel1.win32_1.0.200.202406191623/tools/bin/../lib/gcc/arm-none-eabi/12.3.1/../../../../arm-none-eabi/lib/thumb/v7-m/nofp\libc_nano.a(libc_a-init.o)
                0x0800c0d4                __libc_init_array
 .text.__retarget_lock_acquire_recursive
                0x0800c11c        0x2 C:/ST/STM32CubeIDE_1.10.1/STM32CubeIDE/plugins/com.st.stm32cube.ide.mcu.externaltools.gnu-tools-for-stm32.12.3.rel1.win32_1.0.200.202406191623/tools/bin/../lib/gcc/arm-none-eabi/12.3.1/../../../../arm-none-eabi/lib/thumb/v7-m/nofp\libc_nano.a(libc_a-lock.o)
                0x0800c11c                __retarget_lock_acquire_recursive
 .text.__retarget_lock_release_recursive
                0x0800c11e        0x2 C:/ST/STM32CubeIDE_1.10.1/STM32CubeIDE/plugins/com.st.stm32cube.ide.mcu.externaltools.gnu-tools-for-stm32.12.3.rel1.win32_1.0.200.202406191623/tools/bin/../lib/gcc/arm-none-eabi/12.3.1/../../../../arm-none-eabi/lib/thumb/v7-m/nofp\libc_nano.a(libc_a-lock.o)
                0x0800c11e                __retarget_lock_release_recursive
 *(.glue_7)
 .glue_7        0x0800c120        0x0 linker stubs
 *(.glue_7t)
 .glue_7t       0x0800c120        0x0 linker stubs
 *(.eh_frame)
 .eh_frame      0x0800c120        0x0 C:/ST/STM32CubeIDE_1.10.1/STM32CubeIDE/plugins/com.st.stm32cube.ide.mcu.externaltools.gnu-tools-for-stm32.12.3.rel1.win32_1.0.200.202406191623/tools/bin/../lib/gcc/arm-none-eabi/12.3.1/thumb/v7-m/nofp/crtbegin.o
 *(.init)
 .init          0x0800c120        0x4 C:/ST/STM32CubeIDE_1.10.1/STM32CubeIDE/plugins/com.st.stm32cube.ide.mcu.externaltools.gnu-tools-for-stm32.12.3.rel1.win32_1.0.200.202406191623/tools/bin/../lib/gcc/arm-none-eabi/12.3.1/thumb/v7-m/nofp/crti.o
                0x0800c120                _init
 .init          0x0800c124        0x8 C:/ST/STM32CubeIDE_1.10.1/STM32CubeIDE/plugins/com.st.stm32cube.ide.mcu.externaltools.gnu-tools-for-stm32.12.3.rel1.win32_1.0.200.202406191623/tools/bin/../lib/gcc/arm-none-eabi/12.3.1/thumb/v7-m/nofp/crtn.o
 *(.fini)
 .fini          0x0800c12c        0x4 C:/ST/STM32CubeIDE_1.10.1/STM32CubeIDE/plugins/com.st.stm32cube.ide.mcu.externaltools.gnu-tools-for-stm32.12.3.rel1.win32_1.0.200.202406191623/tools/bin/../lib/gcc/arm-none-eabi/12.3.1/thumb/v7-m/nofp/crti.o
                0x0800c12c                _fini
 .fini          0x0800c130        0x8 C:/ST/STM32CubeIDE_1.10.1/STM32CubeIDE/plugins/com.st.stm32cube.ide.mcu.externaltools.gnu-tools-for-stm32.12.3.rel1.win32_1.0.200.202406191623/tools/bin/../lib/gcc/arm-none-eabi/12.3.1/thumb/v7-m/nofp/crtn.o
                0x0800c138                        . = ALIGN (0x4)
                0x0800c138                        _etext = .

.vfp11_veneer   0x0800c138        0x0
 .vfp11_veneer  0x0800c138        0x0 linker stubs

.v4_bx          0x0800c138        0x0
 .v4_bx         0x0800c138        0x0 linker stubs

.iplt           0x0800c138        0x0
 .iplt          0x0800c138        0x0 C:/ST/STM32CubeIDE_1.10.1/STM32CubeIDE/plugins/com.st.stm32cube.ide.mcu.externaltools.gnu-tools-for-stm32.12.3.rel1.win32_1.0.200.202406191623/tools/bin/../lib/gcc/arm-none-eabi/12.3.1/thumb/v7-m/nofp/crtbegin.o

.rodata         0x0800c138      0x398
                0x0800c138                        . = ALIGN (0x4)
 *(.rodata)
 .rodata        0x0800c138       0x46 ./USB_DEVICE/App/usbd_desc.o
 *(.rodata*)
 *fill*         0x0800c17e        0x2 
 .rodata.NTC_TABLE
                0x0800c180      0x110 ./App/Measurement/Measurement.o
                0x0800c180                NTC_TABLE
 .rodata.auchCRCHi
                0x0800c290      0x100 ./App/ModbusRTU/CRC16.o
                0x0800c290                auchCRCHi
 .rodata.auchCRCLo
                0x0800c390      0x100 ./App/ModbusRTU/CRC16.o
                0x0800c390                auchCRCLo
 .rodata.AHBPrescTable
                0x0800c490       0x10 ./Core/Src/system_stm32f1xx.o
                0x0800c490                AHBPrescTable
 .rodata.APBPrescTable
                0x0800c4a0        0x8 ./Core/Src/system_stm32f1xx.o
                0x0800c4a0                APBPrescTable
 .rodata.aPLLMULFactorTable.1
                0x0800c4a8       0x10 ./Drivers/STM32F1xx_HAL_Driver/Src/stm32f1xx_hal_rcc.o
 .rodata.aPredivFactorTable.0
                0x0800c4b8        0x2 ./Drivers/STM32F1xx_HAL_Driver/Src/stm32f1xx_hal_rcc.o
 *fill*         0x0800c4ba        0x2 
 .rodata.aPLLMULFactorTable.1
                0x0800c4bc       0x10 ./Drivers/STM32F1xx_HAL_Driver/Src/stm32f1xx_hal_rcc_ex.o
 .rodata.aPredivFactorTable.0
                0x0800c4cc        0x2 ./Drivers/STM32F1xx_HAL_Driver/Src/stm32f1xx_hal_rcc_ex.o
                0x0800c4d0                        . = ALIGN (0x4)
 *fill*         0x0800c4ce        0x2 

.rel.dyn        0x0800c4d0        0x0
 .rel.iplt      0x0800c4d0        0x0 C:/ST/STM32CubeIDE_1.10.1/STM32CubeIDE/plugins/com.st.stm32cube.ide.mcu.externaltools.gnu-tools-for-stm32.12.3.rel1.win32_1.0.200.202406191623/tools/bin/../lib/gcc/arm-none-eabi/12.3.1/thumb/v7-m/nofp/crtbegin.o

.ARM.extab      0x0800c4d0        0x0
                0x0800c4d0                        . = ALIGN (0x4)
 *(.ARM.extab* .gnu.linkonce.armextab.*)
                0x0800c4d0                        . = ALIGN (0x4)

.ARM            0x0800c4d0        0x0
                0x0800c4d0                        . = ALIGN (0x4)
                0x0800c4d0                        __exidx_start = .
 *(.ARM.exidx*)
                0x0800c4d0                        __exidx_end = .
                0x0800c4d0                        . = ALIGN (0x4)

.preinit_array  0x0800c4d0        0x0
                0x0800c4d0                        . = ALIGN (0x4)
                0x0800c4d0                        PROVIDE (__preinit_array_start = .)
 *(.preinit_array*)
                0x0800c4d0                        PROVIDE (__preinit_array_end = .)
                0x0800c4d0                        . = ALIGN (0x4)

.init_array     0x0800c4d0        0x4
                0x0800c4d0                        . = ALIGN (0x4)
                0x0800c4d0                        PROVIDE (__init_array_start = .)
 *(SORT_BY_NAME(.init_array.*))
 *(.init_array*)
 .init_array    0x0800c4d0        0x4 C:/ST/STM32CubeIDE_1.10.1/STM32CubeIDE/plugins/com.st.stm32cube.ide.mcu.externaltools.gnu-tools-for-stm32.12.3.rel1.win32_1.0.200.202406191623/tools/bin/../lib/gcc/arm-none-eabi/12.3.1/thumb/v7-m/nofp/crtbegin.o
                0x0800c4d4                        PROVIDE (__init_array_end = .)
                0x0800c4d4                        . = ALIGN (0x4)

.fini_array     0x0800c4d4        0x4
                0x0800c4d4                        . = ALIGN (0x4)
                [!provide]                        PROVIDE (__fini_array_start = .)
 *(SORT_BY_NAME(.fini_array.*))
 *(.fini_array*)
 .fini_array    0x0800c4d4        0x4 C:/ST/STM32CubeIDE_1.10.1/STM32CubeIDE/plugins/com.st.stm32cube.ide.mcu.externaltools.gnu-tools-for-stm32.12.3.rel1.win32_1.0.200.202406191623/tools/bin/../lib/gcc/arm-none-eabi/12.3.1/thumb/v7-m/nofp/crtbegin.o
                [!provide]                        PROVIDE (__fini_array_end = .)
                0x0800c4d8                        . = ALIGN (0x4)
                0x0800c4d8                        _sidata = LOADADDR (.data)

.data           0x20000000      0x1cc load address 0x0800c4d8
                0x20000000                        . = ALIGN (0x4)
                0x20000000                        _sdata = .
 *(.data)
 *(.data*)
 .data.SystemCoreClock
                0x20000000        0x4 ./Core/Src/system_stm32f1xx.o
                0x20000000                SystemCoreClock
 .data.uwTickPrio
                0x20000004        0x4 ./Drivers/STM32F1xx_HAL_Driver/Src/stm32f1xx_hal.o
                0x20000004                uwTickPrio
 .data.uwTickFreq
                0x20000008        0x1 ./Drivers/STM32F1xx_HAL_Driver/Src/stm32f1xx_hal.o
                0x20000008                uwTickFreq
 *fill*         0x20000009        0x3 
 .data.USBD_CDC_DeviceQualifierDesc
                0x2000000c        0xa ./Middlewares/ST/STM32_USB_Device_Library/Class/CDC/Src/usbd_cdc.o
 *fill*         0x20000016        0x2 
 .data.USBD_CDC
                0x20000018       0x38 ./Middlewares/ST/STM32_USB_Device_Library/Class/CDC/Src/usbd_cdc.o
                0x20000018                USBD_CDC
 .data.USBD_CDC_CfgHSDesc
                0x20000050       0x43 ./Middlewares/ST/STM32_USB_Device_Library/Class/CDC/Src/usbd_cdc.o
                0x20000050                USBD_CDC_CfgHSDesc
 *fill*         0x20000093        0x1 
 .data.USBD_CDC_CfgFSDesc
                0x20000094       0x43 ./Middlewares/ST/STM32_USB_Device_Library/Class/CDC/Src/usbd_cdc.o
                0x20000094                USBD_CDC_CfgFSDesc
 *fill*         0x200000d7        0x1 
 .data.USBD_CDC_OtherSpeedCfgDesc
                0x200000d8       0x43 ./Middlewares/ST/STM32_USB_Device_Library/Class/CDC/Src/usbd_cdc.o
                0x200000d8                USBD_CDC_OtherSpeedCfgDesc
 *fill*         0x2000011b        0x1 
 .data.USBD_Interface_fops_FS
                0x2000011c       0x10 ./USB_DEVICE/App/usbd_cdc_if.o
                0x2000011c                USBD_Interface_fops_FS
 .data.FS_Desc  0x2000012c       0x1c ./USB_DEVICE/App/usbd_desc.o
                0x2000012c                FS_Desc
 .data.USBD_FS_DeviceDesc
                0x20000148       0x12 ./USB_DEVICE/App/usbd_desc.o
                0x20000148                USBD_FS_DeviceDesc
 *fill*         0x2000015a        0x2 
 .data.USBD_LangIDDesc
                0x2000015c        0x4 ./USB_DEVICE/App/usbd_desc.o
                0x2000015c                USBD_LangIDDesc
 .data.USBD_StringSerial
                0x20000160       0x1a ./USB_DEVICE/App/usbd_desc.o
                0x20000160                USBD_StringSerial
 *fill*         0x2000017a        0x2 
 .data._impure_ptr
                0x2000017c        0x4 C:/ST/STM32CubeIDE_1.10.1/STM32CubeIDE/plugins/com.st.stm32cube.ide.mcu.externaltools.gnu-tools-for-stm32.12.3.rel1.win32_1.0.200.202406191623/tools/bin/../lib/gcc/arm-none-eabi/12.3.1/../../../../arm-none-eabi/lib/thumb/v7-m/nofp\libc_nano.a(libc_a-impure.o)
                0x2000017c                _impure_ptr
 .data._impure_data
                0x20000180       0x4c C:/ST/STM32CubeIDE_1.10.1/STM32CubeIDE/plugins/com.st.stm32cube.ide.mcu.externaltools.gnu-tools-for-stm32.12.3.rel1.win32_1.0.200.202406191623/tools/bin/../lib/gcc/arm-none-eabi/12.3.1/../../../../arm-none-eabi/lib/thumb/v7-m/nofp\libc_nano.a(libc_a-impure.o)
                0x20000180                _impure_data
 *(.RamFunc)
 *(.RamFunc*)
                0x200001cc                        . = ALIGN (0x4)
                0x200001cc                        _edata = .

.igot.plt       0x200001cc        0x0 load address 0x0800c6a4
 .igot.plt      0x200001cc        0x0 C:/ST/STM32CubeIDE_1.10.1/STM32CubeIDE/plugins/com.st.stm32cube.ide.mcu.externaltools.gnu-tools-for-stm32.12.3.rel1.win32_1.0.200.202406191623/tools/bin/../lib/gcc/arm-none-eabi/12.3.1/thumb/v7-m/nofp/crtbegin.o
                0x200001cc                        . = ALIGN (0x4)

.bss            0x200001cc     0x1228 load address 0x0800c6a4
                0x200001cc                        _sbss = .
                0x200001cc                        __bss_start__ = _sbss
 *(.bss)
 .bss           0x200001cc       0x1c C:/ST/STM32CubeIDE_1.10.1/STM32CubeIDE/plugins/com.st.stm32cube.ide.mcu.externaltools.gnu-tools-for-stm32.12.3.rel1.win32_1.0.200.202406191623/tools/bin/../lib/gcc/arm-none-eabi/12.3.1/thumb/v7-m/nofp/crtbegin.o
 *(.bss*)
 .bss.systemParameter
                0x200001e8       0x5c ./App/Common/Utinity.o
                0x200001e8                systemParameter
 .bss.IOpin     0x20000244       0x30 ./App/Common/Utinity.o
                0x20000244                IOpin
 .bss.preStage.2
                0x20000274        0x1 ./App/Common/Utinity.o
 .bss.ledTick.1
                0x20000275        0x1 ./App/Common/Utinity.o
 .bss.preStageWDT.0
                0x20000276        0x1 ./App/Common/Utinity.o
 *fill*         0x20000277        0x1 
 .bss.usbBuf    0x20000278        0x4 ./App/Communicate/Communication.o
                0x20000278                usbBuf
 .bss.requestLen.4
                0x2000027c        0x2 ./App/Communicate/Communication.o
 *fill*         0x2000027e        0x2 
 .bss.modbusRequest.3
                0x20000280      0x100 ./App/Communicate/Communication.o
 .bss.idleTime.2
                0x20000380        0x2 ./App/Communicate/Communication.o
 *fill*         0x20000382        0x2 
 .bss.modbusResponse.1
                0x20000384      0x100 ./App/Communicate/Communication.o
 .bss.responseLen.0
                0x20000484        0x2 ./App/Communicate/Communication.o
 *fill*         0x20000486        0x2 
 .bss.ADC1_value
                0x20000488        0xc ./App/Measurement/Measurement.o
                0x20000488                ADC1_value
 .bss.ADC_average
                0x20000494        0xc ./App/Measurement/Measurement.o
                0x20000494                ADC_average
 .bss.w25qxx    0x200004a0       0x28 ./App/Memory/W25Q_Memory.o
                0x200004a0                w25qxx
 .bss.CoilIndex.0
                0x200004c8        0x3 ./App/ModbusRTU/ModbusData.o
 *fill*         0x200004cb        0x1 
 .bss.Modbus_Data
                0x200004cc       0x1a ./App/ModbusRTU/modbus_RTU.o
                0x200004cc                Modbus_Data
 *fill*         0x200004e6        0x2 
 .bss.hadc1     0x200004e8       0x30 ./Core/Src/adc.o
                0x200004e8                hadc1
 .bss.hdma_adc1
                0x20000518       0x44 ./Core/Src/adc.o
                0x20000518                hdma_adc1
 .bss.hiwdg     0x2000055c        0xc ./Core/Src/iwdg.o
                0x2000055c                hiwdg
 .bss.currentTick.4
                0x20000568        0x4 ./Core/Src/main.o
 .bss.ADC_last_tick.3
                0x2000056c        0x4 ./Core/Src/main.o
 .bss.Modbus_last_tick.2
                0x20000570        0x4 ./Core/Src/main.o
 .bss.LED_last_tick.1
                0x20000574        0x4 ./Core/Src/main.o
 .bss.WDT_last_tick.0
                0x20000578        0x4 ./Core/Src/main.o
 .bss.hspi1     0x2000057c       0x58 ./Core/Src/spi.o
                0x2000057c                hspi1
 .bss.__sbrk_heap_end
                0x200005d4        0x4 ./Core/Src/sysmem.o
 .bss.htim2     0x200005d8       0x48 ./Core/Src/tim.o
                0x200005d8                htim2
 .bss.huart1    0x20000620       0x48 ./Core/Src/usart.o
                0x20000620                huart1
 .bss.uwTick    0x20000668        0x4 ./Drivers/STM32F1xx_HAL_Driver/Src/stm32f1xx_hal.o
                0x20000668                uwTick
 .bss.cfgidx.0  0x2000066c        0x1 ./Middlewares/ST/STM32_USB_Device_Library/Core/Src/usbd_ctlreq.o
 *fill*         0x2000066d        0x3 
 .bss.hUsbDeviceFS
                0x20000670      0x2c4 ./USB_DEVICE/App/usb_device.o
                0x20000670                hUsbDeviceFS
 .bss.UserRxBufferFS
                0x20000934       0x80 ./USB_DEVICE/App/usbd_cdc_if.o
                0x20000934                UserRxBufferFS
 .bss.UserTxBufferFS
                0x200009b4      0x200 ./USB_DEVICE/App/usbd_cdc_if.o
                0x200009b4                UserTxBufferFS
 .bss.USBD_StrDesc
                0x20000bb4      0x200 ./USB_DEVICE/App/usbd_desc.o
                0x20000bb4                USBD_StrDesc
 .bss.hpcd_USB_FS
                0x20000db4      0x2d8 ./USB_DEVICE/Target/usbd_conf.o
                0x20000db4                hpcd_USB_FS
 .bss.mem.0     0x2000108c      0x220 ./USB_DEVICE/Target/usbd_conf.o
 .bss.__malloc_sbrk_start
                0x200012ac        0x4 C:/ST/STM32CubeIDE_1.10.1/STM32CubeIDE/plugins/com.st.stm32cube.ide.mcu.externaltools.gnu-tools-for-stm32.12.3.rel1.win32_1.0.200.202406191623/tools/bin/../lib/gcc/arm-none-eabi/12.3.1/../../../../arm-none-eabi/lib/thumb/v7-m/nofp\libc_nano.a(libc_a-mallocr.o)
                0x200012ac                __malloc_sbrk_start
 .bss.__malloc_free_list
                0x200012b0        0x4 C:/ST/STM32CubeIDE_1.10.1/STM32CubeIDE/plugins/com.st.stm32cube.ide.mcu.externaltools.gnu-tools-for-stm32.12.3.rel1.win32_1.0.200.202406191623/tools/bin/../lib/gcc/arm-none-eabi/12.3.1/../../../../arm-none-eabi/lib/thumb/v7-m/nofp\libc_nano.a(libc_a-mallocr.o)
                0x200012b0                __malloc_free_list
 .bss.__sf      0x200012b4      0x138 C:/ST/STM32CubeIDE_1.10.1/STM32CubeIDE/plugins/com.st.stm32cube.ide.mcu.externaltools.gnu-tools-for-stm32.12.3.rel1.win32_1.0.200.202406191623/tools/bin/../lib/gcc/arm-none-eabi/12.3.1/../../../../arm-none-eabi/lib/thumb/v7-m/nofp\libc_nano.a(libc_a-findfp.o)
                0x200012b4                __sf
 .bss.errno     0x200013ec        0x4 C:/ST/STM32CubeIDE_1.10.1/STM32CubeIDE/plugins/com.st.stm32cube.ide.mcu.externaltools.gnu-tools-for-stm32.12.3.rel1.win32_1.0.200.202406191623/tools/bin/../lib/gcc/arm-none-eabi/12.3.1/../../../../arm-none-eabi/lib/thumb/v7-m/nofp\libc_nano.a(libc_a-reent.o)
                0x200013ec                errno
 .bss.__lock___malloc_recursive_mutex
                0x200013f0        0x1 C:/ST/STM32CubeIDE_1.10.1/STM32CubeIDE/plugins/com.st.stm32cube.ide.mcu.externaltools.gnu-tools-for-stm32.12.3.rel1.win32_1.0.200.202406191623/tools/bin/../lib/gcc/arm-none-eabi/12.3.1/../../../../arm-none-eabi/lib/thumb/v7-m/nofp\libc_nano.a(libc_a-lock.o)
                0x200013f0                __lock___malloc_recursive_mutex
 *(COMMON)
                0x200013f4                        . = ALIGN (0x4)
 *fill*         0x200013f1        0x3 
                0x200013f4                        _ebss = .
                0x200013f4                        __bss_end__ = _ebss

._user_heap_stack
                0x200013f4      0x604 load address 0x0800c6a4
                0x200013f8                        . = ALIGN (0x8)
 *fill*         0x200013f4        0x4 
                [!provide]                        PROVIDE (end = .)
                0x200013f8                        PROVIDE (_end = .)
                0x200015f8                        . = (. + _Min_Heap_Size)
 *fill*         0x200013f8      0x200 
                0x200019f8                        . = (. + _Min_Stack_Size)
 *fill*         0x200015f8      0x400 
                0x200019f8                        . = ALIGN (0x8)

/DISCARD/
 libc.a(*)
 libm.a(*)
 libgcc.a(*)

.ARM.attributes
                0x00000000       0x29
 *(.ARM.attributes)
 .ARM.attributes
                0x00000000       0x1d C:/ST/STM32CubeIDE_1.10.1/STM32CubeIDE/plugins/com.st.stm32cube.ide.mcu.externaltools.gnu-tools-for-stm32.12.3.rel1.win32_1.0.200.202406191623/tools/bin/../lib/gcc/arm-none-eabi/12.3.1/thumb/v7-m/nofp/crti.o
 .ARM.attributes
                0x0000001d       0x2d C:/ST/STM32CubeIDE_1.10.1/STM32CubeIDE/plugins/com.st.stm32cube.ide.mcu.externaltools.gnu-tools-for-stm32.12.3.rel1.win32_1.0.200.202406191623/tools/bin/../lib/gcc/arm-none-eabi/12.3.1/thumb/v7-m/nofp/crtbegin.o
 .ARM.attributes
                0x0000004a       0x2d ./App/Common/Utinity.o
 .ARM.attributes
                0x00000077       0x2d ./App/Common/average_filter.o
 .ARM.attributes
                0x000000a4       0x2d ./App/Common/data_curve_linearization.o
 .ARM.attributes
                0x000000d1       0x2d ./App/Common/ringBuffer.o
 .ARM.attributes
                0x000000fe       0x2d ./App/Communicate/Communication.o
 .ARM.attributes
                0x0000012b       0x2d ./App/Measurement/Measurement.o
 .ARM.attributes
                0x00000158       0x2d ./App/Memory/W25Q_Memory.o
 .ARM.attributes
                0x00000185       0x2d ./App/ModbusRTU/CRC16.o
 .ARM.attributes
                0x000001b2       0x2d ./App/ModbusRTU/ModbusData.o
 .ARM.attributes
                0x000001df       0x2d ./App/ModbusRTU/modbus_RTU.o
 .ARM.attributes
                0x0000020c       0x2d ./Core/Src/adc.o
 .ARM.attributes
                0x00000239       0x2d ./Core/Src/dma.o
 .ARM.attributes
                0x00000266       0x2d ./Core/Src/gpio.o
 .ARM.attributes
                0x00000293       0x2d ./Core/Src/iwdg.o
 .ARM.attributes
                0x000002c0       0x2d ./Core/Src/main.o
 .ARM.attributes
                0x000002ed       0x2d ./Core/Src/spi.o
 .ARM.attributes
                0x0000031a       0x2d ./Core/Src/stm32f1xx_hal_msp.o
 .ARM.attributes
                0x00000347       0x2d ./Core/Src/stm32f1xx_it.o
 .ARM.attributes
                0x00000374       0x2d ./Core/Src/sysmem.o
 .ARM.attributes
                0x000003a1       0x2d ./Core/Src/system_stm32f1xx.o
 .ARM.attributes
                0x000003ce       0x2d ./Core/Src/tim.o
 .ARM.attributes
                0x000003fb       0x2d ./Core/Src/usart.o
 .ARM.attributes
                0x00000428       0x21 ./Core/Startup/startup_stm32f103c8tx.o
 .ARM.attributes
                0x00000449       0x2d ./Drivers/STM32F1xx_HAL_Driver/Src/stm32f1xx_hal.o
 .ARM.attributes
                0x00000476       0x2d ./Drivers/STM32F1xx_HAL_Driver/Src/stm32f1xx_hal_adc.o
 .ARM.attributes
                0x000004a3       0x2d ./Drivers/STM32F1xx_HAL_Driver/Src/stm32f1xx_hal_adc_ex.o
 .ARM.attributes
                0x000004d0       0x2d ./Drivers/STM32F1xx_HAL_Driver/Src/stm32f1xx_hal_cortex.o
 .ARM.attributes
                0x000004fd       0x2d ./Drivers/STM32F1xx_HAL_Driver/Src/stm32f1xx_hal_dma.o
 .ARM.attributes
                0x0000052a       0x2d ./Drivers/STM32F1xx_HAL_Driver/Src/stm32f1xx_hal_gpio.o
 .ARM.attributes
                0x00000557       0x2d ./Drivers/STM32F1xx_HAL_Driver/Src/stm32f1xx_hal_iwdg.o
 .ARM.attributes
                0x00000584       0x2d ./Drivers/STM32F1xx_HAL_Driver/Src/stm32f1xx_hal_pcd.o
 .ARM.attributes
                0x000005b1       0x2d ./Drivers/STM32F1xx_HAL_Driver/Src/stm32f1xx_hal_pcd_ex.o
 .ARM.attributes
                0x000005de       0x2d ./Drivers/STM32F1xx_HAL_Driver/Src/stm32f1xx_hal_rcc.o
 .ARM.attributes
                0x0000060b       0x2d ./Drivers/STM32F1xx_HAL_Driver/Src/stm32f1xx_hal_rcc_ex.o
 .ARM.attributes
                0x00000638       0x2d ./Drivers/STM32F1xx_HAL_Driver/Src/stm32f1xx_hal_spi.o
 .ARM.attributes
                0x00000665       0x2d ./Drivers/STM32F1xx_HAL_Driver/Src/stm32f1xx_hal_tim.o
 .ARM.attributes
                0x00000692       0x2d ./Drivers/STM32F1xx_HAL_Driver/Src/stm32f1xx_hal_tim_ex.o
 .ARM.attributes
                0x000006bf       0x2d ./Drivers/STM32F1xx_HAL_Driver/Src/stm32f1xx_hal_uart.o
 .ARM.attributes
                0x000006ec       0x2d ./Drivers/STM32F1xx_HAL_Driver/Src/stm32f1xx_ll_usb.o
 .ARM.attributes
                0x00000719       0x2d ./Middlewares/ST/STM32_USB_Device_Library/Class/CDC/Src/usbd_cdc.o
 .ARM.attributes
                0x00000746       0x2d ./Middlewares/ST/STM32_USB_Device_Library/Core/Src/usbd_core.o
 .ARM.attributes
                0x00000773       0x2d ./Middlewares/ST/STM32_USB_Device_Library/Core/Src/usbd_ctlreq.o
 .ARM.attributes
                0x000007a0       0x2d ./Middlewares/ST/STM32_USB_Device_Library/Core/Src/usbd_ioreq.o
 .ARM.attributes
                0x000007cd       0x2d ./USB_DEVICE/App/usb_device.o
 .ARM.attributes
                0x000007fa       0x2d ./USB_DEVICE/App/usbd_cdc_if.o
 .ARM.attributes
                0x00000827       0x2d ./USB_DEVICE/App/usbd_desc.o
 .ARM.attributes
                0x00000854       0x2d ./USB_DEVICE/Target/usbd_conf.o
 .ARM.attributes
                0x00000881       0x2d C:/ST/STM32CubeIDE_1.10.1/STM32CubeIDE/plugins/com.st.stm32cube.ide.mcu.externaltools.gnu-tools-for-stm32.12.3.rel1.win32_1.0.200.202406191623/tools/bin/../lib/gcc/arm-none-eabi/12.3.1/../../../../arm-none-eabi/lib/thumb/v7-m/nofp\libc_nano.a(libc_a-malloc.o)
 .ARM.attributes
                0x000008ae       0x2d C:/ST/STM32CubeIDE_1.10.1/STM32CubeIDE/plugins/com.st.stm32cube.ide.mcu.externaltools.gnu-tools-for-stm32.12.3.rel1.win32_1.0.200.202406191623/tools/bin/../lib/gcc/arm-none-eabi/12.3.1/../../../../arm-none-eabi/lib/thumb/v7-m/nofp\libc_nano.a(libc_a-mallocr.o)
 .ARM.attributes
                0x000008db       0x2d C:/ST/STM32CubeIDE_1.10.1/STM32CubeIDE/plugins/com.st.stm32cube.ide.mcu.externaltools.gnu-tools-for-stm32.12.3.rel1.win32_1.0.200.202406191623/tools/bin/../lib/gcc/arm-none-eabi/12.3.1/../../../../arm-none-eabi/lib/thumb/v7-m/nofp\libc_nano.a(libc_a-mlock.o)
 .ARM.attributes
                0x00000908       0x2d C:/ST/STM32CubeIDE_1.10.1/STM32CubeIDE/plugins/com.st.stm32cube.ide.mcu.externaltools.gnu-tools-for-stm32.12.3.rel1.win32_1.0.200.202406191623/tools/bin/../lib/gcc/arm-none-eabi/12.3.1/../../../../arm-none-eabi/lib/thumb/v7-m/nofp\libc_nano.a(libc_a-findfp.o)
 .ARM.attributes
                0x00000935       0x2d C:/ST/STM32CubeIDE_1.10.1/STM32CubeIDE/plugins/com.st.stm32cube.ide.mcu.externaltools.gnu-tools-for-stm32.12.3.rel1.win32_1.0.200.202406191623/tools/bin/../lib/gcc/arm-none-eabi/12.3.1/../../../../arm-none-eabi/lib/thumb/v7-m/nofp\libc_nano.a(libc_a-memset.o)
 .ARM.attributes
                0x00000962       0x2d C:/ST/STM32CubeIDE_1.10.1/STM32CubeIDE/plugins/com.st.stm32cube.ide.mcu.externaltools.gnu-tools-for-stm32.12.3.rel1.win32_1.0.200.202406191623/tools/bin/../lib/gcc/arm-none-eabi/12.3.1/../../../../arm-none-eabi/lib/thumb/v7-m/nofp\libc_nano.a(libc_a-reent.o)
 .ARM.attributes
                0x0000098f       0x2d C:/ST/STM32CubeIDE_1.10.1/STM32CubeIDE/plugins/com.st.stm32cube.ide.mcu.externaltools.gnu-tools-for-stm32.12.3.rel1.win32_1.0.200.202406191623/tools/bin/../lib/gcc/arm-none-eabi/12.3.1/../../../../arm-none-eabi/lib/thumb/v7-m/nofp\libc_nano.a(libc_a-impure.o)
 .ARM.attributes
                0x000009bc       0x2d C:/ST/STM32CubeIDE_1.10.1/STM32CubeIDE/plugins/com.st.stm32cube.ide.mcu.externaltools.gnu-tools-for-stm32.12.3.rel1.win32_1.0.200.202406191623/tools/bin/../lib/gcc/arm-none-eabi/12.3.1/../../../../arm-none-eabi/lib/thumb/v7-m/nofp\libc_nano.a(libc_a-sbrkr.o)
 .ARM.attributes
                0x000009e9       0x2d C:/ST/STM32CubeIDE_1.10.1/STM32CubeIDE/plugins/com.st.stm32cube.ide.mcu.externaltools.gnu-tools-for-stm32.12.3.rel1.win32_1.0.200.202406191623/tools/bin/../lib/gcc/arm-none-eabi/12.3.1/../../../../arm-none-eabi/lib/thumb/v7-m/nofp\libc_nano.a(libc_a-errno.o)
 .ARM.attributes
                0x00000a16       0x2d C:/ST/STM32CubeIDE_1.10.1/STM32CubeIDE/plugins/com.st.stm32cube.ide.mcu.externaltools.gnu-tools-for-stm32.12.3.rel1.win32_1.0.200.202406191623/tools/bin/../lib/gcc/arm-none-eabi/12.3.1/../../../../arm-none-eabi/lib/thumb/v7-m/nofp\libc_nano.a(libc_a-init.o)
 .ARM.attributes
                0x00000a43       0x2d C:/ST/STM32CubeIDE_1.10.1/STM32CubeIDE/plugins/com.st.stm32cube.ide.mcu.externaltools.gnu-tools-for-stm32.12.3.rel1.win32_1.0.200.202406191623/tools/bin/../lib/gcc/arm-none-eabi/12.3.1/../../../../arm-none-eabi/lib/thumb/v7-m/nofp\libc_nano.a(libc_a-lock.o)
 .ARM.attributes
                0x00000a70       0x1d C:/ST/STM32CubeIDE_1.10.1/STM32CubeIDE/plugins/com.st.stm32cube.ide.mcu.externaltools.gnu-tools-for-stm32.12.3.rel1.win32_1.0.200.202406191623/tools/bin/../lib/gcc/arm-none-eabi/12.3.1/thumb/v7-m/nofp\libgcc.a(_arm_addsubdf3.o)
 .ARM.attributes
                0x00000a8d       0x1d C:/ST/STM32CubeIDE_1.10.1/STM32CubeIDE/plugins/com.st.stm32cube.ide.mcu.externaltools.gnu-tools-for-stm32.12.3.rel1.win32_1.0.200.202406191623/tools/bin/../lib/gcc/arm-none-eabi/12.3.1/thumb/v7-m/nofp\libgcc.a(_arm_truncdfsf2.o)
 .ARM.attributes
                0x00000aaa       0x1d C:/ST/STM32CubeIDE_1.10.1/STM32CubeIDE/plugins/com.st.stm32cube.ide.mcu.externaltools.gnu-tools-for-stm32.12.3.rel1.win32_1.0.200.202406191623/tools/bin/../lib/gcc/arm-none-eabi/12.3.1/thumb/v7-m/nofp\libgcc.a(_arm_addsubsf3.o)
 .ARM.attributes
                0x00000ac7       0x1d C:/ST/STM32CubeIDE_1.10.1/STM32CubeIDE/plugins/com.st.stm32cube.ide.mcu.externaltools.gnu-tools-for-stm32.12.3.rel1.win32_1.0.200.202406191623/tools/bin/../lib/gcc/arm-none-eabi/12.3.1/thumb/v7-m/nofp\libgcc.a(_arm_muldivsf3.o)
 .ARM.attributes
                0x00000ae4       0x1d C:/ST/STM32CubeIDE_1.10.1/STM32CubeIDE/plugins/com.st.stm32cube.ide.mcu.externaltools.gnu-tools-for-stm32.12.3.rel1.win32_1.0.200.202406191623/tools/bin/../lib/gcc/arm-none-eabi/12.3.1/thumb/v7-m/nofp\libgcc.a(_arm_cmpsf2.o)
 .ARM.attributes
                0x00000b01       0x1d C:/ST/STM32CubeIDE_1.10.1/STM32CubeIDE/plugins/com.st.stm32cube.ide.mcu.externaltools.gnu-tools-for-stm32.12.3.rel1.win32_1.0.200.202406191623/tools/bin/../lib/gcc/arm-none-eabi/12.3.1/thumb/v7-m/nofp/crtn.o
OUTPUT(SMART-DCG_v2.0.1.elf elf32-littlearm)
LOAD linker stubs
LOAD C:/ST/STM32CubeIDE_1.10.1/STM32CubeIDE/plugins/com.st.stm32cube.ide.mcu.externaltools.gnu-tools-for-stm32.12.3.rel1.win32_1.0.200.202406191623/tools/bin/../lib/gcc/arm-none-eabi/12.3.1/../../../../arm-none-eabi/lib/thumb/v7-m/nofp\libc.a
LOAD C:/ST/STM32CubeIDE_1.10.1/STM32CubeIDE/plugins/com.st.stm32cube.ide.mcu.externaltools.gnu-tools-for-stm32.12.3.rel1.win32_1.0.200.202406191623/tools/bin/../lib/gcc/arm-none-eabi/12.3.1/../../../../arm-none-eabi/lib/thumb/v7-m/nofp\libm.a
LOAD C:/ST/STM32CubeIDE_1.10.1/STM32CubeIDE/plugins/com.st.stm32cube.ide.mcu.externaltools.gnu-tools-for-stm32.12.3.rel1.win32_1.0.200.202406191623/tools/bin/../lib/gcc/arm-none-eabi/12.3.1/thumb/v7-m/nofp\libgcc.a

.debug_info     0x00000000    0x1d977
 .debug_info    0x00000000      0xb19 ./App/Common/Utinity.o
 .debug_info    0x00000b19      0x226 ./App/Common/average_filter.o
 .debug_info    0x00000d3f       0xbb ./App/Common/data_curve_linearization.o
 .debug_info    0x00000dfa      0x3d8 ./App/Common/ringBuffer.o
 .debug_info    0x000011d2      0x3a1 ./App/Communicate/Communication.o
 .debug_info    0x00001573      0x98e ./App/Measurement/Measurement.o
 .debug_info    0x00001f01      0xfeb ./App/Memory/W25Q_Memory.o
 .debug_info    0x00002eec      0x14f ./App/ModbusRTU/CRC16.o
 .debug_info    0x0000303b      0x4a4 ./App/ModbusRTU/ModbusData.o
 .debug_info    0x000034df      0xd59 ./App/ModbusRTU/modbus_RTU.o
 .debug_info    0x00004238      0x7fc ./Core/Src/adc.o
 .debug_info    0x00004a34      0x2cf ./Core/Src/dma.o
 .debug_info    0x00004d03      0x432 ./Core/Src/gpio.o
 .debug_info    0x00005135      0x1b9 ./Core/Src/iwdg.o
 .debug_info    0x000052ee      0xc85 ./Core/Src/main.o
 .debug_info    0x00005f73      0x7bc ./Core/Src/spi.o
 .debug_info    0x0000672f      0x1f1 ./Core/Src/stm32f1xx_hal_msp.o
 .debug_info    0x00006920      0xbd0 ./Core/Src/stm32f1xx_it.o
 .debug_info    0x000074f0      0x168 ./Core/Src/sysmem.o
 .debug_info    0x00007658      0x222 ./Core/Src/system_stm32f1xx.o
 .debug_info    0x0000787a      0x9bb ./Core/Src/tim.o
 .debug_info    0x00008235      0x7f1 ./Core/Src/usart.o
 .debug_info    0x00008a26       0x30 ./Core/Startup/startup_stm32f103c8tx.o
 .debug_info    0x00008a56      0x704 ./Drivers/STM32F1xx_HAL_Driver/Src/stm32f1xx_hal.o
 .debug_info    0x0000915a      0xc50 ./Drivers/STM32F1xx_HAL_Driver/Src/stm32f1xx_hal_adc.o
 .debug_info    0x00009daa      0xa10 ./Drivers/STM32F1xx_HAL_Driver/Src/stm32f1xx_hal_adc_ex.o
 .debug_info    0x0000a7ba      0xa87 ./Drivers/STM32F1xx_HAL_Driver/Src/stm32f1xx_hal_cortex.o
 .debug_info    0x0000b241      0x6d2 ./Drivers/STM32F1xx_HAL_Driver/Src/stm32f1xx_hal_dma.o
 .debug_info    0x0000b913      0x5ab ./Drivers/STM32F1xx_HAL_Driver/Src/stm32f1xx_hal_gpio.o
 .debug_info    0x0000bebe      0x1d9 ./Drivers/STM32F1xx_HAL_Driver/Src/stm32f1xx_hal_iwdg.o
 .debug_info    0x0000c097     0x16dc ./Drivers/STM32F1xx_HAL_Driver/Src/stm32f1xx_hal_pcd.o
 .debug_info    0x0000d773      0x6c3 ./Drivers/STM32F1xx_HAL_Driver/Src/stm32f1xx_hal_pcd_ex.o
 .debug_info    0x0000de36      0x7d5 ./Drivers/STM32F1xx_HAL_Driver/Src/stm32f1xx_hal_rcc.o
 .debug_info    0x0000e60b      0x3c0 ./Drivers/STM32F1xx_HAL_Driver/Src/stm32f1xx_hal_rcc_ex.o
 .debug_info    0x0000e9cb     0x142d ./Drivers/STM32F1xx_HAL_Driver/Src/stm32f1xx_hal_spi.o
 .debug_info    0x0000fdf8     0x2959 ./Drivers/STM32F1xx_HAL_Driver/Src/stm32f1xx_hal_tim.o
 .debug_info    0x00012751     0x149b ./Drivers/STM32F1xx_HAL_Driver/Src/stm32f1xx_hal_tim_ex.o
 .debug_info    0x00013bec     0x2fd0 ./Drivers/STM32F1xx_HAL_Driver/Src/stm32f1xx_hal_uart.o
 .debug_info    0x00016bbc     0x17ae ./Drivers/STM32F1xx_HAL_Driver/Src/stm32f1xx_ll_usb.o
 .debug_info    0x0001836a     0x1043 ./Middlewares/ST/STM32_USB_Device_Library/Class/CDC/Src/usbd_cdc.o
 .debug_info    0x000193ad      0xa52 ./Middlewares/ST/STM32_USB_Device_Library/Core/Src/usbd_core.o
 .debug_info    0x00019dff      0x91c ./Middlewares/ST/STM32_USB_Device_Library/Core/Src/usbd_ctlreq.o
 .debug_info    0x0001a71b      0x6a0 ./Middlewares/ST/STM32_USB_Device_Library/Core/Src/usbd_ioreq.o
 .debug_info    0x0001adbb      0x63d ./USB_DEVICE/App/usb_device.o
 .debug_info    0x0001b3f8      0x8d1 ./USB_DEVICE/App/usbd_cdc_if.o
 .debug_info    0x0001bcc9      0x44a ./USB_DEVICE/App/usbd_desc.o
 .debug_info    0x0001c113     0x1864 ./USB_DEVICE/Target/usbd_conf.o

.debug_abbrev   0x00000000     0x5ae7
 .debug_abbrev  0x00000000      0x29f ./App/Common/Utinity.o
 .debug_abbrev  0x0000029f      0x13a ./App/Common/average_filter.o
 .debug_abbrev  0x000003d9       0xae ./App/Common/data_curve_linearization.o
 .debug_abbrev  0x00000487      0x1af ./App/Common/ringBuffer.o
 .debug_abbrev  0x00000636      0x1cd ./App/Communicate/Communication.o
 .debug_abbrev  0x00000803      0x248 ./App/Measurement/Measurement.o
 .debug_abbrev  0x00000a4b      0x30c ./App/Memory/W25Q_Memory.o
 .debug_abbrev  0x00000d57       0xc4 ./App/ModbusRTU/CRC16.o
 .debug_abbrev  0x00000e1b      0x1a5 ./App/ModbusRTU/ModbusData.o
 .debug_abbrev  0x00000fc0      0x2a2 ./App/ModbusRTU/modbus_RTU.o
 .debug_abbrev  0x00001262      0x1f2 ./Core/Src/adc.o
 .debug_abbrev  0x00001454       0xfc ./Core/Src/dma.o
 .debug_abbrev  0x00001550      0x161 ./Core/Src/gpio.o
 .debug_abbrev  0x000016b1      0x128 ./Core/Src/iwdg.o
 .debug_abbrev  0x000017d9      0x2a8 ./Core/Src/main.o
 .debug_abbrev  0x00001a81      0x1e7 ./Core/Src/spi.o
 .debug_abbrev  0x00001c68       0xdb ./Core/Src/stm32f1xx_hal_msp.o
 .debug_abbrev  0x00001d43      0x1ee ./Core/Src/stm32f1xx_it.o
 .debug_abbrev  0x00001f31       0xbc ./Core/Src/sysmem.o
 .debug_abbrev  0x00001fed      0x13f ./Core/Src/system_stm32f1xx.o
 .debug_abbrev  0x0000212c      0x20e ./Core/Src/tim.o
 .debug_abbrev  0x0000233a      0x1e5 ./Core/Src/usart.o
 .debug_abbrev  0x0000251f       0x24 ./Core/Startup/startup_stm32f103c8tx.o
 .debug_abbrev  0x00002543      0x201 ./Drivers/STM32F1xx_HAL_Driver/Src/stm32f1xx_hal.o
 .debug_abbrev  0x00002744      0x225 ./Drivers/STM32F1xx_HAL_Driver/Src/stm32f1xx_hal_adc.o
 .debug_abbrev  0x00002969      0x249 ./Drivers/STM32F1xx_HAL_Driver/Src/stm32f1xx_hal_adc_ex.o
 .debug_abbrev  0x00002bb2      0x2f8 ./Drivers/STM32F1xx_HAL_Driver/Src/stm32f1xx_hal_cortex.o
 .debug_abbrev  0x00002eaa      0x20b ./Drivers/STM32F1xx_HAL_Driver/Src/stm32f1xx_hal_dma.o